Assuming unrestricted shared filesystem usage.
host: hpcl001
Building DAG of jobs...
Using shell: /usr/bin/bash
Provided cores: 13
Rules claiming more threads will be scaled down.
Job stats:
job             count
------------  -------
all                 1
phenotyping        13
plot_figures        1
total              15

Select jobs to execute...
Failed to solve scheduling problem with ILP solver, falling back to greedy scheduler. You likely have to fix your ILP solver installation. Error message: PULP_CBC_CMD: Not Available (check permissions on cbc)
Execute 13 jobs...
[Mon Oct 27 17:20:56 2025]
localrule phenotyping:
    output: /fs/dss/work/doau0129/hamlet_pheno/1_phenotyping/pca/lab_chl34_left_noflash_PCs.csv, /fs/dss/work/doau0129/hamlet_pheno/1_phenotyping/pca/lab_chl34_left_noflash_var.csv
    log: /fs/dss/work/doau0129/hamlet_pheno/1_phenotyping/pca/logs/lab_chl34_left_noflash.log
    jobid: 11
    reason: Missing output files: /fs/dss/work/doau0129/hamlet_pheno/1_phenotyping/pca/lab_chl34_left_noflash_PCs.csv, /fs/dss/work/doau0129/hamlet_pheno/1_phenotyping/pca/lab_chl34_left_noflash_var.csv
    wildcards: dataset=lab_chl34_left_noflash
    resources: mem_mb=4000, mem_mib=3815, disk_mb=50000, disk_mib=47684, tmpdir=/tmp, time=2:00:00, threads=1
[Mon Oct 27 17:20:56 2025]
localrule phenotyping:
    output: /fs/dss/work/doau0129/hamlet_pheno/1_phenotyping/pca/lab_ind28_left_noflash_PCs.csv, /fs/dss/work/doau0129/hamlet_pheno/1_phenotyping/pca/lab_ind28_left_noflash_var.csv
    log: /fs/dss/work/doau0129/hamlet_pheno/1_phenotyping/pca/logs/lab_ind28_left_noflash.log
    jobid: 13
    reason: Missing output files: /fs/dss/work/doau0129/hamlet_pheno/1_phenotyping/pca/lab_ind28_left_noflash_var.csv, /fs/dss/work/doau0129/hamlet_pheno/1_phenotyping/pca/lab_ind28_left_noflash_PCs.csv
    wildcards: dataset=lab_ind28_left_noflash
    resources: mem_mb=4000, mem_mib=3815, disk_mb=50000, disk_mib=47684, tmpdir=/tmp, time=2:00:00, threads=1
[Mon Oct 27 17:20:56 2025]
localrule phenotyping:
    output: /fs/dss/work/doau0129/hamlet_pheno/1_phenotyping/pca/lab_uvi136_left_noflash_PCs.csv, /fs/dss/work/doau0129/hamlet_pheno/1_phenotyping/pca/lab_uvi136_left_noflash_var.csv
    log: /fs/dss/work/doau0129/hamlet_pheno/1_phenotyping/pca/logs/lab_uvi136_left_noflash.log
    jobid: 2
    reason: Missing output files: /fs/dss/work/doau0129/hamlet_pheno/1_phenotyping/pca/lab_uvi136_left_noflash_var.csv, /fs/dss/work/doau0129/hamlet_pheno/1_phenotyping/pca/lab_uvi136_left_noflash_PCs.csv
    wildcards: dataset=lab_uvi136_left_noflash
    resources: mem_mb=4000, mem_mib=3815, disk_mb=50000, disk_mib=47684, tmpdir=/tmp, time=2:00:00, threads=1
[Mon Oct 27 17:20:56 2025]
localrule phenotyping:
    output: /fs/dss/work/doau0129/hamlet_pheno/1_phenotyping/pca/lab_ver60_left_noflash_PCs.csv, /fs/dss/work/doau0129/hamlet_pheno/1_phenotyping/pca/lab_ver60_left_noflash_var.csv
    log: /fs/dss/work/doau0129/hamlet_pheno/1_phenotyping/pca/logs/lab_ver60_left_noflash.log
    jobid: 4
    reason: Missing output files: /fs/dss/work/doau0129/hamlet_pheno/1_phenotyping/pca/lab_ver60_left_noflash_PCs.csv, /fs/dss/work/doau0129/hamlet_pheno/1_phenotyping/pca/lab_ver60_left_noflash_var.csv
    wildcards: dataset=lab_ver60_left_noflash
    resources: mem_mb=4000, mem_mib=3815, disk_mb=50000, disk_mib=47684, tmpdir=/tmp, time=2:00:00, threads=1
[Mon Oct 27 17:20:56 2025]
localrule phenotyping:
    output: /fs/dss/work/doau0129/hamlet_pheno/1_phenotyping/pca/lab_flo29_left_noflash_PCs.csv, /fs/dss/work/doau0129/hamlet_pheno/1_phenotyping/pca/lab_flo29_left_noflash_var.csv
    log: /fs/dss/work/doau0129/hamlet_pheno/1_phenotyping/pca/logs/lab_flo29_left_noflash.log
    jobid: 6
    reason: Missing output files: /fs/dss/work/doau0129/hamlet_pheno/1_phenotyping/pca/lab_flo29_left_noflash_var.csv, /fs/dss/work/doau0129/hamlet_pheno/1_phenotyping/pca/lab_flo29_left_noflash_PCs.csv
    wildcards: dataset=lab_flo29_left_noflash
    resources: mem_mb=4000, mem_mib=3815, disk_mb=50000, disk_mib=47684, tmpdir=/tmp, time=2:00:00, threads=1
[Mon Oct 27 17:20:56 2025]
localrule phenotyping:
    output: /fs/dss/work/doau0129/hamlet_pheno/1_phenotyping/pca/lab_pue187_left_noflash_PCs.csv, /fs/dss/work/doau0129/hamlet_pheno/1_phenotyping/pca/lab_pue187_left_noflash_var.csv
    log: /fs/dss/work/doau0129/hamlet_pheno/1_phenotyping/pca/logs/lab_pue187_left_noflash.log
    jobid: 8
    reason: Missing output files: /fs/dss/work/doau0129/hamlet_pheno/1_phenotyping/pca/lab_pue187_left_noflash_var.csv, /fs/dss/work/doau0129/hamlet_pheno/1_phenotyping/pca/lab_pue187_left_noflash_PCs.csv
    wildcards: dataset=lab_pue187_left_noflash
    resources: mem_mb=4000, mem_mib=3815, disk_mb=50000, disk_mib=47684, tmpdir=/tmp, time=2:00:00, threads=1
[Mon Oct 27 17:20:56 2025]
localrule phenotyping:
    output: /fs/dss/work/doau0129/hamlet_pheno/1_phenotyping/pca/lab_uni74_left_noflash_PCs.csv, /fs/dss/work/doau0129/hamlet_pheno/1_phenotyping/pca/lab_uni74_left_noflash_var.csv
    log: /fs/dss/work/doau0129/hamlet_pheno/1_phenotyping/pca/logs/lab_uni74_left_noflash.log
    jobid: 10
    reason: Missing output files: /fs/dss/work/doau0129/hamlet_pheno/1_phenotyping/pca/lab_uni74_left_noflash_var.csv, /fs/dss/work/doau0129/hamlet_pheno/1_phenotyping/pca/lab_uni74_left_noflash_PCs.csv
    wildcards: dataset=lab_uni74_left_noflash
    resources: mem_mb=4000, mem_mib=3815, disk_mb=50000, disk_mib=47684, tmpdir=/tmp, time=2:00:00, threads=1
[Mon Oct 27 17:20:56 2025]
localrule phenotyping:
    output: /fs/dss/work/doau0129/hamlet_pheno/1_phenotyping/pca/lab_abe30_left_noflash_PCs.csv, /fs/dss/work/doau0129/hamlet_pheno/1_phenotyping/pca/lab_abe30_left_noflash_var.csv
    log: /fs/dss/work/doau0129/hamlet_pheno/1_phenotyping/pca/logs/lab_abe30_left_noflash.log
    jobid: 12
    reason: Missing output files: /fs/dss/work/doau0129/hamlet_pheno/1_phenotyping/pca/lab_abe30_left_noflash_PCs.csv, /fs/dss/work/doau0129/hamlet_pheno/1_phenotyping/pca/lab_abe30_left_noflash_var.csv
    wildcards: dataset=lab_abe30_left_noflash
    resources: mem_mb=4000, mem_mib=3815, disk_mb=50000, disk_mib=47684, tmpdir=/tmp, time=2:00:00, threads=1
[Mon Oct 27 17:20:56 2025]
localrule phenotyping:
    output: /fs/dss/work/doau0129/hamlet_pheno/1_phenotyping/pca/lab_tob69_left_noflash_PCs.csv, /fs/dss/work/doau0129/hamlet_pheno/1_phenotyping/pca/lab_tob69_left_noflash_var.csv
    log: /fs/dss/work/doau0129/hamlet_pheno/1_phenotyping/pca/logs/lab_tob69_left_noflash.log
    jobid: 3
    reason: Missing output files: /fs/dss/work/doau0129/hamlet_pheno/1_phenotyping/pca/lab_tob69_left_noflash_var.csv, /fs/dss/work/doau0129/hamlet_pheno/1_phenotyping/pca/lab_tob69_left_noflash_PCs.csv
    wildcards: dataset=lab_tob69_left_noflash
    resources: mem_mb=4000, mem_mib=3815, disk_mb=50000, disk_mib=47684, tmpdir=/tmp, time=2:00:00, threads=1
[Mon Oct 27 17:20:56 2025]
localrule phenotyping:
    output: /fs/dss/work/doau0129/hamlet_pheno/1_phenotyping/pca/lab_boc229_left_noflash_PCs.csv, /fs/dss/work/doau0129/hamlet_pheno/1_phenotyping/pca/lab_boc229_left_noflash_var.csv
    log: /fs/dss/work/doau0129/hamlet_pheno/1_phenotyping/pca/logs/lab_boc229_left_noflash.log
    jobid: 1
    reason: Missing output files: /fs/dss/work/doau0129/hamlet_pheno/1_phenotyping/pca/lab_boc229_left_noflash_PCs.csv, /fs/dss/work/doau0129/hamlet_pheno/1_phenotyping/pca/lab_boc229_left_noflash_var.csv
    wildcards: dataset=lab_boc229_left_noflash
    resources: mem_mb=4000, mem_mib=3815, disk_mb=50000, disk_mib=47684, tmpdir=/tmp, time=2:00:00, threads=1
[Mon Oct 27 17:20:56 2025]
localrule phenotyping:
    output: /fs/dss/work/doau0129/hamlet_pheno/1_phenotyping/pca/lab_bel46_left_noflash_PCs.csv, /fs/dss/work/doau0129/hamlet_pheno/1_phenotyping/pca/lab_bel46_left_noflash_var.csv
    log: /fs/dss/work/doau0129/hamlet_pheno/1_phenotyping/pca/logs/lab_bel46_left_noflash.log
    jobid: 5
    reason: Missing output files: /fs/dss/work/doau0129/hamlet_pheno/1_phenotyping/pca/lab_bel46_left_noflash_var.csv, /fs/dss/work/doau0129/hamlet_pheno/1_phenotyping/pca/lab_bel46_left_noflash_PCs.csv
    wildcards: dataset=lab_bel46_left_noflash
    resources: mem_mb=4000, mem_mib=3815, disk_mb=50000, disk_mib=47684, tmpdir=/tmp, time=2:00:00, threads=1
[Mon Oct 27 17:20:56 2025]
localrule phenotyping:
    output: /fs/dss/work/doau0129/hamlet_pheno/1_phenotyping/pca/lab_571_left_noflash_PCs.csv, /fs/dss/work/doau0129/hamlet_pheno/1_phenotyping/pca/lab_571_left_noflash_var.csv
    log: /fs/dss/work/doau0129/hamlet_pheno/1_phenotyping/pca/logs/lab_571_left_noflash.log
    jobid: 7
    reason: Missing output files: /fs/dss/work/doau0129/hamlet_pheno/1_phenotyping/pca/lab_571_left_noflash_PCs.csv, /fs/dss/work/doau0129/hamlet_pheno/1_phenotyping/pca/lab_571_left_noflash_var.csv
    wildcards: dataset=lab_571_left_noflash
    resources: mem_mb=4000, mem_mib=3815, disk_mb=50000, disk_mib=47684, tmpdir=/tmp, time=2:00:00, threads=1
[Mon Oct 27 17:20:56 2025]
localrule phenotyping:
    output: /fs/dss/work/doau0129/hamlet_pheno/1_phenotyping/pca/lab_nig111_left_noflash_PCs.csv, /fs/dss/work/doau0129/hamlet_pheno/1_phenotyping/pca/lab_nig111_left_noflash_var.csv
    log: /fs/dss/work/doau0129/hamlet_pheno/1_phenotyping/pca/logs/lab_nig111_left_noflash.log
    jobid: 9
    reason: Missing output files: /fs/dss/work/doau0129/hamlet_pheno/1_phenotyping/pca/lab_nig111_left_noflash_var.csv, /fs/dss/work/doau0129/hamlet_pheno/1_phenotyping/pca/lab_nig111_left_noflash_PCs.csv
    wildcards: dataset=lab_nig111_left_noflash
    resources: mem_mb=4000, mem_mib=3815, disk_mb=50000, disk_mib=47684, tmpdir=/tmp, time=2:00:00, threads=1
[Mon Oct 27 17:21:37 2025]
Finished jobid: 13 (Rule: phenotyping)
1 of 15 steps (7%) done
[Mon Oct 27 17:21:37 2025]
Finished jobid: 6 (Rule: phenotyping)
2 of 15 steps (13%) done
[Mon Oct 27 17:21:38 2025]
Finished jobid: 11 (Rule: phenotyping)
3 of 15 steps (20%) done
[Mon Oct 27 17:21:40 2025]
Finished jobid: 12 (Rule: phenotyping)
4 of 15 steps (27%) done
[Mon Oct 27 17:21:41 2025]
Finished jobid: 5 (Rule: phenotyping)
5 of 15 steps (33%) done
[Mon Oct 27 17:21:45 2025]
Finished jobid: 4 (Rule: phenotyping)
6 of 15 steps (40%) done
[Mon Oct 27 17:21:46 2025]
Finished jobid: 3 (Rule: phenotyping)
7 of 15 steps (47%) done
[Mon Oct 27 17:21:48 2025]
Finished jobid: 10 (Rule: phenotyping)
8 of 15 steps (53%) done
[Mon Oct 27 17:21:59 2025]
Finished jobid: 9 (Rule: phenotyping)
9 of 15 steps (60%) done
[Mon Oct 27 17:22:06 2025]
Finished jobid: 2 (Rule: phenotyping)
10 of 15 steps (67%) done
[Mon Oct 27 17:22:20 2025]
Finished jobid: 8 (Rule: phenotyping)
11 of 15 steps (73%) done
[Mon Oct 27 17:22:29 2025]
Finished jobid: 1 (Rule: phenotyping)
12 of 15 steps (80%) done
[Mon Oct 27 17:24:15 2025]
Finished jobid: 7 (Rule: phenotyping)
13 of 15 steps (87%) done
Select jobs to execute...
Execute 1 jobs...
[Mon Oct 27 17:24:15 2025]
localrule plot_figures:
    input: /fs/dss/work/doau0129/hamlet_pheno/1_phenotyping/pca/lab_boc229_left_noflash_PCs.csv, /fs/dss/work/doau0129/hamlet_pheno/1_phenotyping/pca/lab_uvi136_left_noflash_PCs.csv, /fs/dss/work/doau0129/hamlet_pheno/1_phenotyping/pca/lab_tob69_left_noflash_PCs.csv, /fs/dss/work/doau0129/hamlet_pheno/1_phenotyping/pca/lab_ver60_left_noflash_PCs.csv, /fs/dss/work/doau0129/hamlet_pheno/1_phenotyping/pca/lab_bel46_left_noflash_PCs.csv, /fs/dss/work/doau0129/hamlet_pheno/1_phenotyping/pca/lab_flo29_left_noflash_PCs.csv, /fs/dss/work/doau0129/hamlet_pheno/1_phenotyping/pca/lab_571_left_noflash_PCs.csv, /fs/dss/work/doau0129/hamlet_pheno/1_phenotyping/pca/lab_pue187_left_noflash_PCs.csv, /fs/dss/work/doau0129/hamlet_pheno/1_phenotyping/pca/lab_nig111_left_noflash_PCs.csv, /fs/dss/work/doau0129/hamlet_pheno/1_phenotyping/pca/lab_uni74_left_noflash_PCs.csv, /fs/dss/work/doau0129/hamlet_pheno/1_phenotyping/pca/lab_chl34_left_noflash_PCs.csv, /fs/dss/work/doau0129/hamlet_pheno/1_phenotyping/pca/lab_abe30_left_noflash_PCs.csv, /fs/dss/work/doau0129/hamlet_pheno/1_phenotyping/pca/lab_ind28_left_noflash_PCs.csv, /fs/dss/work/doau0129/hamlet_pheno/1_phenotyping/pca/lab_boc229_left_noflash_var.csv, /fs/dss/work/doau0129/hamlet_pheno/1_phenotyping/pca/lab_uvi136_left_noflash_var.csv, /fs/dss/work/doau0129/hamlet_pheno/1_phenotyping/pca/lab_tob69_left_noflash_var.csv, /fs/dss/work/doau0129/hamlet_pheno/1_phenotyping/pca/lab_ver60_left_noflash_var.csv, /fs/dss/work/doau0129/hamlet_pheno/1_phenotyping/pca/lab_bel46_left_noflash_var.csv, /fs/dss/work/doau0129/hamlet_pheno/1_phenotyping/pca/lab_flo29_left_noflash_var.csv, /fs/dss/work/doau0129/hamlet_pheno/1_phenotyping/pca/lab_571_left_noflash_var.csv, /fs/dss/work/doau0129/hamlet_pheno/1_phenotyping/pca/lab_pue187_left_noflash_var.csv, /fs/dss/work/doau0129/hamlet_pheno/1_phenotyping/pca/lab_nig111_left_noflash_var.csv, /fs/dss/work/doau0129/hamlet_pheno/1_phenotyping/pca/lab_uni74_left_noflash_var.csv, /fs/dss/work/doau0129/hamlet_pheno/1_phenotyping/pca/lab_chl34_left_noflash_var.csv, /fs/dss/work/doau0129/hamlet_pheno/1_phenotyping/pca/lab_abe30_left_noflash_var.csv, /fs/dss/work/doau0129/hamlet_pheno/1_phenotyping/pca/lab_ind28_left_noflash_var.csv
    output: /fs/dss/work/doau0129/hamlet_pheno/figures/Fig1_pLocPCA.png, /fs/dss/work/doau0129/hamlet_pheno/figures/Fig2_pAllPCA.png, /fs/dss/work/doau0129/hamlet_pheno/figures/FigS3_pAllVAR.png, /fs/dss/work/doau0129/hamlet_pheno/figures/FigS4_pLocSUP.png, /fs/dss/work/doau0129/hamlet_pheno/figures/FigS5_pLocPERM.png, /fs/dss/work/doau0129/hamlet_pheno/figures/FigS6_pLocHCLUST.png, /fs/dss/work/doau0129/hamlet_pheno/figures/FigS7_pLocHEAT.png, /fs/dss/work/doau0129/hamlet_pheno/figures/FigS8_pAll.png, /fs/dss/work/doau0129/hamlet_pheno/figures/FigS9_pSpe.png
    jobid: 14
    reason: Missing output files: /fs/dss/work/doau0129/hamlet_pheno/figures/FigS5_pLocPERM.png, /fs/dss/work/doau0129/hamlet_pheno/figures/FigS9_pSpe.png, /fs/dss/work/doau0129/hamlet_pheno/figures/Fig1_pLocPCA.png, /fs/dss/work/doau0129/hamlet_pheno/figures/FigS8_pAll.png, /fs/dss/work/doau0129/hamlet_pheno/figures/FigS7_pLocHEAT.png, /fs/dss/work/doau0129/hamlet_pheno/figures/Fig2_pAllPCA.png, /fs/dss/work/doau0129/hamlet_pheno/figures/FigS6_pLocHCLUST.png, /fs/dss/work/doau0129/hamlet_pheno/figures/FigS3_pAllVAR.png, /fs/dss/work/doau0129/hamlet_pheno/figures/FigS4_pLocSUP.png; Input files updated by another job: /fs/dss/work/doau0129/hamlet_pheno/1_phenotyping/pca/lab_tob69_left_noflash_var.csv, /fs/dss/work/doau0129/hamlet_pheno/1_phenotyping/pca/lab_flo29_left_noflash_PCs.csv, /fs/dss/work/doau0129/hamlet_pheno/1_phenotyping/pca/lab_pue187_left_noflash_PCs.csv, /fs/dss/work/doau0129/hamlet_pheno/1_phenotyping/pca/lab_uni74_left_noflash_var.csv, /fs/dss/work/doau0129/hamlet_pheno/1_phenotyping/pca/lab_ind28_left_noflash_PCs.csv, /fs/dss/work/doau0129/hamlet_pheno/1_phenotyping/pca/lab_abe30_left_noflash_PCs.csv, /fs/dss/work/doau0129/hamlet_pheno/1_phenotyping/pca/lab_ver60_left_noflash_var.csv, /fs/dss/work/doau0129/hamlet_pheno/1_phenotyping/pca/lab_uni74_left_noflash_PCs.csv, /fs/dss/work/doau0129/hamlet_pheno/1_phenotyping/pca/lab_ver60_left_noflash_PCs.csv, /fs/dss/work/doau0129/hamlet_pheno/1_phenotyping/pca/lab_uvi136_left_noflash_var.csv, /fs/dss/work/doau0129/hamlet_pheno/1_phenotyping/pca/lab_nig111_left_noflash_var.csv, /fs/dss/work/doau0129/hamlet_pheno/1_phenotyping/pca/lab_nig111_left_noflash_PCs.csv, /fs/dss/work/doau0129/hamlet_pheno/1_phenotyping/pca/lab_flo29_left_noflash_var.csv, /fs/dss/work/doau0129/hamlet_pheno/1_phenotyping/pca/lab_chl34_left_noflash_PCs.csv, /fs/dss/work/doau0129/hamlet_pheno/1_phenotyping/pca/lab_chl34_left_noflash_var.csv, /fs/dss/work/doau0129/hamlet_pheno/1_phenotyping/pca/lab_571_left_noflash_var.csv, /fs/dss/work/doau0129/hamlet_pheno/1_phenotyping/pca/lab_ind28_left_noflash_var.csv, /fs/dss/work/doau0129/hamlet_pheno/1_phenotyping/pca/lab_abe30_left_noflash_var.csv, /fs/dss/work/doau0129/hamlet_pheno/1_phenotyping/pca/lab_bel46_left_noflash_var.csv, /fs/dss/work/doau0129/hamlet_pheno/1_phenotyping/pca/lab_pue187_left_noflash_var.csv, /fs/dss/work/doau0129/hamlet_pheno/1_phenotyping/pca/lab_tob69_left_noflash_PCs.csv, /fs/dss/work/doau0129/hamlet_pheno/1_phenotyping/pca/lab_571_left_noflash_PCs.csv, /fs/dss/work/doau0129/hamlet_pheno/1_phenotyping/pca/lab_bel46_left_noflash_PCs.csv, /fs/dss/work/doau0129/hamlet_pheno/1_phenotyping/pca/lab_boc229_left_noflash_var.csv, /fs/dss/work/doau0129/hamlet_pheno/1_phenotyping/pca/lab_uvi136_left_noflash_PCs.csv, /fs/dss/work/doau0129/hamlet_pheno/1_phenotyping/pca/lab_boc229_left_noflash_PCs.csv
    resources: mem_mb=2000, mem_mib=1908, disk_mb=1000, disk_mib=954, tmpdir=/tmp, time=2:00:00, threads=1
RuleException:
CalledProcessError in file "/fs/dss/work/doau0129/hamlet_pheno/1_phenotyping/Snakefile", line 130:
Command 'set -euo pipefail;  
        Rscript /fs/dss/work/doau0129/hamlet_pheno/scripts/R/Fig1-2_S3-S9.R             --base_path /fs/dss/work/doau0129/hamlet_pheno             --path_phenotypes /fs/dss/work/doau0129/hamlet_pheno/1_phenotyping/pca             --heatmap_path /fs/dss/work/doau0129/hamlet_pheno/1_phenotyping/heatmaps             --figure_path /fs/dss/work/doau0129/hamlet_pheno/figures             --logos_path /fs/dss/work/doau0129/hamlet_pheno/metadata/logos_hamlet             --spec_colors /fs/dss/work/doau0129/hamlet_pheno/metadata/species_colors.tsv             --geo_colors /fs/dss/work/doau0129/hamlet_pheno/metadata/locations_colors.tsv' returned non-zero exit status 127.
[Mon Oct 27 17:24:15 2025]
Error in rule plot_figures:
    message: None
    jobid: 14
    input: /fs/dss/work/doau0129/hamlet_pheno/1_phenotyping/pca/lab_boc229_left_noflash_PCs.csv, /fs/dss/work/doau0129/hamlet_pheno/1_phenotyping/pca/lab_uvi136_left_noflash_PCs.csv, /fs/dss/work/doau0129/hamlet_pheno/1_phenotyping/pca/lab_tob69_left_noflash_PCs.csv, /fs/dss/work/doau0129/hamlet_pheno/1_phenotyping/pca/lab_ver60_left_noflash_PCs.csv, /fs/dss/work/doau0129/hamlet_pheno/1_phenotyping/pca/lab_bel46_left_noflash_PCs.csv, /fs/dss/work/doau0129/hamlet_pheno/1_phenotyping/pca/lab_flo29_left_noflash_PCs.csv, /fs/dss/work/doau0129/hamlet_pheno/1_phenotyping/pca/lab_571_left_noflash_PCs.csv, /fs/dss/work/doau0129/hamlet_pheno/1_phenotyping/pca/lab_pue187_left_noflash_PCs.csv, /fs/dss/work/doau0129/hamlet_pheno/1_phenotyping/pca/lab_nig111_left_noflash_PCs.csv, /fs/dss/work/doau0129/hamlet_pheno/1_phenotyping/pca/lab_uni74_left_noflash_PCs.csv, /fs/dss/work/doau0129/hamlet_pheno/1_phenotyping/pca/lab_chl34_left_noflash_PCs.csv, /fs/dss/work/doau0129/hamlet_pheno/1_phenotyping/pca/lab_abe30_left_noflash_PCs.csv, /fs/dss/work/doau0129/hamlet_pheno/1_phenotyping/pca/lab_ind28_left_noflash_PCs.csv, /fs/dss/work/doau0129/hamlet_pheno/1_phenotyping/pca/lab_boc229_left_noflash_var.csv, /fs/dss/work/doau0129/hamlet_pheno/1_phenotyping/pca/lab_uvi136_left_noflash_var.csv, /fs/dss/work/doau0129/hamlet_pheno/1_phenotyping/pca/lab_tob69_left_noflash_var.csv, /fs/dss/work/doau0129/hamlet_pheno/1_phenotyping/pca/lab_ver60_left_noflash_var.csv, /fs/dss/work/doau0129/hamlet_pheno/1_phenotyping/pca/lab_bel46_left_noflash_var.csv, /fs/dss/work/doau0129/hamlet_pheno/1_phenotyping/pca/lab_flo29_left_noflash_var.csv, /fs/dss/work/doau0129/hamlet_pheno/1_phenotyping/pca/lab_571_left_noflash_var.csv, /fs/dss/work/doau0129/hamlet_pheno/1_phenotyping/pca/lab_pue187_left_noflash_var.csv, /fs/dss/work/doau0129/hamlet_pheno/1_phenotyping/pca/lab_nig111_left_noflash_var.csv, /fs/dss/work/doau0129/hamlet_pheno/1_phenotyping/pca/lab_uni74_left_noflash_var.csv, /fs/dss/work/doau0129/hamlet_pheno/1_phenotyping/pca/lab_chl34_left_noflash_var.csv, /fs/dss/work/doau0129/hamlet_pheno/1_phenotyping/pca/lab_abe30_left_noflash_var.csv, /fs/dss/work/doau0129/hamlet_pheno/1_phenotyping/pca/lab_ind28_left_noflash_var.csv
    output: /fs/dss/work/doau0129/hamlet_pheno/figures/Fig1_pLocPCA.png, /fs/dss/work/doau0129/hamlet_pheno/figures/Fig2_pAllPCA.png, /fs/dss/work/doau0129/hamlet_pheno/figures/FigS3_pAllVAR.png, /fs/dss/work/doau0129/hamlet_pheno/figures/FigS4_pLocSUP.png, /fs/dss/work/doau0129/hamlet_pheno/figures/FigS5_pLocPERM.png, /fs/dss/work/doau0129/hamlet_pheno/figures/FigS6_pLocHCLUST.png, /fs/dss/work/doau0129/hamlet_pheno/figures/FigS7_pLocHEAT.png, /fs/dss/work/doau0129/hamlet_pheno/figures/FigS8_pAll.png, /fs/dss/work/doau0129/hamlet_pheno/figures/FigS9_pSpe.png
    shell:
        
        Rscript /fs/dss/work/doau0129/hamlet_pheno/scripts/R/Fig1-2_S3-S9.R             --base_path /fs/dss/work/doau0129/hamlet_pheno             --path_phenotypes /fs/dss/work/doau0129/hamlet_pheno/1_phenotyping/pca             --heatmap_path /fs/dss/work/doau0129/hamlet_pheno/1_phenotyping/heatmaps             --figure_path /fs/dss/work/doau0129/hamlet_pheno/figures             --logos_path /fs/dss/work/doau0129/hamlet_pheno/metadata/logos_hamlet             --spec_colors /fs/dss/work/doau0129/hamlet_pheno/metadata/species_colors.tsv             --geo_colors /fs/dss/work/doau0129/hamlet_pheno/metadata/locations_colors.tsv
        
        (command exited with non-zero exit code)
Shutting down, this might take some time.
Exiting because a job execution failed. Look below for error messages
[Mon Oct 27 17:24:15 2025]
Error in rule plot_figures:
    message: None
    jobid: 14
    input: /fs/dss/work/doau0129/hamlet_pheno/1_phenotyping/pca/lab_boc229_left_noflash_PCs.csv, /fs/dss/work/doau0129/hamlet_pheno/1_phenotyping/pca/lab_uvi136_left_noflash_PCs.csv, /fs/dss/work/doau0129/hamlet_pheno/1_phenotyping/pca/lab_tob69_left_noflash_PCs.csv, /fs/dss/work/doau0129/hamlet_pheno/1_phenotyping/pca/lab_ver60_left_noflash_PCs.csv, /fs/dss/work/doau0129/hamlet_pheno/1_phenotyping/pca/lab_bel46_left_noflash_PCs.csv, /fs/dss/work/doau0129/hamlet_pheno/1_phenotyping/pca/lab_flo29_left_noflash_PCs.csv, /fs/dss/work/doau0129/hamlet_pheno/1_phenotyping/pca/lab_571_left_noflash_PCs.csv, /fs/dss/work/doau0129/hamlet_pheno/1_phenotyping/pca/lab_pue187_left_noflash_PCs.csv, /fs/dss/work/doau0129/hamlet_pheno/1_phenotyping/pca/lab_nig111_left_noflash_PCs.csv, /fs/dss/work/doau0129/hamlet_pheno/1_phenotyping/pca/lab_uni74_left_noflash_PCs.csv, /fs/dss/work/doau0129/hamlet_pheno/1_phenotyping/pca/lab_chl34_left_noflash_PCs.csv, /fs/dss/work/doau0129/hamlet_pheno/1_phenotyping/pca/lab_abe30_left_noflash_PCs.csv, /fs/dss/work/doau0129/hamlet_pheno/1_phenotyping/pca/lab_ind28_left_noflash_PCs.csv, /fs/dss/work/doau0129/hamlet_pheno/1_phenotyping/pca/lab_boc229_left_noflash_var.csv, /fs/dss/work/doau0129/hamlet_pheno/1_phenotyping/pca/lab_uvi136_left_noflash_var.csv, /fs/dss/work/doau0129/hamlet_pheno/1_phenotyping/pca/lab_tob69_left_noflash_var.csv, /fs/dss/work/doau0129/hamlet_pheno/1_phenotyping/pca/lab_ver60_left_noflash_var.csv, /fs/dss/work/doau0129/hamlet_pheno/1_phenotyping/pca/lab_bel46_left_noflash_var.csv, /fs/dss/work/doau0129/hamlet_pheno/1_phenotyping/pca/lab_flo29_left_noflash_var.csv, /fs/dss/work/doau0129/hamlet_pheno/1_phenotyping/pca/lab_571_left_noflash_var.csv, /fs/dss/work/doau0129/hamlet_pheno/1_phenotyping/pca/lab_pue187_left_noflash_var.csv, /fs/dss/work/doau0129/hamlet_pheno/1_phenotyping/pca/lab_nig111_left_noflash_var.csv, /fs/dss/work/doau0129/hamlet_pheno/1_phenotyping/pca/lab_uni74_left_noflash_var.csv, /fs/dss/work/doau0129/hamlet_pheno/1_phenotyping/pca/lab_chl34_left_noflash_var.csv, /fs/dss/work/doau0129/hamlet_pheno/1_phenotyping/pca/lab_abe30_left_noflash_var.csv, /fs/dss/work/doau0129/hamlet_pheno/1_phenotyping/pca/lab_ind28_left_noflash_var.csv
    output: /fs/dss/work/doau0129/hamlet_pheno/figures/Fig1_pLocPCA.png, /fs/dss/work/doau0129/hamlet_pheno/figures/Fig2_pAllPCA.png, /fs/dss/work/doau0129/hamlet_pheno/figures/FigS3_pAllVAR.png, /fs/dss/work/doau0129/hamlet_pheno/figures/FigS4_pLocSUP.png, /fs/dss/work/doau0129/hamlet_pheno/figures/FigS5_pLocPERM.png, /fs/dss/work/doau0129/hamlet_pheno/figures/FigS6_pLocHCLUST.png, /fs/dss/work/doau0129/hamlet_pheno/figures/FigS7_pLocHEAT.png, /fs/dss/work/doau0129/hamlet_pheno/figures/FigS8_pAll.png, /fs/dss/work/doau0129/hamlet_pheno/figures/FigS9_pSpe.png
    shell:
        
        Rscript /fs/dss/work/doau0129/hamlet_pheno/scripts/R/Fig1-2_S3-S9.R             --base_path /fs/dss/work/doau0129/hamlet_pheno             --path_phenotypes /fs/dss/work/doau0129/hamlet_pheno/1_phenotyping/pca             --heatmap_path /fs/dss/work/doau0129/hamlet_pheno/1_phenotyping/heatmaps             --figure_path /fs/dss/work/doau0129/hamlet_pheno/figures             --logos_path /fs/dss/work/doau0129/hamlet_pheno/metadata/logos_hamlet             --spec_colors /fs/dss/work/doau0129/hamlet_pheno/metadata/species_colors.tsv             --geo_colors /fs/dss/work/doau0129/hamlet_pheno/metadata/locations_colors.tsv
        
        (command exited with non-zero exit code)
Complete log(s): /fs/dss/work/doau0129/hamlet_pheno/1_phenotyping/.snakemake/log/2025-10-27T172056.463020.snakemake.log
WorkflowError:
At least one job did not complete successfully.
