host: hpcl001
Building DAG of jobs...
SLURM run ID: b957d24d-ce70-4f69-b933-fd7e0ad7384f
Using shell: /usr/bin/bash
Provided remote nodes: 13
Job stats:
job             count
------------  -------
all                 1
phenotyping        13
plot_figures        1
total              15

Select jobs to execute...
Failed to solve scheduling problem with ILP solver, falling back to greedy scheduler. You likely have to fix your ILP solver installation. Error message: PULP_CBC_CMD: Not Available (check permissions on cbc)
Execute 13 jobs...
[Mon Oct 27 15:49:16 2025]
rule phenotyping:
    output: /fs/dss/work/doau0129/hamlet_pheno/1_phenotyping/pca/lab_uni74_left_noflash_PCs.csv, /fs/dss/work/doau0129/hamlet_pheno/1_phenotyping/pca/lab_uni74_left_noflash_var.csv
    jobid: 10
    reason: Missing output files: /fs/dss/work/doau0129/hamlet_pheno/1_phenotyping/pca/lab_uni74_left_noflash_var.csv, /fs/dss/work/doau0129/hamlet_pheno/1_phenotyping/pca/lab_uni74_left_noflash_PCs.csv
    wildcards: dataset=lab_uni74_left_noflash
    resources: mem_mb=4000, mem_mib=3815, disk_mb=50000, disk_mib=47684, tmpdir=<TBD>, time=2:00:00, threads=1
No SLURM account given, trying to guess.
Unable to guess SLURM account. Trying to proceed without.
No wall time information given. This might or might not work on your cluster. If not, specify the resource runtime in your rule or as a reasonable default via --default-resources.
[Mon Oct 27 15:49:18 2025]
Error in rule phenotyping:
    message: SLURM sbatch failed. The error message was 'sbatch: error: Batch job submission failed: Access/permission denied'.
    sbatch call:
        sbatch --parsable --job-name b957d24d-ce70-4f69-b933-fd7e0ad7384f --output /fs/dss/work/doau0129/hamlet_pheno/1_phenotyping/.snakemake/slurm_logs/rule_phenotyping/lab_uni74_left_noflash/%j.log --export=ALL --comment rule_phenotyping_wildcards_lab_uni74_left_noflash   -p defq --mem 4000 --ntasks=1 --cpus-per-task=1 -D /fs/dss/work/doau0129/hamlet_pheno/1_phenotyping --wrap="/user/doau0129/miniconda3/envs/snakemake_env/bin/python3.13 -m snakemake --snakefile '/fs/dss/work/doau0129/hamlet_pheno/1_phenotyping/Snakefile' --target-jobs 'phenotyping:dataset=lab_uni74_left_noflash' --allowed-rules phenotyping --cores 'all' --attempt 1 --force-use-threads  --wait-for-files '/fs/dss/work/doau0129/hamlet_pheno/1_phenotyping/.snakemake/tmp.b0b0pt2o' --force --target-files-omit-workdir-adjustment --max-inventory-time 0 --nocolor --no-hooks --nolock --ignore-incomplete --rerun-triggers software-env code mtime params input --conda-frontend 'conda' --shared-fs-usage source-cache persistence software-deployment storage-local-copies input-output sources --wrapper-prefix 'https://github.com/snakemake/snakemake-wrappers/raw/' --latency-wait 5 --scheduler 'ilp' --local-storage-prefix base64//LnNuYWtlbWFrZS9zdG9yYWdl --scheduler-solver-path '/user/doau0129/miniconda3/envs/snakemake_env/bin' --default-resources base64//bWVtX21iPTQwMDA= base64//ZGlza19tYj1tYXgoMippbnB1dC5zaXplX21iLCAxMDAwKSBpZiBpbnB1dCBlbHNlIDUwMDAw base64//dG1wZGlyPXN5c3RlbV90bXBkaXI= base64//dGltZT0yOjAwOjAw base64//dGhyZWFkcz0x --executor slurm-jobstep --jobs 1 --mode 'remote'"
For further error details see the cluster/cloud log and the log files of the involved rule(s).
    jobid: 10
    output: /fs/dss/work/doau0129/hamlet_pheno/1_phenotyping/pca/lab_uni74_left_noflash_PCs.csv, /fs/dss/work/doau0129/hamlet_pheno/1_phenotyping/pca/lab_uni74_left_noflash_var.csv
    shell:
        
        mkdir -p /fs/dss/work/doau0129/hamlet_pheno/1_phenotyping/pca /fs/dss/work/doau0129/hamlet_pheno/1_phenotyping/heatmaps

        python3 /fs/dss/work/doau0129/hamlet_pheno/scripts/python/phenotyping.py             --path_images /fs/dss/work/doau0129/hamlet_pheno/images             --mask /fs/dss/work/doau0129/hamlet_pheno/metadata/full_mask.tif             --color_space LAB             --path_results /fs/dss/work/doau0129/hamlet_pheno/1_phenotyping/pca             --path_figures /fs/dss/work/doau0129/hamlet_pheno/1_phenotyping/heatmaps             --mask_name fullm             --spec_name uni             --geo_name all             --dataset lab_uni74_left_noflash
        
        (command exited with non-zero exit code)
[Mon Oct 27 15:49:18 2025]
rule phenotyping:
    output: /fs/dss/work/doau0129/hamlet_pheno/1_phenotyping/pca/lab_ind28_left_noflash_PCs.csv, /fs/dss/work/doau0129/hamlet_pheno/1_phenotyping/pca/lab_ind28_left_noflash_var.csv
    jobid: 13
    reason: Missing output files: /fs/dss/work/doau0129/hamlet_pheno/1_phenotyping/pca/lab_ind28_left_noflash_PCs.csv, /fs/dss/work/doau0129/hamlet_pheno/1_phenotyping/pca/lab_ind28_left_noflash_var.csv
    wildcards: dataset=lab_ind28_left_noflash
    resources: mem_mb=4000, mem_mib=3815, disk_mb=50000, disk_mib=47684, tmpdir=<TBD>, time=2:00:00, threads=1
No wall time information given. This might or might not work on your cluster. If not, specify the resource runtime in your rule or as a reasonable default via --default-resources.
[Mon Oct 27 15:49:18 2025]
Error in rule phenotyping:
    message: SLURM sbatch failed. The error message was 'sbatch: error: Batch job submission failed: Access/permission denied'.
    sbatch call:
        sbatch --parsable --job-name b957d24d-ce70-4f69-b933-fd7e0ad7384f --output /fs/dss/work/doau0129/hamlet_pheno/1_phenotyping/.snakemake/slurm_logs/rule_phenotyping/lab_ind28_left_noflash/%j.log --export=ALL --comment rule_phenotyping_wildcards_lab_ind28_left_noflash   -p defq --mem 4000 --ntasks=1 --cpus-per-task=1 -D /fs/dss/work/doau0129/hamlet_pheno/1_phenotyping --wrap="/user/doau0129/miniconda3/envs/snakemake_env/bin/python3.13 -m snakemake --snakefile '/fs/dss/work/doau0129/hamlet_pheno/1_phenotyping/Snakefile' --target-jobs 'phenotyping:dataset=lab_ind28_left_noflash' --allowed-rules phenotyping --cores 'all' --attempt 1 --force-use-threads  --wait-for-files '/fs/dss/work/doau0129/hamlet_pheno/1_phenotyping/.snakemake/tmp.b0b0pt2o' --force --target-files-omit-workdir-adjustment --max-inventory-time 0 --nocolor --no-hooks --nolock --ignore-incomplete --rerun-triggers software-env code mtime params input --conda-frontend 'conda' --shared-fs-usage source-cache persistence software-deployment storage-local-copies input-output sources --wrapper-prefix 'https://github.com/snakemake/snakemake-wrappers/raw/' --latency-wait 5 --scheduler 'ilp' --local-storage-prefix base64//LnNuYWtlbWFrZS9zdG9yYWdl --scheduler-solver-path '/user/doau0129/miniconda3/envs/snakemake_env/bin' --default-resources base64//bWVtX21iPTQwMDA= base64//ZGlza19tYj1tYXgoMippbnB1dC5zaXplX21iLCAxMDAwKSBpZiBpbnB1dCBlbHNlIDUwMDAw base64//dG1wZGlyPXN5c3RlbV90bXBkaXI= base64//dGltZT0yOjAwOjAw base64//dGhyZWFkcz0x --executor slurm-jobstep --jobs 1 --mode 'remote'"
For further error details see the cluster/cloud log and the log files of the involved rule(s).
    jobid: 13
    output: /fs/dss/work/doau0129/hamlet_pheno/1_phenotyping/pca/lab_ind28_left_noflash_PCs.csv, /fs/dss/work/doau0129/hamlet_pheno/1_phenotyping/pca/lab_ind28_left_noflash_var.csv
    shell:
        
        mkdir -p /fs/dss/work/doau0129/hamlet_pheno/1_phenotyping/pca /fs/dss/work/doau0129/hamlet_pheno/1_phenotyping/heatmaps

        python3 /fs/dss/work/doau0129/hamlet_pheno/scripts/python/phenotyping.py             --path_images /fs/dss/work/doau0129/hamlet_pheno/images             --mask /fs/dss/work/doau0129/hamlet_pheno/metadata/full_mask.tif             --color_space LAB             --path_results /fs/dss/work/doau0129/hamlet_pheno/1_phenotyping/pca             --path_figures /fs/dss/work/doau0129/hamlet_pheno/1_phenotyping/heatmaps             --mask_name fullm             --spec_name ind             --geo_name all             --dataset lab_ind28_left_noflash
        
        (command exited with non-zero exit code)
[Mon Oct 27 15:49:18 2025]
rule phenotyping:
    output: /fs/dss/work/doau0129/hamlet_pheno/1_phenotyping/pca/lab_boc229_left_noflash_PCs.csv, /fs/dss/work/doau0129/hamlet_pheno/1_phenotyping/pca/lab_boc229_left_noflash_var.csv
    jobid: 1
    reason: Missing output files: /fs/dss/work/doau0129/hamlet_pheno/1_phenotyping/pca/lab_boc229_left_noflash_PCs.csv, /fs/dss/work/doau0129/hamlet_pheno/1_phenotyping/pca/lab_boc229_left_noflash_var.csv
    wildcards: dataset=lab_boc229_left_noflash
    resources: mem_mb=4000, mem_mib=3815, disk_mb=50000, disk_mib=47684, tmpdir=<TBD>, time=2:00:00, threads=1
No wall time information given. This might or might not work on your cluster. If not, specify the resource runtime in your rule or as a reasonable default via --default-resources.
[Mon Oct 27 15:49:18 2025]
Error in rule phenotyping:
    message: SLURM sbatch failed. The error message was 'sbatch: error: Batch job submission failed: Access/permission denied'.
    sbatch call:
        sbatch --parsable --job-name b957d24d-ce70-4f69-b933-fd7e0ad7384f --output /fs/dss/work/doau0129/hamlet_pheno/1_phenotyping/.snakemake/slurm_logs/rule_phenotyping/lab_boc229_left_noflash/%j.log --export=ALL --comment rule_phenotyping_wildcards_lab_boc229_left_noflash   -p defq --mem 4000 --ntasks=1 --cpus-per-task=1 -D /fs/dss/work/doau0129/hamlet_pheno/1_phenotyping --wrap="/user/doau0129/miniconda3/envs/snakemake_env/bin/python3.13 -m snakemake --snakefile '/fs/dss/work/doau0129/hamlet_pheno/1_phenotyping/Snakefile' --target-jobs 'phenotyping:dataset=lab_boc229_left_noflash' --allowed-rules phenotyping --cores 'all' --attempt 1 --force-use-threads  --wait-for-files '/fs/dss/work/doau0129/hamlet_pheno/1_phenotyping/.snakemake/tmp.b0b0pt2o' --force --target-files-omit-workdir-adjustment --max-inventory-time 0 --nocolor --no-hooks --nolock --ignore-incomplete --rerun-triggers software-env code mtime params input --conda-frontend 'conda' --shared-fs-usage source-cache persistence software-deployment storage-local-copies input-output sources --wrapper-prefix 'https://github.com/snakemake/snakemake-wrappers/raw/' --latency-wait 5 --scheduler 'ilp' --local-storage-prefix base64//LnNuYWtlbWFrZS9zdG9yYWdl --scheduler-solver-path '/user/doau0129/miniconda3/envs/snakemake_env/bin' --default-resources base64//bWVtX21iPTQwMDA= base64//ZGlza19tYj1tYXgoMippbnB1dC5zaXplX21iLCAxMDAwKSBpZiBpbnB1dCBlbHNlIDUwMDAw base64//dG1wZGlyPXN5c3RlbV90bXBkaXI= base64//dGltZT0yOjAwOjAw base64//dGhyZWFkcz0x --executor slurm-jobstep --jobs 1 --mode 'remote'"
For further error details see the cluster/cloud log and the log files of the involved rule(s).
    jobid: 1
    output: /fs/dss/work/doau0129/hamlet_pheno/1_phenotyping/pca/lab_boc229_left_noflash_PCs.csv, /fs/dss/work/doau0129/hamlet_pheno/1_phenotyping/pca/lab_boc229_left_noflash_var.csv
    shell:
        
        mkdir -p /fs/dss/work/doau0129/hamlet_pheno/1_phenotyping/pca /fs/dss/work/doau0129/hamlet_pheno/1_phenotyping/heatmaps

        python3 /fs/dss/work/doau0129/hamlet_pheno/scripts/python/phenotyping.py             --path_images /fs/dss/work/doau0129/hamlet_pheno/images             --mask /fs/dss/work/doau0129/hamlet_pheno/metadata/full_mask.tif             --color_space LAB             --path_results /fs/dss/work/doau0129/hamlet_pheno/1_phenotyping/pca             --path_figures /fs/dss/work/doau0129/hamlet_pheno/1_phenotyping/heatmaps             --mask_name fullm             --spec_name all             --geo_name boc             --dataset lab_boc229_left_noflash
        
        (command exited with non-zero exit code)
[Mon Oct 27 15:49:18 2025]
rule phenotyping:
    output: /fs/dss/work/doau0129/hamlet_pheno/1_phenotyping/pca/lab_tob69_left_noflash_PCs.csv, /fs/dss/work/doau0129/hamlet_pheno/1_phenotyping/pca/lab_tob69_left_noflash_var.csv
    jobid: 3
    reason: Missing output files: /fs/dss/work/doau0129/hamlet_pheno/1_phenotyping/pca/lab_tob69_left_noflash_PCs.csv, /fs/dss/work/doau0129/hamlet_pheno/1_phenotyping/pca/lab_tob69_left_noflash_var.csv
    wildcards: dataset=lab_tob69_left_noflash
    resources: mem_mb=4000, mem_mib=3815, disk_mb=50000, disk_mib=47684, tmpdir=<TBD>, time=2:00:00, threads=1
No wall time information given. This might or might not work on your cluster. If not, specify the resource runtime in your rule or as a reasonable default via --default-resources.
[Mon Oct 27 15:49:18 2025]
Error in rule phenotyping:
    message: SLURM sbatch failed. The error message was 'sbatch: error: Batch job submission failed: Access/permission denied'.
    sbatch call:
        sbatch --parsable --job-name b957d24d-ce70-4f69-b933-fd7e0ad7384f --output /fs/dss/work/doau0129/hamlet_pheno/1_phenotyping/.snakemake/slurm_logs/rule_phenotyping/lab_tob69_left_noflash/%j.log --export=ALL --comment rule_phenotyping_wildcards_lab_tob69_left_noflash   -p defq --mem 4000 --ntasks=1 --cpus-per-task=1 -D /fs/dss/work/doau0129/hamlet_pheno/1_phenotyping --wrap="/user/doau0129/miniconda3/envs/snakemake_env/bin/python3.13 -m snakemake --snakefile '/fs/dss/work/doau0129/hamlet_pheno/1_phenotyping/Snakefile' --target-jobs 'phenotyping:dataset=lab_tob69_left_noflash' --allowed-rules phenotyping --cores 'all' --attempt 1 --force-use-threads  --wait-for-files '/fs/dss/work/doau0129/hamlet_pheno/1_phenotyping/.snakemake/tmp.b0b0pt2o' --force --target-files-omit-workdir-adjustment --max-inventory-time 0 --nocolor --no-hooks --nolock --ignore-incomplete --rerun-triggers software-env code mtime params input --conda-frontend 'conda' --shared-fs-usage source-cache persistence software-deployment storage-local-copies input-output sources --wrapper-prefix 'https://github.com/snakemake/snakemake-wrappers/raw/' --latency-wait 5 --scheduler 'ilp' --local-storage-prefix base64//LnNuYWtlbWFrZS9zdG9yYWdl --scheduler-solver-path '/user/doau0129/miniconda3/envs/snakemake_env/bin' --default-resources base64//bWVtX21iPTQwMDA= base64//ZGlza19tYj1tYXgoMippbnB1dC5zaXplX21iLCAxMDAwKSBpZiBpbnB1dCBlbHNlIDUwMDAw base64//dG1wZGlyPXN5c3RlbV90bXBkaXI= base64//dGltZT0yOjAwOjAw base64//dGhyZWFkcz0x --executor slurm-jobstep --jobs 1 --mode 'remote'"
For further error details see the cluster/cloud log and the log files of the involved rule(s).
    jobid: 3
    output: /fs/dss/work/doau0129/hamlet_pheno/1_phenotyping/pca/lab_tob69_left_noflash_PCs.csv, /fs/dss/work/doau0129/hamlet_pheno/1_phenotyping/pca/lab_tob69_left_noflash_var.csv
    shell:
        
        mkdir -p /fs/dss/work/doau0129/hamlet_pheno/1_phenotyping/pca /fs/dss/work/doau0129/hamlet_pheno/1_phenotyping/heatmaps

        python3 /fs/dss/work/doau0129/hamlet_pheno/scripts/python/phenotyping.py             --path_images /fs/dss/work/doau0129/hamlet_pheno/images             --mask /fs/dss/work/doau0129/hamlet_pheno/metadata/full_mask.tif             --color_space LAB             --path_results /fs/dss/work/doau0129/hamlet_pheno/1_phenotyping/pca             --path_figures /fs/dss/work/doau0129/hamlet_pheno/1_phenotyping/heatmaps             --mask_name fullm             --spec_name all             --geo_name tob             --dataset lab_tob69_left_noflash
        
        (command exited with non-zero exit code)
[Mon Oct 27 15:49:18 2025]
rule phenotyping:
    output: /fs/dss/work/doau0129/hamlet_pheno/1_phenotyping/pca/lab_bel46_left_noflash_PCs.csv, /fs/dss/work/doau0129/hamlet_pheno/1_phenotyping/pca/lab_bel46_left_noflash_var.csv
    jobid: 5
    reason: Missing output files: /fs/dss/work/doau0129/hamlet_pheno/1_phenotyping/pca/lab_bel46_left_noflash_PCs.csv, /fs/dss/work/doau0129/hamlet_pheno/1_phenotyping/pca/lab_bel46_left_noflash_var.csv
    wildcards: dataset=lab_bel46_left_noflash
    resources: mem_mb=4000, mem_mib=3815, disk_mb=50000, disk_mib=47684, tmpdir=<TBD>, time=2:00:00, threads=1
No wall time information given. This might or might not work on your cluster. If not, specify the resource runtime in your rule or as a reasonable default via --default-resources.
[Mon Oct 27 15:49:18 2025]
Error in rule phenotyping:
    message: SLURM sbatch failed. The error message was 'sbatch: error: Batch job submission failed: Access/permission denied'.
    sbatch call:
        sbatch --parsable --job-name b957d24d-ce70-4f69-b933-fd7e0ad7384f --output /fs/dss/work/doau0129/hamlet_pheno/1_phenotyping/.snakemake/slurm_logs/rule_phenotyping/lab_bel46_left_noflash/%j.log --export=ALL --comment rule_phenotyping_wildcards_lab_bel46_left_noflash   -p defq --mem 4000 --ntasks=1 --cpus-per-task=1 -D /fs/dss/work/doau0129/hamlet_pheno/1_phenotyping --wrap="/user/doau0129/miniconda3/envs/snakemake_env/bin/python3.13 -m snakemake --snakefile '/fs/dss/work/doau0129/hamlet_pheno/1_phenotyping/Snakefile' --target-jobs 'phenotyping:dataset=lab_bel46_left_noflash' --allowed-rules phenotyping --cores 'all' --attempt 1 --force-use-threads  --wait-for-files '/fs/dss/work/doau0129/hamlet_pheno/1_phenotyping/.snakemake/tmp.b0b0pt2o' --force --target-files-omit-workdir-adjustment --max-inventory-time 0 --nocolor --no-hooks --nolock --ignore-incomplete --rerun-triggers software-env code mtime params input --conda-frontend 'conda' --shared-fs-usage source-cache persistence software-deployment storage-local-copies input-output sources --wrapper-prefix 'https://github.com/snakemake/snakemake-wrappers/raw/' --latency-wait 5 --scheduler 'ilp' --local-storage-prefix base64//LnNuYWtlbWFrZS9zdG9yYWdl --scheduler-solver-path '/user/doau0129/miniconda3/envs/snakemake_env/bin' --default-resources base64//bWVtX21iPTQwMDA= base64//ZGlza19tYj1tYXgoMippbnB1dC5zaXplX21iLCAxMDAwKSBpZiBpbnB1dCBlbHNlIDUwMDAw base64//dG1wZGlyPXN5c3RlbV90bXBkaXI= base64//dGltZT0yOjAwOjAw base64//dGhyZWFkcz0x --executor slurm-jobstep --jobs 1 --mode 'remote'"
For further error details see the cluster/cloud log and the log files of the involved rule(s).
    jobid: 5
    output: /fs/dss/work/doau0129/hamlet_pheno/1_phenotyping/pca/lab_bel46_left_noflash_PCs.csv, /fs/dss/work/doau0129/hamlet_pheno/1_phenotyping/pca/lab_bel46_left_noflash_var.csv
    shell:
        
        mkdir -p /fs/dss/work/doau0129/hamlet_pheno/1_phenotyping/pca /fs/dss/work/doau0129/hamlet_pheno/1_phenotyping/heatmaps

        python3 /fs/dss/work/doau0129/hamlet_pheno/scripts/python/phenotyping.py             --path_images /fs/dss/work/doau0129/hamlet_pheno/images             --mask /fs/dss/work/doau0129/hamlet_pheno/metadata/full_mask.tif             --color_space LAB             --path_results /fs/dss/work/doau0129/hamlet_pheno/1_phenotyping/pca             --path_figures /fs/dss/work/doau0129/hamlet_pheno/1_phenotyping/heatmaps             --mask_name fullm             --spec_name all             --geo_name bel             --dataset lab_bel46_left_noflash
        
        (command exited with non-zero exit code)
[Mon Oct 27 15:49:18 2025]
rule phenotyping:
    output: /fs/dss/work/doau0129/hamlet_pheno/1_phenotyping/pca/lab_571_left_noflash_PCs.csv, /fs/dss/work/doau0129/hamlet_pheno/1_phenotyping/pca/lab_571_left_noflash_var.csv
    jobid: 7
    reason: Missing output files: /fs/dss/work/doau0129/hamlet_pheno/1_phenotyping/pca/lab_571_left_noflash_PCs.csv, /fs/dss/work/doau0129/hamlet_pheno/1_phenotyping/pca/lab_571_left_noflash_var.csv
    wildcards: dataset=lab_571_left_noflash
    resources: mem_mb=4000, mem_mib=3815, disk_mb=50000, disk_mib=47684, tmpdir=<TBD>, time=2:00:00, threads=1
No wall time information given. This might or might not work on your cluster. If not, specify the resource runtime in your rule or as a reasonable default via --default-resources.
[Mon Oct 27 15:49:18 2025]
Error in rule phenotyping:
    message: SLURM sbatch failed. The error message was 'sbatch: error: Batch job submission failed: Access/permission denied'.
    sbatch call:
        sbatch --parsable --job-name b957d24d-ce70-4f69-b933-fd7e0ad7384f --output /fs/dss/work/doau0129/hamlet_pheno/1_phenotyping/.snakemake/slurm_logs/rule_phenotyping/lab_571_left_noflash/%j.log --export=ALL --comment rule_phenotyping_wildcards_lab_571_left_noflash   -p defq --mem 4000 --ntasks=1 --cpus-per-task=1 -D /fs/dss/work/doau0129/hamlet_pheno/1_phenotyping --wrap="/user/doau0129/miniconda3/envs/snakemake_env/bin/python3.13 -m snakemake --snakefile '/fs/dss/work/doau0129/hamlet_pheno/1_phenotyping/Snakefile' --target-jobs 'phenotyping:dataset=lab_571_left_noflash' --allowed-rules phenotyping --cores 'all' --attempt 1 --force-use-threads  --wait-for-files '/fs/dss/work/doau0129/hamlet_pheno/1_phenotyping/.snakemake/tmp.b0b0pt2o' --force --target-files-omit-workdir-adjustment --max-inventory-time 0 --nocolor --no-hooks --nolock --ignore-incomplete --rerun-triggers software-env code mtime params input --conda-frontend 'conda' --shared-fs-usage source-cache persistence software-deployment storage-local-copies input-output sources --wrapper-prefix 'https://github.com/snakemake/snakemake-wrappers/raw/' --latency-wait 5 --scheduler 'ilp' --local-storage-prefix base64//LnNuYWtlbWFrZS9zdG9yYWdl --scheduler-solver-path '/user/doau0129/miniconda3/envs/snakemake_env/bin' --default-resources base64//bWVtX21iPTQwMDA= base64//ZGlza19tYj1tYXgoMippbnB1dC5zaXplX21iLCAxMDAwKSBpZiBpbnB1dCBlbHNlIDUwMDAw base64//dG1wZGlyPXN5c3RlbV90bXBkaXI= base64//dGltZT0yOjAwOjAw base64//dGhyZWFkcz0x --executor slurm-jobstep --jobs 1 --mode 'remote'"
For further error details see the cluster/cloud log and the log files of the involved rule(s).
    jobid: 7
    output: /fs/dss/work/doau0129/hamlet_pheno/1_phenotyping/pca/lab_571_left_noflash_PCs.csv, /fs/dss/work/doau0129/hamlet_pheno/1_phenotyping/pca/lab_571_left_noflash_var.csv
    shell:
        
        mkdir -p /fs/dss/work/doau0129/hamlet_pheno/1_phenotyping/pca /fs/dss/work/doau0129/hamlet_pheno/1_phenotyping/heatmaps

        python3 /fs/dss/work/doau0129/hamlet_pheno/scripts/python/phenotyping.py             --path_images /fs/dss/work/doau0129/hamlet_pheno/images             --mask /fs/dss/work/doau0129/hamlet_pheno/metadata/full_mask.tif             --color_space LAB             --path_results /fs/dss/work/doau0129/hamlet_pheno/1_phenotyping/pca             --path_figures /fs/dss/work/doau0129/hamlet_pheno/1_phenotyping/heatmaps             --mask_name fullm             --spec_name all             --geo_name all             --dataset lab_571_left_noflash
        
        (command exited with non-zero exit code)
[Mon Oct 27 15:49:18 2025]
rule phenotyping:
    output: /fs/dss/work/doau0129/hamlet_pheno/1_phenotyping/pca/lab_nig111_left_noflash_PCs.csv, /fs/dss/work/doau0129/hamlet_pheno/1_phenotyping/pca/lab_nig111_left_noflash_var.csv
    jobid: 9
    reason: Missing output files: /fs/dss/work/doau0129/hamlet_pheno/1_phenotyping/pca/lab_nig111_left_noflash_var.csv, /fs/dss/work/doau0129/hamlet_pheno/1_phenotyping/pca/lab_nig111_left_noflash_PCs.csv
    wildcards: dataset=lab_nig111_left_noflash
    resources: mem_mb=4000, mem_mib=3815, disk_mb=50000, disk_mib=47684, tmpdir=<TBD>, time=2:00:00, threads=1
No wall time information given. This might or might not work on your cluster. If not, specify the resource runtime in your rule or as a reasonable default via --default-resources.
[Mon Oct 27 15:49:18 2025]
Error in rule phenotyping:
    message: SLURM sbatch failed. The error message was 'sbatch: error: Batch job submission failed: Access/permission denied'.
    sbatch call:
        sbatch --parsable --job-name b957d24d-ce70-4f69-b933-fd7e0ad7384f --output /fs/dss/work/doau0129/hamlet_pheno/1_phenotyping/.snakemake/slurm_logs/rule_phenotyping/lab_nig111_left_noflash/%j.log --export=ALL --comment rule_phenotyping_wildcards_lab_nig111_left_noflash   -p defq --mem 4000 --ntasks=1 --cpus-per-task=1 -D /fs/dss/work/doau0129/hamlet_pheno/1_phenotyping --wrap="/user/doau0129/miniconda3/envs/snakemake_env/bin/python3.13 -m snakemake --snakefile '/fs/dss/work/doau0129/hamlet_pheno/1_phenotyping/Snakefile' --target-jobs 'phenotyping:dataset=lab_nig111_left_noflash' --allowed-rules phenotyping --cores 'all' --attempt 1 --force-use-threads  --wait-for-files '/fs/dss/work/doau0129/hamlet_pheno/1_phenotyping/.snakemake/tmp.b0b0pt2o' --force --target-files-omit-workdir-adjustment --max-inventory-time 0 --nocolor --no-hooks --nolock --ignore-incomplete --rerun-triggers software-env code mtime params input --conda-frontend 'conda' --shared-fs-usage source-cache persistence software-deployment storage-local-copies input-output sources --wrapper-prefix 'https://github.com/snakemake/snakemake-wrappers/raw/' --latency-wait 5 --scheduler 'ilp' --local-storage-prefix base64//LnNuYWtlbWFrZS9zdG9yYWdl --scheduler-solver-path '/user/doau0129/miniconda3/envs/snakemake_env/bin' --default-resources base64//bWVtX21iPTQwMDA= base64//ZGlza19tYj1tYXgoMippbnB1dC5zaXplX21iLCAxMDAwKSBpZiBpbnB1dCBlbHNlIDUwMDAw base64//dG1wZGlyPXN5c3RlbV90bXBkaXI= base64//dGltZT0yOjAwOjAw base64//dGhyZWFkcz0x --executor slurm-jobstep --jobs 1 --mode 'remote'"
For further error details see the cluster/cloud log and the log files of the involved rule(s).
    jobid: 9
    output: /fs/dss/work/doau0129/hamlet_pheno/1_phenotyping/pca/lab_nig111_left_noflash_PCs.csv, /fs/dss/work/doau0129/hamlet_pheno/1_phenotyping/pca/lab_nig111_left_noflash_var.csv
    shell:
        
        mkdir -p /fs/dss/work/doau0129/hamlet_pheno/1_phenotyping/pca /fs/dss/work/doau0129/hamlet_pheno/1_phenotyping/heatmaps

        python3 /fs/dss/work/doau0129/hamlet_pheno/scripts/python/phenotyping.py             --path_images /fs/dss/work/doau0129/hamlet_pheno/images             --mask /fs/dss/work/doau0129/hamlet_pheno/metadata/full_mask.tif             --color_space LAB             --path_results /fs/dss/work/doau0129/hamlet_pheno/1_phenotyping/pca             --path_figures /fs/dss/work/doau0129/hamlet_pheno/1_phenotyping/heatmaps             --mask_name fullm             --spec_name nig             --geo_name all             --dataset lab_nig111_left_noflash
        
        (command exited with non-zero exit code)
[Mon Oct 27 15:49:18 2025]
rule phenotyping:
    output: /fs/dss/work/doau0129/hamlet_pheno/1_phenotyping/pca/lab_abe30_left_noflash_PCs.csv, /fs/dss/work/doau0129/hamlet_pheno/1_phenotyping/pca/lab_abe30_left_noflash_var.csv
    jobid: 12
    reason: Missing output files: /fs/dss/work/doau0129/hamlet_pheno/1_phenotyping/pca/lab_abe30_left_noflash_var.csv, /fs/dss/work/doau0129/hamlet_pheno/1_phenotyping/pca/lab_abe30_left_noflash_PCs.csv
    wildcards: dataset=lab_abe30_left_noflash
    resources: mem_mb=4000, mem_mib=3815, disk_mb=50000, disk_mib=47684, tmpdir=<TBD>, time=2:00:00, threads=1
No wall time information given. This might or might not work on your cluster. If not, specify the resource runtime in your rule or as a reasonable default via --default-resources.
[Mon Oct 27 15:49:18 2025]
Error in rule phenotyping:
    message: SLURM sbatch failed. The error message was 'sbatch: error: Batch job submission failed: Access/permission denied'.
    sbatch call:
        sbatch --parsable --job-name b957d24d-ce70-4f69-b933-fd7e0ad7384f --output /fs/dss/work/doau0129/hamlet_pheno/1_phenotyping/.snakemake/slurm_logs/rule_phenotyping/lab_abe30_left_noflash/%j.log --export=ALL --comment rule_phenotyping_wildcards_lab_abe30_left_noflash   -p defq --mem 4000 --ntasks=1 --cpus-per-task=1 -D /fs/dss/work/doau0129/hamlet_pheno/1_phenotyping --wrap="/user/doau0129/miniconda3/envs/snakemake_env/bin/python3.13 -m snakemake --snakefile '/fs/dss/work/doau0129/hamlet_pheno/1_phenotyping/Snakefile' --target-jobs 'phenotyping:dataset=lab_abe30_left_noflash' --allowed-rules phenotyping --cores 'all' --attempt 1 --force-use-threads  --wait-for-files '/fs/dss/work/doau0129/hamlet_pheno/1_phenotyping/.snakemake/tmp.b0b0pt2o' --force --target-files-omit-workdir-adjustment --max-inventory-time 0 --nocolor --no-hooks --nolock --ignore-incomplete --rerun-triggers software-env code mtime params input --conda-frontend 'conda' --shared-fs-usage source-cache persistence software-deployment storage-local-copies input-output sources --wrapper-prefix 'https://github.com/snakemake/snakemake-wrappers/raw/' --latency-wait 5 --scheduler 'ilp' --local-storage-prefix base64//LnNuYWtlbWFrZS9zdG9yYWdl --scheduler-solver-path '/user/doau0129/miniconda3/envs/snakemake_env/bin' --default-resources base64//bWVtX21iPTQwMDA= base64//ZGlza19tYj1tYXgoMippbnB1dC5zaXplX21iLCAxMDAwKSBpZiBpbnB1dCBlbHNlIDUwMDAw base64//dG1wZGlyPXN5c3RlbV90bXBkaXI= base64//dGltZT0yOjAwOjAw base64//dGhyZWFkcz0x --executor slurm-jobstep --jobs 1 --mode 'remote'"
For further error details see the cluster/cloud log and the log files of the involved rule(s).
    jobid: 12
    output: /fs/dss/work/doau0129/hamlet_pheno/1_phenotyping/pca/lab_abe30_left_noflash_PCs.csv, /fs/dss/work/doau0129/hamlet_pheno/1_phenotyping/pca/lab_abe30_left_noflash_var.csv
    shell:
        
        mkdir -p /fs/dss/work/doau0129/hamlet_pheno/1_phenotyping/pca /fs/dss/work/doau0129/hamlet_pheno/1_phenotyping/heatmaps

        python3 /fs/dss/work/doau0129/hamlet_pheno/scripts/python/phenotyping.py             --path_images /fs/dss/work/doau0129/hamlet_pheno/images             --mask /fs/dss/work/doau0129/hamlet_pheno/metadata/full_mask.tif             --color_space LAB             --path_results /fs/dss/work/doau0129/hamlet_pheno/1_phenotyping/pca             --path_figures /fs/dss/work/doau0129/hamlet_pheno/1_phenotyping/heatmaps             --mask_name fullm             --spec_name abe             --geo_name all             --dataset lab_abe30_left_noflash
        
        (command exited with non-zero exit code)
[Mon Oct 27 15:49:18 2025]
rule phenotyping:
    output: /fs/dss/work/doau0129/hamlet_pheno/1_phenotyping/pca/lab_uvi136_left_noflash_PCs.csv, /fs/dss/work/doau0129/hamlet_pheno/1_phenotyping/pca/lab_uvi136_left_noflash_var.csv
    jobid: 2
    reason: Missing output files: /fs/dss/work/doau0129/hamlet_pheno/1_phenotyping/pca/lab_uvi136_left_noflash_PCs.csv, /fs/dss/work/doau0129/hamlet_pheno/1_phenotyping/pca/lab_uvi136_left_noflash_var.csv
    wildcards: dataset=lab_uvi136_left_noflash
    resources: mem_mb=4000, mem_mib=3815, disk_mb=50000, disk_mib=47684, tmpdir=<TBD>, time=2:00:00, threads=1
No wall time information given. This might or might not work on your cluster. If not, specify the resource runtime in your rule or as a reasonable default via --default-resources.
[Mon Oct 27 15:49:18 2025]
Error in rule phenotyping:
    message: SLURM sbatch failed. The error message was 'sbatch: error: Batch job submission failed: Access/permission denied'.
    sbatch call:
        sbatch --parsable --job-name b957d24d-ce70-4f69-b933-fd7e0ad7384f --output /fs/dss/work/doau0129/hamlet_pheno/1_phenotyping/.snakemake/slurm_logs/rule_phenotyping/lab_uvi136_left_noflash/%j.log --export=ALL --comment rule_phenotyping_wildcards_lab_uvi136_left_noflash   -p defq --mem 4000 --ntasks=1 --cpus-per-task=1 -D /fs/dss/work/doau0129/hamlet_pheno/1_phenotyping --wrap="/user/doau0129/miniconda3/envs/snakemake_env/bin/python3.13 -m snakemake --snakefile '/fs/dss/work/doau0129/hamlet_pheno/1_phenotyping/Snakefile' --target-jobs 'phenotyping:dataset=lab_uvi136_left_noflash' --allowed-rules phenotyping --cores 'all' --attempt 1 --force-use-threads  --wait-for-files '/fs/dss/work/doau0129/hamlet_pheno/1_phenotyping/.snakemake/tmp.b0b0pt2o' --force --target-files-omit-workdir-adjustment --max-inventory-time 0 --nocolor --no-hooks --nolock --ignore-incomplete --rerun-triggers software-env code mtime params input --conda-frontend 'conda' --shared-fs-usage source-cache persistence software-deployment storage-local-copies input-output sources --wrapper-prefix 'https://github.com/snakemake/snakemake-wrappers/raw/' --latency-wait 5 --scheduler 'ilp' --local-storage-prefix base64//LnNuYWtlbWFrZS9zdG9yYWdl --scheduler-solver-path '/user/doau0129/miniconda3/envs/snakemake_env/bin' --default-resources base64//bWVtX21iPTQwMDA= base64//ZGlza19tYj1tYXgoMippbnB1dC5zaXplX21iLCAxMDAwKSBpZiBpbnB1dCBlbHNlIDUwMDAw base64//dG1wZGlyPXN5c3RlbV90bXBkaXI= base64//dGltZT0yOjAwOjAw base64//dGhyZWFkcz0x --executor slurm-jobstep --jobs 1 --mode 'remote'"
For further error details see the cluster/cloud log and the log files of the involved rule(s).
    jobid: 2
    output: /fs/dss/work/doau0129/hamlet_pheno/1_phenotyping/pca/lab_uvi136_left_noflash_PCs.csv, /fs/dss/work/doau0129/hamlet_pheno/1_phenotyping/pca/lab_uvi136_left_noflash_var.csv
    shell:
        
        mkdir -p /fs/dss/work/doau0129/hamlet_pheno/1_phenotyping/pca /fs/dss/work/doau0129/hamlet_pheno/1_phenotyping/heatmaps

        python3 /fs/dss/work/doau0129/hamlet_pheno/scripts/python/phenotyping.py             --path_images /fs/dss/work/doau0129/hamlet_pheno/images             --mask /fs/dss/work/doau0129/hamlet_pheno/metadata/full_mask.tif             --color_space LAB             --path_results /fs/dss/work/doau0129/hamlet_pheno/1_phenotyping/pca             --path_figures /fs/dss/work/doau0129/hamlet_pheno/1_phenotyping/heatmaps             --mask_name fullm             --spec_name all             --geo_name uvi             --dataset lab_uvi136_left_noflash
        
        (command exited with non-zero exit code)
[Mon Oct 27 15:49:18 2025]
rule phenotyping:
    output: /fs/dss/work/doau0129/hamlet_pheno/1_phenotyping/pca/lab_chl34_left_noflash_PCs.csv, /fs/dss/work/doau0129/hamlet_pheno/1_phenotyping/pca/lab_chl34_left_noflash_var.csv
    jobid: 11
    reason: Missing output files: /fs/dss/work/doau0129/hamlet_pheno/1_phenotyping/pca/lab_chl34_left_noflash_PCs.csv, /fs/dss/work/doau0129/hamlet_pheno/1_phenotyping/pca/lab_chl34_left_noflash_var.csv
    wildcards: dataset=lab_chl34_left_noflash
    resources: mem_mb=4000, mem_mib=3815, disk_mb=50000, disk_mib=47684, tmpdir=<TBD>, time=2:00:00, threads=1
No wall time information given. This might or might not work on your cluster. If not, specify the resource runtime in your rule or as a reasonable default via --default-resources.
[Mon Oct 27 15:49:18 2025]
Error in rule phenotyping:
    message: SLURM sbatch failed. The error message was 'sbatch: error: Batch job submission failed: Access/permission denied'.
    sbatch call:
        sbatch --parsable --job-name b957d24d-ce70-4f69-b933-fd7e0ad7384f --output /fs/dss/work/doau0129/hamlet_pheno/1_phenotyping/.snakemake/slurm_logs/rule_phenotyping/lab_chl34_left_noflash/%j.log --export=ALL --comment rule_phenotyping_wildcards_lab_chl34_left_noflash   -p defq --mem 4000 --ntasks=1 --cpus-per-task=1 -D /fs/dss/work/doau0129/hamlet_pheno/1_phenotyping --wrap="/user/doau0129/miniconda3/envs/snakemake_env/bin/python3.13 -m snakemake --snakefile '/fs/dss/work/doau0129/hamlet_pheno/1_phenotyping/Snakefile' --target-jobs 'phenotyping:dataset=lab_chl34_left_noflash' --allowed-rules phenotyping --cores 'all' --attempt 1 --force-use-threads  --wait-for-files '/fs/dss/work/doau0129/hamlet_pheno/1_phenotyping/.snakemake/tmp.b0b0pt2o' --force --target-files-omit-workdir-adjustment --max-inventory-time 0 --nocolor --no-hooks --nolock --ignore-incomplete --rerun-triggers software-env code mtime params input --conda-frontend 'conda' --shared-fs-usage source-cache persistence software-deployment storage-local-copies input-output sources --wrapper-prefix 'https://github.com/snakemake/snakemake-wrappers/raw/' --latency-wait 5 --scheduler 'ilp' --local-storage-prefix base64//LnNuYWtlbWFrZS9zdG9yYWdl --scheduler-solver-path '/user/doau0129/miniconda3/envs/snakemake_env/bin' --default-resources base64//bWVtX21iPTQwMDA= base64//ZGlza19tYj1tYXgoMippbnB1dC5zaXplX21iLCAxMDAwKSBpZiBpbnB1dCBlbHNlIDUwMDAw base64//dG1wZGlyPXN5c3RlbV90bXBkaXI= base64//dGltZT0yOjAwOjAw base64//dGhyZWFkcz0x --executor slurm-jobstep --jobs 1 --mode 'remote'"
For further error details see the cluster/cloud log and the log files of the involved rule(s).
    jobid: 11
    output: /fs/dss/work/doau0129/hamlet_pheno/1_phenotyping/pca/lab_chl34_left_noflash_PCs.csv, /fs/dss/work/doau0129/hamlet_pheno/1_phenotyping/pca/lab_chl34_left_noflash_var.csv
    shell:
        
        mkdir -p /fs/dss/work/doau0129/hamlet_pheno/1_phenotyping/pca /fs/dss/work/doau0129/hamlet_pheno/1_phenotyping/heatmaps

        python3 /fs/dss/work/doau0129/hamlet_pheno/scripts/python/phenotyping.py             --path_images /fs/dss/work/doau0129/hamlet_pheno/images             --mask /fs/dss/work/doau0129/hamlet_pheno/metadata/full_mask.tif             --color_space LAB             --path_results /fs/dss/work/doau0129/hamlet_pheno/1_phenotyping/pca             --path_figures /fs/dss/work/doau0129/hamlet_pheno/1_phenotyping/heatmaps             --mask_name fullm             --spec_name chl             --geo_name all             --dataset lab_chl34_left_noflash
        
        (command exited with non-zero exit code)
[Mon Oct 27 15:49:18 2025]
rule phenotyping:
    output: /fs/dss/work/doau0129/hamlet_pheno/1_phenotyping/pca/lab_ver60_left_noflash_PCs.csv, /fs/dss/work/doau0129/hamlet_pheno/1_phenotyping/pca/lab_ver60_left_noflash_var.csv
    jobid: 4
    reason: Missing output files: /fs/dss/work/doau0129/hamlet_pheno/1_phenotyping/pca/lab_ver60_left_noflash_PCs.csv, /fs/dss/work/doau0129/hamlet_pheno/1_phenotyping/pca/lab_ver60_left_noflash_var.csv
    wildcards: dataset=lab_ver60_left_noflash
    resources: mem_mb=4000, mem_mib=3815, disk_mb=50000, disk_mib=47684, tmpdir=<TBD>, time=2:00:00, threads=1
No wall time information given. This might or might not work on your cluster. If not, specify the resource runtime in your rule or as a reasonable default via --default-resources.
[Mon Oct 27 15:49:18 2025]
Error in rule phenotyping:
    message: SLURM sbatch failed. The error message was 'sbatch: error: Batch job submission failed: Access/permission denied'.
    sbatch call:
        sbatch --parsable --job-name b957d24d-ce70-4f69-b933-fd7e0ad7384f --output /fs/dss/work/doau0129/hamlet_pheno/1_phenotyping/.snakemake/slurm_logs/rule_phenotyping/lab_ver60_left_noflash/%j.log --export=ALL --comment rule_phenotyping_wildcards_lab_ver60_left_noflash   -p defq --mem 4000 --ntasks=1 --cpus-per-task=1 -D /fs/dss/work/doau0129/hamlet_pheno/1_phenotyping --wrap="/user/doau0129/miniconda3/envs/snakemake_env/bin/python3.13 -m snakemake --snakefile '/fs/dss/work/doau0129/hamlet_pheno/1_phenotyping/Snakefile' --target-jobs 'phenotyping:dataset=lab_ver60_left_noflash' --allowed-rules phenotyping --cores 'all' --attempt 1 --force-use-threads  --wait-for-files '/fs/dss/work/doau0129/hamlet_pheno/1_phenotyping/.snakemake/tmp.b0b0pt2o' --force --target-files-omit-workdir-adjustment --max-inventory-time 0 --nocolor --no-hooks --nolock --ignore-incomplete --rerun-triggers software-env code mtime params input --conda-frontend 'conda' --shared-fs-usage source-cache persistence software-deployment storage-local-copies input-output sources --wrapper-prefix 'https://github.com/snakemake/snakemake-wrappers/raw/' --latency-wait 5 --scheduler 'ilp' --local-storage-prefix base64//LnNuYWtlbWFrZS9zdG9yYWdl --scheduler-solver-path '/user/doau0129/miniconda3/envs/snakemake_env/bin' --default-resources base64//bWVtX21iPTQwMDA= base64//ZGlza19tYj1tYXgoMippbnB1dC5zaXplX21iLCAxMDAwKSBpZiBpbnB1dCBlbHNlIDUwMDAw base64//dG1wZGlyPXN5c3RlbV90bXBkaXI= base64//dGltZT0yOjAwOjAw base64//dGhyZWFkcz0x --executor slurm-jobstep --jobs 1 --mode 'remote'"
For further error details see the cluster/cloud log and the log files of the involved rule(s).
    jobid: 4
    output: /fs/dss/work/doau0129/hamlet_pheno/1_phenotyping/pca/lab_ver60_left_noflash_PCs.csv, /fs/dss/work/doau0129/hamlet_pheno/1_phenotyping/pca/lab_ver60_left_noflash_var.csv
    shell:
        
        mkdir -p /fs/dss/work/doau0129/hamlet_pheno/1_phenotyping/pca /fs/dss/work/doau0129/hamlet_pheno/1_phenotyping/heatmaps

        python3 /fs/dss/work/doau0129/hamlet_pheno/scripts/python/phenotyping.py             --path_images /fs/dss/work/doau0129/hamlet_pheno/images             --mask /fs/dss/work/doau0129/hamlet_pheno/metadata/full_mask.tif             --color_space LAB             --path_results /fs/dss/work/doau0129/hamlet_pheno/1_phenotyping/pca             --path_figures /fs/dss/work/doau0129/hamlet_pheno/1_phenotyping/heatmaps             --mask_name fullm             --spec_name all             --geo_name ver             --dataset lab_ver60_left_noflash
        
        (command exited with non-zero exit code)
[Mon Oct 27 15:49:18 2025]
rule phenotyping:
    output: /fs/dss/work/doau0129/hamlet_pheno/1_phenotyping/pca/lab_flo29_left_noflash_PCs.csv, /fs/dss/work/doau0129/hamlet_pheno/1_phenotyping/pca/lab_flo29_left_noflash_var.csv
    jobid: 6
    reason: Missing output files: /fs/dss/work/doau0129/hamlet_pheno/1_phenotyping/pca/lab_flo29_left_noflash_PCs.csv, /fs/dss/work/doau0129/hamlet_pheno/1_phenotyping/pca/lab_flo29_left_noflash_var.csv
    wildcards: dataset=lab_flo29_left_noflash
    resources: mem_mb=4000, mem_mib=3815, disk_mb=50000, disk_mib=47684, tmpdir=<TBD>, time=2:00:00, threads=1
No wall time information given. This might or might not work on your cluster. If not, specify the resource runtime in your rule or as a reasonable default via --default-resources.
[Mon Oct 27 15:49:18 2025]
Error in rule phenotyping:
    message: SLURM sbatch failed. The error message was 'sbatch: error: Batch job submission failed: Access/permission denied'.
    sbatch call:
        sbatch --parsable --job-name b957d24d-ce70-4f69-b933-fd7e0ad7384f --output /fs/dss/work/doau0129/hamlet_pheno/1_phenotyping/.snakemake/slurm_logs/rule_phenotyping/lab_flo29_left_noflash/%j.log --export=ALL --comment rule_phenotyping_wildcards_lab_flo29_left_noflash   -p defq --mem 4000 --ntasks=1 --cpus-per-task=1 -D /fs/dss/work/doau0129/hamlet_pheno/1_phenotyping --wrap="/user/doau0129/miniconda3/envs/snakemake_env/bin/python3.13 -m snakemake --snakefile '/fs/dss/work/doau0129/hamlet_pheno/1_phenotyping/Snakefile' --target-jobs 'phenotyping:dataset=lab_flo29_left_noflash' --allowed-rules phenotyping --cores 'all' --attempt 1 --force-use-threads  --wait-for-files '/fs/dss/work/doau0129/hamlet_pheno/1_phenotyping/.snakemake/tmp.b0b0pt2o' --force --target-files-omit-workdir-adjustment --max-inventory-time 0 --nocolor --no-hooks --nolock --ignore-incomplete --rerun-triggers software-env code mtime params input --conda-frontend 'conda' --shared-fs-usage source-cache persistence software-deployment storage-local-copies input-output sources --wrapper-prefix 'https://github.com/snakemake/snakemake-wrappers/raw/' --latency-wait 5 --scheduler 'ilp' --local-storage-prefix base64//LnNuYWtlbWFrZS9zdG9yYWdl --scheduler-solver-path '/user/doau0129/miniconda3/envs/snakemake_env/bin' --default-resources base64//bWVtX21iPTQwMDA= base64//ZGlza19tYj1tYXgoMippbnB1dC5zaXplX21iLCAxMDAwKSBpZiBpbnB1dCBlbHNlIDUwMDAw base64//dG1wZGlyPXN5c3RlbV90bXBkaXI= base64//dGltZT0yOjAwOjAw base64//dGhyZWFkcz0x --executor slurm-jobstep --jobs 1 --mode 'remote'"
For further error details see the cluster/cloud log and the log files of the involved rule(s).
    jobid: 6
    output: /fs/dss/work/doau0129/hamlet_pheno/1_phenotyping/pca/lab_flo29_left_noflash_PCs.csv, /fs/dss/work/doau0129/hamlet_pheno/1_phenotyping/pca/lab_flo29_left_noflash_var.csv
    shell:
        
        mkdir -p /fs/dss/work/doau0129/hamlet_pheno/1_phenotyping/pca /fs/dss/work/doau0129/hamlet_pheno/1_phenotyping/heatmaps

        python3 /fs/dss/work/doau0129/hamlet_pheno/scripts/python/phenotyping.py             --path_images /fs/dss/work/doau0129/hamlet_pheno/images             --mask /fs/dss/work/doau0129/hamlet_pheno/metadata/full_mask.tif             --color_space LAB             --path_results /fs/dss/work/doau0129/hamlet_pheno/1_phenotyping/pca             --path_figures /fs/dss/work/doau0129/hamlet_pheno/1_phenotyping/heatmaps             --mask_name fullm             --spec_name all             --geo_name flo             --dataset lab_flo29_left_noflash
        
        (command exited with non-zero exit code)
[Mon Oct 27 15:49:18 2025]
rule phenotyping:
    output: /fs/dss/work/doau0129/hamlet_pheno/1_phenotyping/pca/lab_pue187_left_noflash_PCs.csv, /fs/dss/work/doau0129/hamlet_pheno/1_phenotyping/pca/lab_pue187_left_noflash_var.csv
    jobid: 8
    reason: Missing output files: /fs/dss/work/doau0129/hamlet_pheno/1_phenotyping/pca/lab_pue187_left_noflash_PCs.csv, /fs/dss/work/doau0129/hamlet_pheno/1_phenotyping/pca/lab_pue187_left_noflash_var.csv
    wildcards: dataset=lab_pue187_left_noflash
    resources: mem_mb=4000, mem_mib=3815, disk_mb=50000, disk_mib=47684, tmpdir=<TBD>, time=2:00:00, threads=1
No wall time information given. This might or might not work on your cluster. If not, specify the resource runtime in your rule or as a reasonable default via --default-resources.
[Mon Oct 27 15:49:18 2025]
Error in rule phenotyping:
    message: SLURM sbatch failed. The error message was 'sbatch: error: Batch job submission failed: Access/permission denied'.
    sbatch call:
        sbatch --parsable --job-name b957d24d-ce70-4f69-b933-fd7e0ad7384f --output /fs/dss/work/doau0129/hamlet_pheno/1_phenotyping/.snakemake/slurm_logs/rule_phenotyping/lab_pue187_left_noflash/%j.log --export=ALL --comment rule_phenotyping_wildcards_lab_pue187_left_noflash   -p defq --mem 4000 --ntasks=1 --cpus-per-task=1 -D /fs/dss/work/doau0129/hamlet_pheno/1_phenotyping --wrap="/user/doau0129/miniconda3/envs/snakemake_env/bin/python3.13 -m snakemake --snakefile '/fs/dss/work/doau0129/hamlet_pheno/1_phenotyping/Snakefile' --target-jobs 'phenotyping:dataset=lab_pue187_left_noflash' --allowed-rules phenotyping --cores 'all' --attempt 1 --force-use-threads  --wait-for-files '/fs/dss/work/doau0129/hamlet_pheno/1_phenotyping/.snakemake/tmp.b0b0pt2o' --force --target-files-omit-workdir-adjustment --max-inventory-time 0 --nocolor --no-hooks --nolock --ignore-incomplete --rerun-triggers software-env code mtime params input --conda-frontend 'conda' --shared-fs-usage source-cache persistence software-deployment storage-local-copies input-output sources --wrapper-prefix 'https://github.com/snakemake/snakemake-wrappers/raw/' --latency-wait 5 --scheduler 'ilp' --local-storage-prefix base64//LnNuYWtlbWFrZS9zdG9yYWdl --scheduler-solver-path '/user/doau0129/miniconda3/envs/snakemake_env/bin' --default-resources base64//bWVtX21iPTQwMDA= base64//ZGlza19tYj1tYXgoMippbnB1dC5zaXplX21iLCAxMDAwKSBpZiBpbnB1dCBlbHNlIDUwMDAw base64//dG1wZGlyPXN5c3RlbV90bXBkaXI= base64//dGltZT0yOjAwOjAw base64//dGhyZWFkcz0x --executor slurm-jobstep --jobs 1 --mode 'remote'"
For further error details see the cluster/cloud log and the log files of the involved rule(s).
    jobid: 8
    output: /fs/dss/work/doau0129/hamlet_pheno/1_phenotyping/pca/lab_pue187_left_noflash_PCs.csv, /fs/dss/work/doau0129/hamlet_pheno/1_phenotyping/pca/lab_pue187_left_noflash_var.csv
    shell:
        
        mkdir -p /fs/dss/work/doau0129/hamlet_pheno/1_phenotyping/pca /fs/dss/work/doau0129/hamlet_pheno/1_phenotyping/heatmaps

        python3 /fs/dss/work/doau0129/hamlet_pheno/scripts/python/phenotyping.py             --path_images /fs/dss/work/doau0129/hamlet_pheno/images             --mask /fs/dss/work/doau0129/hamlet_pheno/metadata/full_mask.tif             --color_space LAB             --path_results /fs/dss/work/doau0129/hamlet_pheno/1_phenotyping/pca             --path_figures /fs/dss/work/doau0129/hamlet_pheno/1_phenotyping/heatmaps             --mask_name fullm             --spec_name pue             --geo_name all             --dataset lab_pue187_left_noflash
        
        (command exited with non-zero exit code)
Shutting down, this might take some time.
Terminating processes on user request, this might take some time.
