host: hpcl001
Building DAG of jobs...
MissingInputException in rule plot_figures in file "/fs/dss/work/doau0129/hamlet_pheno/1_phenotyping/Snakefile", line 108:
Missing input files for rule plot_figures:
    output: /user/doau0129/miniconda3/envs/snakemake_env/lib/python3.13/site-packages/figures/Fig1_pLocPCA.png, /user/doau0129/miniconda3/envs/snakemake_env/lib/python3.13/site-packages/figures/Fig2_pAllPCA.png, /user/doau0129/miniconda3/envs/snakemake_env/lib/python3.13/site-packages/figures/FigS3_pAllVAR.png, /user/doau0129/miniconda3/envs/snakemake_env/lib/python3.13/site-packages/figures/FigS4_pLocSUP.png, /user/doau0129/miniconda3/envs/snakemake_env/lib/python3.13/site-packages/figures/FigS5_pLocPERM.png, /user/doau0129/miniconda3/envs/snakemake_env/lib/python3.13/site-packages/figures/FigS6_pLocHCLUST.png, /user/doau0129/miniconda3/envs/snakemake_env/lib/python3.13/site-packages/figures/FigS7_pLocHEAT.png, /user/doau0129/miniconda3/envs/snakemake_env/lib/python3.13/site-packages/figures/FigS8_pAll.png, /user/doau0129/miniconda3/envs/snakemake_env/lib/python3.13/site-packages/figures/FigS9_pSpe.png
    affected files:
        /user/doau0129/miniconda3/envs/snakemake_env/lib/python3.13/site-packages/1_phenotyping/pca/lab_flo29_left_noflash_PCs.csv
        /user/doau0129/miniconda3/envs/snakemake_env/lib/python3.13/site-packages/1_phenotyping/pca/lab_chl34_left_noflash_var.csv
        /user/doau0129/miniconda3/envs/snakemake_env/lib/python3.13/site-packages/1_phenotyping/pca/lab_bel46_left_noflash_PCs.csv
        /user/doau0129/miniconda3/envs/snakemake_env/lib/python3.13/site-packages/1_phenotyping/pca/lab_boc229_left_noflash_PCs.csv
        /user/doau0129/miniconda3/envs/snakemake_env/lib/python3.13/site-packages/1_phenotyping/pca/lab_571_left_noflash_var.csv
        /user/doau0129/miniconda3/envs/snakemake_env/lib/python3.13/site-packages/1_phenotyping/pca/lab_flo29_left_noflash_var.csv
        /user/doau0129/miniconda3/envs/snakemake_env/lib/python3.13/site-packages/1_phenotyping/pca/lab_uni74_left_noflash_PCs.csv
        /user/doau0129/miniconda3/envs/snakemake_env/lib/python3.13/site-packages/1_phenotyping/pca/lab_pue187_left_noflash_var.csv
        /user/doau0129/miniconda3/envs/snakemake_env/lib/python3.13/site-packages/1_phenotyping/pca/lab_abe30_left_noflash_PCs.csv
        /user/doau0129/miniconda3/envs/snakemake_env/lib/python3.13/site-packages/1_phenotyping/pca/lab_ind28_left_noflash_var.csv
        /user/doau0129/miniconda3/envs/snakemake_env/lib/python3.13/site-packages/1_phenotyping/pca/lab_boc229_left_noflash_var.csv
        /user/doau0129/miniconda3/envs/snakemake_env/lib/python3.13/site-packages/1_phenotyping/pca/lab_nig111_left_noflash_PCs.csv
        /user/doau0129/miniconda3/envs/snakemake_env/lib/python3.13/site-packages/1_phenotyping/pca/lab_uni74_left_noflash_var.csv
        /user/doau0129/miniconda3/envs/snakemake_env/lib/python3.13/site-packages/1_phenotyping/pca/lab_tob69_left_noflash_PCs.csv
        /user/doau0129/miniconda3/envs/snakemake_env/lib/python3.13/site-packages/1_phenotyping/pca/lab_pue187_left_noflash_PCs.csv
        /user/doau0129/miniconda3/envs/snakemake_env/lib/python3.13/site-packages/1_phenotyping/pca/lab_nig111_left_noflash_var.csv
        /user/doau0129/miniconda3/envs/snakemake_env/lib/python3.13/site-packages/1_phenotyping/pca/lab_chl34_left_noflash_PCs.csv
        /user/doau0129/miniconda3/envs/snakemake_env/lib/python3.13/site-packages/1_phenotyping/pca/lab_ind28_left_noflash_PCs.csv
        /user/doau0129/miniconda3/envs/snakemake_env/lib/python3.13/site-packages/1_phenotyping/pca/lab_abe30_left_noflash_var.csv
        /user/doau0129/miniconda3/envs/snakemake_env/lib/python3.13/site-packages/1_phenotyping/pca/lab_tob69_left_noflash_var.csv
        /user/doau0129/miniconda3/envs/snakemake_env/lib/python3.13/site-packages/1_phenotyping/pca/lab_bel46_left_noflash_var.csv
        /user/doau0129/miniconda3/envs/snakemake_env/lib/python3.13/site-packages/1_phenotyping/pca/lab_uvi136_left_noflash_PCs.csv
        /user/doau0129/miniconda3/envs/snakemake_env/lib/python3.13/site-packages/1_phenotyping/pca/lab_ver60_left_noflash_PCs.csv
        /user/doau0129/miniconda3/envs/snakemake_env/lib/python3.13/site-packages/1_phenotyping/pca/lab_ver60_left_noflash_var.csv
        /user/doau0129/miniconda3/envs/snakemake_env/lib/python3.13/site-packages/1_phenotyping/pca/lab_uvi136_left_noflash_var.csv
        /user/doau0129/miniconda3/envs/snakemake_env/lib/python3.13/site-packages/1_phenotyping/pca/lab_571_left_noflash_PCs.csv
