Processing dataset: lab_571_left_noflash, species: all, location: all
Clipping input data to the valid range for imshow with RGB data ([0..1] for floats or [0..255] for integers). Got range [0.27528805937110434..255.0].
Clipping input data to the valid range for imshow with RGB data ([0..1] for floats or [0..255] for integers). Got range [0.17984691202684283..255.0].
Clipping input data to the valid range for imshow with RGB data ([0..1] for floats or [0..255] for integers). Got range [0.15598662519077744..255.0].
Clipping input data to the valid range for imshow with RGB data ([0..1] for floats or [0..255] for integers). Got range [0.2633579159530717..255.0].
Clipping input data to the valid range for imshow with RGB data ([0..1] for floats or [0..255] for integers). Got range [0.2096722705719246..255.0].
Clipping input data to the valid range for imshow with RGB data ([0..1] for floats or [0..255] for integers). Got range [0.19177705544487555..255.0].
Clipping input data to the valid range for imshow with RGB data ([0..1] for floats or [0..255] for integers). Got range [0.08440576468258132..255.0].
Clipping input data to the valid range for imshow with RGB data ([0..1] for floats or [0..255] for integers). Got range [0.05458040613749959..255.0].
Clipping input data to the valid range for imshow with RGB data ([0..1] for floats or [0..255] for integers). Got range [0.0307201193014342..255.0].
Clipping input data to the valid range for imshow with RGB data ([0..1] for floats or [0..255] for integers). Got range [0.10230097980963032..255.0].
Clipping input data to the valid range for imshow with RGB data ([0..1] for floats or [0..255] for integers). Got range [0.024755047592417867..255.0].
Clipping input data to the valid range for imshow with RGB data ([0..1] for floats or [0..255] for integers). Got range [0.10230097980963032..255.0].
Clipping input data to the valid range for imshow with RGB data ([0..1] for floats or [0..255] for integers). Got range [0.012824904174385254..255.0].
Clipping input data to the valid range for imshow with RGB data ([0..1] for floats or [0..255] for integers). Got range [0.1261612666456957..255.0].
Clipping input data to the valid range for imshow with RGB data ([0..1] for floats or [0..255] for integers). Got range [0.036685191010450535..255.0].
The script is called /fs/dss/work/doau0129/hamlet_pheno/scripts/python/phenotyping.py
The script is called with 9 arguments
/fs/dss/work/doau0129/hamlet_pheno/images
[[0 0 0 ... 0 0 0]
 [0 0 0 ... 0 0 0]
 [0 0 0 ... 0 0 0]
 ...
 [0 0 0 ... 0 0 0]
 [0 0 0 ... 0 0 0]
 [0 0 0 ... 0 0 0]]
LAB
/fs/dss/work/doau0129/hamlet_pheno/1_phenotyping/pca
/fs/dss/work/doau0129/hamlet_pheno/1_phenotyping/heatmaps
fullm
all
all
lab_571_left_noflash
['PL22_0358induvi-l5.png', 'PL22_0228nigboc-l5.png', 'PL22_0307abeuvi-l3.png', 'PL22_0208nigboc-l12.png', 'PL22_0491atlver-l4.png', 'PL22_0095nigboc-l3.png', 'PL22_0486casver-l4.png', 'PL17_088abebel-l3-s4-f4-c2-d1.png', 'PL22_0154puetob-l7.png', 'PL22_0147gumtob-l3.png', 'PL22_0303abeuvi-l2.png', 'PL17_095maybel-l11-s4-f4-c2-d1.png', 'PL22_0178chltob-l2.png', 'PL22_0025nigboc-l11.png', 'PL17_132indbel-l1-s4-f4-c2-d1.png', 'PL22_0367abeuvi-l3.png', 'PL22_0141gumtob-l8.png', 'PL22_0416chluvi-l2.png', 'PL22_0287pueboc-l3.png', 'PL17_123maybel-l3-s4-f4-c2-d1.png', 'PL22_0515atlver-l1.png', 'PL22_0134puetob-l8.png', 'PL22_0152puetob-l7.png', 'PL22_0014pueboc-l11.png', 'PL22_0347uniuvi-l4.png', 'PL22_0392chluvi-l7.png', 'PL22_0201abeboc-l7.png', 'PL22_0004pueboc-l16.png', 'PL22_0465casver-l6.png', 'PL22_0263nigboc-l5.png', 'PL17_103puebel-l1-s4-f4-c2-d1.png', 'PL22_0293uniboc-l2.png', 'PL22_0009pueboc-l8.png', 'PL17_135uniflo-l6-s4-f4-c2-d1.png', 'PL22_0084pueboc-l1.png', 'PL22_0421uniuvi-l4.png', 'PL22_0315uniuvi-l2.png', 'PL17_140uniflo-l1-s4-f4-c2-d1.png', 'PL22_0002pueboc-l2.png', 'PL22_0405chluvi-l2.png', 'PL22_0370abeuvi-l8.png', 'PL22_0478casver-l2.png', 'PL22_0150puetob-l7.png', 'PL22_0189nigboc-l1.png', 'PL22_0098pueboc-l5.png', 'PL22_0070nigboc-l1.png', 'PL17_093nigbel-l1-s4-f4-c2-d1.png', 'PL22_0018pueboc-l9.png', 'PL22_0148puetob-l6.png', 'PL22_0164puetob-l8.png', 'PL22_0101pueboc-l4.png', 'PL22_0257pueboc-l3.png', 'PL22_0389abeuvi-l5.png', 'PL22_0480atlver-l13.png', 'PL22_0044nigboc-l4.png', 'PL22_0250nigboc-l1.png', 'PL22_0130puetob-l10.png', 'PL22_0215pueboc-l5.png', 'PL17_126maybel-l1-s4-f4-c2-d1.png', 'PL22_0375abeuvi-l6.png', 'PL22_0226pueboc-l6.png', 'PL22_0041uniboc-l4.png', 'PL17_121maybel-l5-s4-f4-c2-d1.png', 'PL22_0145puetob-l5.png', 'PL22_0309induvi-l10.png', 'PL22_0117puetob-l3.png', 'PL22_0120puetob-l4.png', 'PL22_0124puetob-l1.png', 'PL22_0355induvi-l5.png', 'PL22_0474casver-l3.png', 'PL22_0374abeuvi-l2.png', 'PL22_0186nigboc-l4.png', 'PL22_0131puetob-l1.png', 'PL22_0212pueboc-l5.png', 'PL22_0359pueuvi-l1.png', 'PL17_162uniflo-l2-s4-f4-c2-d1.png', 'PL22_0472casver-l6.png', 'PL22_0288uniboc-l3.png', 'PL22_0384abeuvi-l5.png', 'PL22_0076pueboc-l9.png', 'PL22_0282abeboc-l3.png', 'PL22_0462atlver-l1.png', 'PL22_0089nigboc-l6.png', 'PL22_0413uniuvi-l3.png', 'PL22_0342niguvi-l4.png', 'PL22_0361uniuvi-l5.png', 'PL22_0019pueboc-l3.png', 'PL22_0360pueuvi-l2.png', 'PL22_0294abeboc-l3.png', 'PL22_0251pueboc-l6.png', 'PL22_0412induvi-l4.png', 'PL22_0482atlver-l4.png', 'PL22_0060uniboc-l1.png', 'PL22_0214pueboc-l9.png', 'PL22_0487casver-l1.png', 'PL22_0142gumtob-l5.png', 'PL22_0063pueboc-l8.png', 'PL17_091nigbel-l1-s4-f4-c2-d1.png', 'PL22_0323uniuvi-l2.png', 'PL22_0371pueuvi-l2.png', 'PL22_0517atlver-l4.png', 'PL17_142gemflo-l1-s4-f4-c2-d1.png', 'PL22_0369abeuvi-l7.png', 'PL22_0007uniboc-l1.png', 'PL22_0500atlver-l15.png', 'PL22_0031nigboc-l3.png', 'PL22_0364pueuvi-l5.png', 'PL22_0116pueboc-l8.png', 'PL22_0072pueboc-l6.png', 'PL22_0291uniboc-l3.png', 'PL22_0026nigboc-l1.png', 'PL22_0126gumtob-l6.png', 'PL22_0505casver-l5.png', 'PL22_0470casver-l4.png', 'PL22_0113nigboc-l3.png', 'PL22_0244pueboc-l5.png', 'PL17_163uniflo-l2-s4-f4-c2-d1.png', 'PL22_0045uniboc-l3.png', 'PL22_0382niguvi-l1.png', 'PL22_0503casver-l1.png', 'PL22_0248pueboc-l3.png', 'PL22_0261pueboc-l6.png', 'PL22_0376abeuvi-l5.png', 'PL22_0256pueboc-l6.png', 'PL22_0292uniboc-l4.png', 'PL22_0234pueboc-l6.png', 'PL22_0027uniboc-l6.png', 'PL22_0391chluvi-l3.png', 'PL22_0166chltob-l12.png', 'PL22_0366niguvi-l1.png', 'PL22_0335uniuvi-l5.png', 'PL22_0430pueuvi-l4.png', 'PL22_0317niguvi-l5.png', 'PL22_0139gumtob-l6.png', 'PL22_0100nigboc-l10.png', 'PL22_0149gumtob-l11.png', 'PL22_0301uniuvi-l1.png', 'PL22_0278pueboc-l4.png', 'PL22_0066pueboc-l5.png', 'PL22_0050pueboc-l3.png', 'PL22_0262nigboc-l1.png', 'PL22_0073nigboc-l2.png', 'PL22_0511atlver-l1.png', 'PL22_0488atlver-l6.png', 'PL22_0368abeuvi-l4.png', 'PL22_0013pueboc-l8.png', 'PL22_0247proboc-l1.png', 'PL17_104nigbel-l1-s4-f4-c2-d1.png', 'PL17_130puebel-l3-s4-f4-c2-d1.png', 'PL22_0158gumtob-l3.png', 'PL22_0289uniboc-l1.png', 'PL22_0519atlver-l6.png', 'PL22_0023uniboc-l12.png', 'PL22_0036uniboc-l3.png', 'PL22_0196pueboc-l1.png', 'PL22_0252uniboc-l4.png', 'PL22_0221nigboc-l1.png', 'PL22_0088uniboc-l8.png', 'PL22_0381abeuvi-l2.png', 'PL22_0082nigboc-l2.png', 'PL22_0351pueuvi-l5.png', 'PL22_0337niguvi-l1.png', 'PL22_0479atlver-l11.png', 'PL22_0494casver-l4.png', 'PL22_0079pueboc-l3.png', 'PL22_0401niguvi-l3.png', 'PL22_0396chluvi-l2.png', 'PL22_0314niguvi-l5.png', 'PL17_164uniflo-l2-s4-f4-c2-d1.png', 'PL22_0211nigboc-l17.png', 'PL22_0202pueboc-l1.png', 'PL22_0285uniboc-l8.png', 'PL22_0024nigboc-l15.png', 'PL22_0296uniboc-l6.png', 'PL22_0305abeuvi-l2.png', 'PL22_0194nigboc-l6.png', 'PL22_0272nigboc-l7.png', 'PL22_0497atlver-l6.png', 'PL22_0171gumtob-l15.png', 'PL22_0053nigboc-l2.png', 'PL22_0209nigboc-l6.png', 'PL22_0058nigboc-l1.png', 'PL22_0222uniboc-l3.png', 'PL22_0343pueuvi-l5.png', 'PL22_0435induvi-l3.png', 'PL22_0125gumtob-l10.png', 'PL22_0188nigboc-l7.png', 'PL22_0127puetob-l6.png', 'PL22_0390induvi-l2.png', 'PL22_0235pueboc-l6.png', 'PL22_0138puetob-l4.png', 'PL22_0047pueboc-l4.png', 'PL17_110puebel-l1-s4-f4-c2-d1.png', 'PL17_137uniflo-l4-s4-f4-c2-d1.png', 'PL22_0266pueboc-l5.png', 'PL22_0029abeboc-l3.png', 'PL22_0220nigboc-l5.png', 'PL22_0233pueboc-l2.png', 'PL22_0433induvi-l4.png', 'PL22_0231pueboc-l4.png', 'PL22_0273uniboc-l10.png', 'PL22_0350pueuvi-l5.png', 'PL22_0216nigboc-l3.png', 'PL17_147uniflo-l6-s4-f4-c2-d1.png', 'PL22_0397chluvi-l8.png', 'PL17_150uniflo-l5-s4-f4-c2-d1.png', 'PL22_0128gumtob-l3.png', 'PL22_0108pueboc-l2.png', 'PL17_124maybel-l3-s4-f4-c2-d1.png', 'PL22_0504casver-l6.png', 'PL22_0062pueboc-l1.png', 'PL22_0161gumtob-l1.png', 'PL22_0475casver-l4.png', 'PL22_0270pueboc-l4.png', 'PL22_0402induvi-l5.png', 'PL22_0394chluvi-l1.png', 'PL22_0312niguvi-l6.png', 'PL22_0423uniuvi-l5.png', 'PL22_0495atlver-l4.png', 'PL22_0477atlver-l10.png', 'PL22_0236pueboc-l5.png', 'PL22_0422induvi-l2.png', 'PL22_0229nigboc-l3.png', 'PL22_0471casver-l4.png', 'PL22_0385niguvi-l1.png', 'PL22_0224pueboc-l2.png', 'PL22_0105uniboc-l3.png', 'PL22_0300uniboc-l1.png', 'PL22_0407chluvi-l5.png', 'PL22_0225proboc-l4.png', 'PL22_0121gumtob-l4.png', 'PL22_0159gumtob-l4.png', 'PL17_160pueflo-l1-s4-f4-c2-d1.png', 'PL22_0034uniboc-l4.png', 'PL22_0279gumboc-l3.png', 'PL22_0380abeuvi-l10.png', 'PL22_0255pueboc-l2.png', 'PL22_0057pueboc-l11.png', 'PL17_094puebel-l1-s4-f4-c2-d1.png', 'PL22_0330induvi-l4.png', 'PL22_0177chltob-l3.png', 'PL22_0210nigboc-l4.png', 'PL22_0115nigboc-l4.png', 'PL17_136uniflo-l4-s4-f4-c2-d1.png', 'PL17_109puebel-l1-s4-f4-c2-d1.png', 'PL22_0069pueboc-l4.png', 'PL22_0030nigboc-l2.png', 'PL22_0046uniboc-l9.png', 'PL22_0160chltob-l9.png', 'PL17_097indbel-l1-s4-f4-c2-d1.png', 'PL22_0016uniboc-l13.png', 'PL17_161uniflo-l1-s4-f4-c2-d1.png', 'PL22_0318niguvi-l2.png', 'PL17_148gemflo-l8-s4-f4-c2-d1.png', 'PL22_0039pueboc-l6.png', 'PL22_0516atlver-l5.png', 'PL22_0259pueboc-l6.png', 'PL22_0499atlver-l6.png', 'PL22_0187nigboc-l7.png', 'PL22_0213pueboc-l5.png', 'PL22_0321uniuvi-l3.png', 'PL22_0011pueboc-l2.png', 'PL22_0040uniboc-l5.png', 'PL22_0510casver-l3.png', 'PL22_0184puetob-l5.png', 'PL22_0091uniboc-l6.png', 'PL17_120maybel-l4-s4-f4-c2-d1.png', 'PL22_0348pueuvi-l4.png', 'PL22_0075nigboc-l21.png', 'PL22_0425pueuvi-l5.png', 'PL17_127indbel-l5-s4-f4-c2-d1.png', 'PL22_0398chluvi-l1.png', 'PL22_0240pueboc-l6.png', 'PL22_0264nigboc-l6.png', 'PL22_0308niguvi-l6.png', 'PL22_0286nigboc-l2.png', 'PL22_0352uniuvi-l2.png', 'PL17_116nigbel-l1-s4-f4-c2-d1.png', 'PL22_0325pueuvi-l2.png', 'PL22_0144puetob-l6.png', 'PL17_113nigbel-l1-s4-f4-c2-d1.png', 'PL22_0182puetob-l4.png', 'PL22_0064pueboc-l5.png', 'PL17_125tanbel-l4-s4-f4-c2-d1.png', 'PL22_0195uniboc-l8.png', 'PL17_159pueflo-l3-s4-f4-c2-d1.png', 'PL22_0333pueuvi-l4.png', 'PL22_0496atlver-l2.png', 'PL22_0198uniboc-l4.png', 'PL22_0521atlver-l7.png', 'PL22_0362abeuvi-l6.png', 'PL22_0327uniuvi-l4.png', 'PL17_65puepor-l1-s3-f3-c2-d1.png', 'PL22_0275pueboc-l5.png', 'PL22_0200pueboc-l3.png', 'PL17_157pueflo-l3-s4-f4-c2-d1.png', 'PL22_0043nigboc-l3.png', 'PL22_0513atlver-l5.png', 'PL17_107puebel-l1-s4-f4-c2-d1.png', 'PL22_0383niguvi-l11.png', 'PL17_153gemflo-l3-s4-f4-c2-d1.png', 'PL22_0302uniuvi-l3.png', 'PL17_115nigbel-l3-s4-f4-c2-d1.png', 'PL22_0249nigboc-l5.png', 'PL22_0393chluvi-l5.png', 'PL22_0207nigboc-l6.png', 'PL22_0176gumtob-l1.png', 'PL22_0190nigboc-l2.png', 'PL22_0173gumtob-l3.png', 'PL22_0197uniboc-l7.png', 'PL22_0254uniboc-l3.png', 'PL22_0483atlver-l6.png', 'PL22_0102pueboc-l3.png', 'PL22_0077pueboc-l4.png', 'PL22_0230pueboc-l1.png', 'PL22_0283nigboc-l5.png', 'PL22_0033nigboc-l1.png', 'PL22_0246pueboc-l6.png', 'PL22_0153gumtob-l14.png', 'PL22_0349induvi-l1.png', 'PL22_0239pueboc-l5.png', 'PL17_100indbel-l3-s4-f4-c2-d1.png', 'PL22_0140puetob-l4.png', 'PL22_0506atlver-l2.png', 'PL22_0420uniuvi-l4.png', 'PL22_0112pueboc-l2.png', 'PL22_0092pueboc-l6.png', 'PL22_0103pueboc-l10.png', 'PL22_0129puetob-l3.png', 'PL22_0426pueuvi-l2.png', 'PL22_0035pueboc-l1.png', 'PL22_0038pueboc-l7.png', 'PL22_0071nigboc-l2.png', 'PL22_0237pueboc-l7.png', 'PL22_0074nigboc-l5.png', 'PL22_0467atlver-l4.png', 'PL22_0268nigboc-l5.png', 'PL17_112nigbel-l1-s4-f4-c2-d1.png', 'PL22_0218nigboc-l8.png', 'PL22_0408induvi-l3.png', 'PL22_0424uniuvi-l3.png', 'PL22_0012pueboc-l2.png', 'PL17_139pueflo-l1-s4-f4-c2-d1.png', 'PL22_0387abeuvi-l2.png', 'PL22_0068pueboc-l1.png', 'PL22_0080pueboc-l2.png', 'PL22_0203pueboc-l2.png', 'PL17_089maybel-l3-s4-f4-c2-d1.png', 'PL22_0338pueuvi-l3.png', 'PL22_0322pueuvi-l4.png', 'PL22_0217nigboc-l6.png', 'PL22_0118puetob-l4.png', 'PL17_105puebel-l1-s4-f4-c2-d1.png', 'PL22_0083pueboc-l1.png', 'PL22_0132puetob-l4.png', 'PL17_101maybel-l6-s4-f4-c2-d1.png', 'PL22_0087pueboc-l4.png', 'PL22_0363abeuvi-l4.png', 'PL17_118nigbel-l1-s4-f4-c2-d1.png', 'PL22_0107pueboc-l5.png', 'PL17_133puebel-l3-s4-f4-c2-d1.png', 'PL22_0042nigboc-l9.png', 'PL22_0274pueboc-l3.png', 'PL22_0003pueboc-l15.png', 'PL22_0174chltob-l9.png', 'PL22_0048nigboc-l6.png', 'PL22_0277pueboc-l4.png', 'PL22_0344pueuvi-l1.png', 'PL22_0489atlver-l5.png', 'PL22_0192abeboc-l3.png', 'PL22_0067nigboc-l1.png', 'PL22_0373induvi-l1.png', 'PL22_0049nigboc-l5.png', 'PL17_128indbel-l1-s4-f4-c2-d1.png', 'PL22_0010pueboc-l11.png', 'PL22_0377abeuvi-l1.png', 'PL22_0037pueboc-l7.png', 'PL22_0469casver-l3.png', 'PL22_0331induvi-l4.png', 'PL22_0109uniboc-l7.png', 'PL22_0204pueboc-l7.png', 'PL22_0319uniuvi-l2.png', 'PL22_0232pueboc-l7.png', 'PL22_0410chluvi-l4.png', 'PL22_0008pueboc-l11.png', 'PL22_0143puetob-l5.png', 'PL22_0167chltob-l1.png', 'PL17_154uniflo-l2-s4-f4-c2-d1.png', 'PL22_0162chltob-l8.png', 'PL22_0514casver-l5.png', 'PL22_0191pueboc-l6.png', 'PL22_0328niguvi-l4.png', 'PL22_0238pueboc-l3.png', 'PL22_0295abeboc-l6.png', 'PL22_0137puetob-l3.png', 'PL22_0054nigboc-l5.png', 'PL17_145gemflo-l8-s4-f4-c2-d1.png', 'PL22_0099pueboc-l5.png', 'PL22_0354uniuvi-l5.png', 'PL22_0271abeboc-l4.png', 'PL22_0181puetob-l2.png', 'PL22_0133guttob-l1.png', 'PL22_0199uniboc-l6.png', 'PL22_0276pueboc-l7.png', 'PL22_0304niguvi-l4.png', 'PL22_0021pueboc-l3.png', 'PL22_0388niguvi-l1.png', 'PL22_0123puetob-l1.png', 'PL22_0281pueboc-l6.png', 'PL22_0258nigboc-l3.png', 'PL17_106nigbel-l1-s4-f4-c2-d1.png', 'PL22_0306pueuvi-l9.png', 'PL22_0168chltob-l4.png', 'PL22_0122puetob-l8.png', 'PL22_0508casver-l4.png', 'PL22_0056pueboc-l2.png', 'PL22_0206pueboc-l6.png', 'PL22_0418uniuvi-l1.png', 'PL17_096nigbel-l1-s4-f4-c2-d1.png', 'PL22_0156gumtob-l4.png', 'PL17_114nigbel-l1-s4-f4-c2-d1.png', 'PL22_0253nigboc-l5.png', 'PL22_0339niguvi-l4.png', 'PL22_0484casver-l2.png', 'PL22_0106uniboc-l2.png', 'PL22_0243pueboc-l3.png', 'PL17_144gemflo-l7-s4-f4-c2-d1.png', 'PL22_0476casver-l7.png', 'PL22_0417chluvi-l5.png', 'PL22_0378pueuvi-l2.png', 'PL22_0097pueboc-l4.png', 'PL22_0110uniboc-l8.png', 'PL22_0403chluvi-l5.png', 'PL22_0015pueboc-l5.png', 'PL22_0111pueboc-l8.png', 'PL22_0356uniuvi-l5.png', 'PL22_0299uniboc-l4.png', 'PL22_0326pueuvi-l5.png', 'PL22_0241pueboc-l10.png', 'PL22_0481atlver-l2.png', 'PL22_0509casver-l4.png', 'PL22_0170gumtob-l9.png', 'PL22_0205nigboc-l3.png', 'PL22_0406chluvi-l2.png', 'PL22_0518atlver-l4.png', 'PL17_152pueflo-l5-s4-f4-c2-d1.png', 'PL22_0051pueboc-l1.png', 'PL22_0473casver-l1.png', 'PL22_0135puetob-l4.png', 'PL17_84chlpor-l8-s3-f4-c2-d1.png', 'PL22_0065pueboc-l6.png', 'PL17_087nigbel-l3-s4-f4-c2-d1.png', 'PL17_131puebel-l2-s4-f4-c2-d1.png', 'PL17_122maybel-l1-s4-f4-c2-d1.png', 'PL22_0284uniboc-l4.png', 'PL17_090puebel-l1-s4-f4-c2-d1.png', 'PL17_111indbel-l1-s4-f4-c2-d1.png', 'PL22_0290gutboc-l5.png', 'PL22_0320uniuvi-l1.png', 'PL17_155pueflo-l1-s4-f4-c2-d1.png', 'PL22_0169gumtob-l1.png', 'PL22_0017pueboc-l11.png', 'PL22_0020pueboc-l1.png', 'PL22_0399chluvi-l6.png', 'PL17_134uniflo-l4-s4-f4-c2-d1.png', 'PL22_0151chltob-l6.png', 'PL22_0353pueuvi-l3.png', 'PL22_0485casver-l5.png', 'PL22_0311niguvi-l1.png', 'PL22_0119puetob-l4.png', 'PL22_0395abeuvi-l3.png', 'PL22_0313niguvi-l3.png', 'PL22_0157gumtob-l6.png', 'PL22_0414chluvi-l1.png', 'PL22_0379pueuvi-l7.png', 'PL17_149nigflo-l1-s4-f4-c2-d1.png', 'PL22_0032nigboc-l4.png', 'PL22_0493casver-l6.png', 'PL22_0086nigboc-l6.png', 'PL22_0372induvi-l3.png', 'PL22_0219nigboc-l2.png', 'PL22_0468casver-l6.png', 'PL22_0428pueuvi-l2.png', 'PL22_0498casver-l6.png', 'PL22_0340uniuvi-l5.png', 'PL22_0155gumtob-l4.png', 'PL22_0429pueuvi-l4.png', 'PL22_0332pueuvi-l5.png', 'PL22_0415chluvi-l3.png', 'PL22_0165gumtob-l11.png', 'PL22_0061uniboc-l3.png', 'PL17_143uniflo-l3-s4-f4-c2-d1.png', 'PL17_141uniflo-l6-s4-f4-c2-d1.png', 'PL22_0386abeuvi-l6.png', 'PL22_0432induvi-l4.png', 'PL22_0466casver-l6.png', 'PL22_0175chltob-l3.png', 'PL22_0298pueboc-l6.png', 'PL22_0341niguvi-l4.png', 'PL17_117puebel-l1-s4-f4-c2-d1.png', 'PL22_0059nigboc-l3.png', 'PL22_0404chluvi-l5.png', 'PL22_0193nigboc-l6.png', 'PL22_0357pueuvi-l5.png', 'PL22_0265nigboc-l6.png', 'PL22_0463atlver-l10.png', 'PL22_0242abeboc-l2.png', 'PL22_0267nigboc-l7.png', 'PL22_0185puetob-l5.png', 'PL22_0227pueboc-l8.png', 'PL17_146uniflo-l10-s4-f4-c2-d1.png', 'PL22_0183gumtob-l11.png', 'PL22_0260nigboc-l1.png', 'PL17_092puebel-l1-s4-f4-c2-d1.png', 'PL22_0172gumtob-l14.png', 'PL17_119maybel-l1-s4-f4-c2-d1.png', 'PL22_0028nigboc-l5.png', 'PL22_0055pueboc-l3.png', 'PL17_108nigbel-l1-s4-f4-c2-d1.png', 'PL22_0297abeboc-l1.png', 'PL22_0512atlver-l4.png', 'PL22_0093nigboc-l3.png', 'PL22_0085nigboc-l2.png', 'PL22_0090nigboc-l5.png', 'PL22_0245pueboc-l4.png', 'PL17_099indbel-l3-s4-f4-c2-d1.png', 'PL22_0501casver-l5.png', 'PL22_0365niguvi-l6.png', 'PL17_098indbel-l3-s4-f4-c2-d1.png', 'PL22_0022pueboc-l9.png', 'PL22_0310pueuvi-l4.png', 'PL22_0431pueuvi-l2.png', 'PL22_0409chluvi-l10.png', 'PL22_0411chluvi-l6.png', 'PL22_0081nigboc-l4.png', 'PL22_0436induvi-l2.png', 'PL22_0136chltob-l9.png', 'PL22_0316pueuvi-l9.png', 'PL22_0179chltob-l9.png', 'PL22_0520atlver-l2.png', 'PL22_0114pueboc-l9.png', 'PL22_0052nigboc-l3.png', 'PL22_0078nigboc-l8.png', 'PL22_0223pueboc-l6.png', 'PL22_0280pueboc-l5.png', 'PL17_129puebel-l2-s4-f4-c2-d1.png', 'PL22_0006pueboc-l9.png', 'PL22_0507casver-l3.png', 'PL22_0464casver-l5.png', 'PL22_0180chltob-l7.png', 'PL22_0345pueuvi-l1.png', 'PL22_0419induvi-l4.png', 'PL17_151uniflo-l7-s4-f4-c2-d1.png', 'PL22_0334niguvi-l3.png', 'PL22_0346niguvi-l6.png', 'PL22_0146puetob-l1.png', 'PL17_165uniflo-l5-s4-f4-c2-d1.png', 'PL22_0490atlver-l2.png', 'PL22_0427induvi-l5.png', 'PL22_0096nigboc-l5.png', 'PL22_0269nigboc-l6.png', 'PL22_0094nigboc-l2.png', 'PL22_0336pueuvi-l2.png', 'PL22_0104pueboc-l7.png', 'PL22_0434induvi-l4.png', 'PL22_0329niguvi-l3.png', 'PL22_0400gutuvi-l2.png', 'PL22_0324pueuvi-l2.png', 'PL22_0163gumtob-l7.png', 'PL22_0492atlver-l5.png', 'PL22_0502casver-l5.png']
571
347361
0 PL22_0358induvi-l5.png
1 PL22_0228nigboc-l5.png
2 PL22_0307abeuvi-l3.png
3 PL22_0208nigboc-l12.png
4 PL22_0491atlver-l4.png
5 PL22_0095nigboc-l3.png
6 PL22_0486casver-l4.png
7 PL17_088abebel-l3-s4-f4-c2-d1.png
8 PL22_0154puetob-l7.png
9 PL22_0147gumtob-l3.png
10 PL22_0303abeuvi-l2.png
11 PL17_095maybel-l11-s4-f4-c2-d1.png
12 PL22_0178chltob-l2.png
13 PL22_0025nigboc-l11.png
14 PL17_132indbel-l1-s4-f4-c2-d1.png
15 PL22_0367abeuvi-l3.png
16 PL22_0141gumtob-l8.png
17 PL22_0416chluvi-l2.png
18 PL22_0287pueboc-l3.png
19 PL17_123maybel-l3-s4-f4-c2-d1.png
20 PL22_0515atlver-l1.png
21 PL22_0134puetob-l8.png
22 PL22_0152puetob-l7.png
23 PL22_0014pueboc-l11.png
24 PL22_0347uniuvi-l4.png
25 PL22_0392chluvi-l7.png
26 PL22_0201abeboc-l7.png
27 PL22_0004pueboc-l16.png
28 PL22_0465casver-l6.png
29 PL22_0263nigboc-l5.png
30 PL17_103puebel-l1-s4-f4-c2-d1.png
31 PL22_0293uniboc-l2.png
32 PL22_0009pueboc-l8.png
33 PL17_135uniflo-l6-s4-f4-c2-d1.png
34 PL22_0084pueboc-l1.png
35 PL22_0421uniuvi-l4.png
36 PL22_0315uniuvi-l2.png
37 PL17_140uniflo-l1-s4-f4-c2-d1.png
38 PL22_0002pueboc-l2.png
39 PL22_0405chluvi-l2.png
40 PL22_0370abeuvi-l8.png
41 PL22_0478casver-l2.png
42 PL22_0150puetob-l7.png
43 PL22_0189nigboc-l1.png
44 PL22_0098pueboc-l5.png
45 PL22_0070nigboc-l1.png
46 PL17_093nigbel-l1-s4-f4-c2-d1.png
47 PL22_0018pueboc-l9.png
48 PL22_0148puetob-l6.png
49 PL22_0164puetob-l8.png
50 PL22_0101pueboc-l4.png
51 PL22_0257pueboc-l3.png
52 PL22_0389abeuvi-l5.png
53 PL22_0480atlver-l13.png
54 PL22_0044nigboc-l4.png
55 PL22_0250nigboc-l1.png
56 PL22_0130puetob-l10.png
57 PL22_0215pueboc-l5.png
58 PL17_126maybel-l1-s4-f4-c2-d1.png
59 PL22_0375abeuvi-l6.png
60 PL22_0226pueboc-l6.png
61 PL22_0041uniboc-l4.png
62 PL17_121maybel-l5-s4-f4-c2-d1.png
63 PL22_0145puetob-l5.png
64 PL22_0309induvi-l10.png
65 PL22_0117puetob-l3.png
66 PL22_0120puetob-l4.png
67 PL22_0124puetob-l1.png
68 PL22_0355induvi-l5.png
69 PL22_0474casver-l3.png
70 PL22_0374abeuvi-l2.png
71 PL22_0186nigboc-l4.png
72 PL22_0131puetob-l1.png
73 PL22_0212pueboc-l5.png
74 PL22_0359pueuvi-l1.png
75 PL17_162uniflo-l2-s4-f4-c2-d1.png
76 PL22_0472casver-l6.png
77 PL22_0288uniboc-l3.png
78 PL22_0384abeuvi-l5.png
79 PL22_0076pueboc-l9.png
80 PL22_0282abeboc-l3.png
81 PL22_0462atlver-l1.png
82 PL22_0089nigboc-l6.png
83 PL22_0413uniuvi-l3.png
84 PL22_0342niguvi-l4.png
85 PL22_0361uniuvi-l5.png
86 PL22_0019pueboc-l3.png
87 PL22_0360pueuvi-l2.png
88 PL22_0294abeboc-l3.png
89 PL22_0251pueboc-l6.png
90 PL22_0412induvi-l4.png
91 PL22_0482atlver-l4.png
92 PL22_0060uniboc-l1.png
93 PL22_0214pueboc-l9.png
94 PL22_0487casver-l1.png
95 PL22_0142gumtob-l5.png
96 PL22_0063pueboc-l8.png
97 PL17_091nigbel-l1-s4-f4-c2-d1.png
98 PL22_0323uniuvi-l2.png
99 PL22_0371pueuvi-l2.png
100 PL22_0517atlver-l4.png
101 PL17_142gemflo-l1-s4-f4-c2-d1.png
102 PL22_0369abeuvi-l7.png
103 PL22_0007uniboc-l1.png
104 PL22_0500atlver-l15.png
105 PL22_0031nigboc-l3.png
106 PL22_0364pueuvi-l5.png
107 PL22_0116pueboc-l8.png
108 PL22_0072pueboc-l6.png
109 PL22_0291uniboc-l3.png
110 PL22_0026nigboc-l1.png
111 PL22_0126gumtob-l6.png
112 PL22_0505casver-l5.png
113 PL22_0470casver-l4.png
114 PL22_0113nigboc-l3.png
115 PL22_0244pueboc-l5.png
116 PL17_163uniflo-l2-s4-f4-c2-d1.png
117 PL22_0045uniboc-l3.png
118 PL22_0382niguvi-l1.png
119 PL22_0503casver-l1.png
120 PL22_0248pueboc-l3.png
121 PL22_0261pueboc-l6.png
122 PL22_0376abeuvi-l5.png
123 PL22_0256pueboc-l6.png
124 PL22_0292uniboc-l4.png
125 PL22_0234pueboc-l6.png
126 PL22_0027uniboc-l6.png
127 PL22_0391chluvi-l3.png
128 PL22_0166chltob-l12.png
129 PL22_0366niguvi-l1.png
130 PL22_0335uniuvi-l5.png
131 PL22_0430pueuvi-l4.png
132 PL22_0317niguvi-l5.png
133 PL22_0139gumtob-l6.png
134 PL22_0100nigboc-l10.png
135 PL22_0149gumtob-l11.png
136 PL22_0301uniuvi-l1.png
137 PL22_0278pueboc-l4.png
138 PL22_0066pueboc-l5.png
139 PL22_0050pueboc-l3.png
140 PL22_0262nigboc-l1.png
141 PL22_0073nigboc-l2.png
142 PL22_0511atlver-l1.png
143 PL22_0488atlver-l6.png
144 PL22_0368abeuvi-l4.png
145 PL22_0013pueboc-l8.png
146 PL22_0247proboc-l1.png
147 PL17_104nigbel-l1-s4-f4-c2-d1.png
148 PL17_130puebel-l3-s4-f4-c2-d1.png
149 PL22_0158gumtob-l3.png
150 PL22_0289uniboc-l1.png
151 PL22_0519atlver-l6.png
152 PL22_0023uniboc-l12.png
153 PL22_0036uniboc-l3.png
154 PL22_0196pueboc-l1.png
155 PL22_0252uniboc-l4.png
156 PL22_0221nigboc-l1.png
157 PL22_0088uniboc-l8.png
158 PL22_0381abeuvi-l2.png
159 PL22_0082nigboc-l2.png
160 PL22_0351pueuvi-l5.png
161 PL22_0337niguvi-l1.png
162 PL22_0479atlver-l11.png
163 PL22_0494casver-l4.png
164 PL22_0079pueboc-l3.png
165 PL22_0401niguvi-l3.png
166 PL22_0396chluvi-l2.png
167 PL22_0314niguvi-l5.png
168 PL17_164uniflo-l2-s4-f4-c2-d1.png
169 PL22_0211nigboc-l17.png
170 PL22_0202pueboc-l1.png
171 PL22_0285uniboc-l8.png
172 PL22_0024nigboc-l15.png
173 PL22_0296uniboc-l6.png
174 PL22_0305abeuvi-l2.png
175 PL22_0194nigboc-l6.png
176 PL22_0272nigboc-l7.png
177 PL22_0497atlver-l6.png
178 PL22_0171gumtob-l15.png
179 PL22_0053nigboc-l2.png
180 PL22_0209nigboc-l6.png
181 PL22_0058nigboc-l1.png
182 PL22_0222uniboc-l3.png
183 PL22_0343pueuvi-l5.png
184 PL22_0435induvi-l3.png
185 PL22_0125gumtob-l10.png
186 PL22_0188nigboc-l7.png
187 PL22_0127puetob-l6.png
188 PL22_0390induvi-l2.png
189 PL22_0235pueboc-l6.png
190 PL22_0138puetob-l4.png
191 PL22_0047pueboc-l4.png
192 PL17_110puebel-l1-s4-f4-c2-d1.png
193 PL17_137uniflo-l4-s4-f4-c2-d1.png
194 PL22_0266pueboc-l5.png
195 PL22_0029abeboc-l3.png
196 PL22_0220nigboc-l5.png
197 PL22_0233pueboc-l2.png
198 PL22_0433induvi-l4.png
199 PL22_0231pueboc-l4.png
200 PL22_0273uniboc-l10.png
201 PL22_0350pueuvi-l5.png
202 PL22_0216nigboc-l3.png
203 PL17_147uniflo-l6-s4-f4-c2-d1.png
204 PL22_0397chluvi-l8.png
205 PL17_150uniflo-l5-s4-f4-c2-d1.png
206 PL22_0128gumtob-l3.png
207 PL22_0108pueboc-l2.png
208 PL17_124maybel-l3-s4-f4-c2-d1.png
209 PL22_0504casver-l6.png
210 PL22_0062pueboc-l1.png
211 PL22_0161gumtob-l1.png
212 PL22_0475casver-l4.png
213 PL22_0270pueboc-l4.png
214 PL22_0402induvi-l5.png
215 PL22_0394chluvi-l1.png
216 PL22_0312niguvi-l6.png
217 PL22_0423uniuvi-l5.png
218 PL22_0495atlver-l4.png
219 PL22_0477atlver-l10.png
220 PL22_0236pueboc-l5.png
221 PL22_0422induvi-l2.png
222 PL22_0229nigboc-l3.png
223 PL22_0471casver-l4.png
224 PL22_0385niguvi-l1.png
225 PL22_0224pueboc-l2.png
226 PL22_0105uniboc-l3.png
227 PL22_0300uniboc-l1.png
228 PL22_0407chluvi-l5.png
229 PL22_0225proboc-l4.png
230 PL22_0121gumtob-l4.png
231 PL22_0159gumtob-l4.png
232 PL17_160pueflo-l1-s4-f4-c2-d1.png
233 PL22_0034uniboc-l4.png
234 PL22_0279gumboc-l3.png
235 PL22_0380abeuvi-l10.png
236 PL22_0255pueboc-l2.png
237 PL22_0057pueboc-l11.png
238 PL17_094puebel-l1-s4-f4-c2-d1.png
239 PL22_0330induvi-l4.png
240 PL22_0177chltob-l3.png
241 PL22_0210nigboc-l4.png
242 PL22_0115nigboc-l4.png
243 PL17_136uniflo-l4-s4-f4-c2-d1.png
244 PL17_109puebel-l1-s4-f4-c2-d1.png
245 PL22_0069pueboc-l4.png
246 PL22_0030nigboc-l2.png
247 PL22_0046uniboc-l9.png
248 PL22_0160chltob-l9.png
249 PL17_097indbel-l1-s4-f4-c2-d1.png
250 PL22_0016uniboc-l13.png
251 PL17_161uniflo-l1-s4-f4-c2-d1.png
252 PL22_0318niguvi-l2.png
253 PL17_148gemflo-l8-s4-f4-c2-d1.png
254 PL22_0039pueboc-l6.png
255 PL22_0516atlver-l5.png
256 PL22_0259pueboc-l6.png
257 PL22_0499atlver-l6.png
258 PL22_0187nigboc-l7.png
259 PL22_0213pueboc-l5.png
260 PL22_0321uniuvi-l3.png
261 PL22_0011pueboc-l2.png
262 PL22_0040uniboc-l5.png
263 PL22_0510casver-l3.png
264 PL22_0184puetob-l5.png
265 PL22_0091uniboc-l6.png
266 PL17_120maybel-l4-s4-f4-c2-d1.png
267 PL22_0348pueuvi-l4.png
268 PL22_0075nigboc-l21.png
269 PL22_0425pueuvi-l5.png
270 PL17_127indbel-l5-s4-f4-c2-d1.png
271 PL22_0398chluvi-l1.png
272 PL22_0240pueboc-l6.png
273 PL22_0264nigboc-l6.png
274 PL22_0308niguvi-l6.png
275 PL22_0286nigboc-l2.png
276 PL22_0352uniuvi-l2.png
277 PL17_116nigbel-l1-s4-f4-c2-d1.png
278 PL22_0325pueuvi-l2.png
279 PL22_0144puetob-l6.png
280 PL17_113nigbel-l1-s4-f4-c2-d1.png
281 PL22_0182puetob-l4.png
282 PL22_0064pueboc-l5.png
283 PL17_125tanbel-l4-s4-f4-c2-d1.png
284 PL22_0195uniboc-l8.png
285 PL17_159pueflo-l3-s4-f4-c2-d1.png
286 PL22_0333pueuvi-l4.png
287 PL22_0496atlver-l2.png
288 PL22_0198uniboc-l4.png
289 PL22_0521atlver-l7.png
290 PL22_0362abeuvi-l6.png
291 PL22_0327uniuvi-l4.png
292 PL17_65puepor-l1-s3-f3-c2-d1.png
293 PL22_0275pueboc-l5.png
294 PL22_0200pueboc-l3.png
295 PL17_157pueflo-l3-s4-f4-c2-d1.png
296 PL22_0043nigboc-l3.png
297 PL22_0513atlver-l5.png
298 PL17_107puebel-l1-s4-f4-c2-d1.png
299 PL22_0383niguvi-l11.png
300 PL17_153gemflo-l3-s4-f4-c2-d1.png
301 PL22_0302uniuvi-l3.png
302 PL17_115nigbel-l3-s4-f4-c2-d1.png
303 PL22_0249nigboc-l5.png
304 PL22_0393chluvi-l5.png
305 PL22_0207nigboc-l6.png
306 PL22_0176gumtob-l1.png
307 PL22_0190nigboc-l2.png
308 PL22_0173gumtob-l3.png
309 PL22_0197uniboc-l7.png
310 PL22_0254uniboc-l3.png
311 PL22_0483atlver-l6.png
312 PL22_0102pueboc-l3.png
313 PL22_0077pueboc-l4.png
314 PL22_0230pueboc-l1.png
315 PL22_0283nigboc-l5.png
316 PL22_0033nigboc-l1.png
317 PL22_0246pueboc-l6.png
318 PL22_0153gumtob-l14.png
319 PL22_0349induvi-l1.png
320 PL22_0239pueboc-l5.png
321 PL17_100indbel-l3-s4-f4-c2-d1.png
322 PL22_0140puetob-l4.png
323 PL22_0506atlver-l2.png
324 PL22_0420uniuvi-l4.png
325 PL22_0112pueboc-l2.png
326 PL22_0092pueboc-l6.png
327 PL22_0103pueboc-l10.png
328 PL22_0129puetob-l3.png
329 PL22_0426pueuvi-l2.png
330 PL22_0035pueboc-l1.png
331 PL22_0038pueboc-l7.png
332 PL22_0071nigboc-l2.png
333 PL22_0237pueboc-l7.png
334 PL22_0074nigboc-l5.png
335 PL22_0467atlver-l4.png
336 PL22_0268nigboc-l5.png
337 PL17_112nigbel-l1-s4-f4-c2-d1.png
338 PL22_0218nigboc-l8.png
339 PL22_0408induvi-l3.png
340 PL22_0424uniuvi-l3.png
341 PL22_0012pueboc-l2.png
342 PL17_139pueflo-l1-s4-f4-c2-d1.png
343 PL22_0387abeuvi-l2.png
344 PL22_0068pueboc-l1.png
345 PL22_0080pueboc-l2.png
346 PL22_0203pueboc-l2.png
347 PL17_089maybel-l3-s4-f4-c2-d1.png
348 PL22_0338pueuvi-l3.png
349 PL22_0322pueuvi-l4.png
350 PL22_0217nigboc-l6.png
351 PL22_0118puetob-l4.png
352 PL17_105puebel-l1-s4-f4-c2-d1.png
353 PL22_0083pueboc-l1.png
354 PL22_0132puetob-l4.png
355 PL17_101maybel-l6-s4-f4-c2-d1.png
356 PL22_0087pueboc-l4.png
357 PL22_0363abeuvi-l4.png
358 PL17_118nigbel-l1-s4-f4-c2-d1.png
359 PL22_0107pueboc-l5.png
360 PL17_133puebel-l3-s4-f4-c2-d1.png
361 PL22_0042nigboc-l9.png
362 PL22_0274pueboc-l3.png
363 PL22_0003pueboc-l15.png
364 PL22_0174chltob-l9.png
365 PL22_0048nigboc-l6.png
366 PL22_0277pueboc-l4.png
367 PL22_0344pueuvi-l1.png
368 PL22_0489atlver-l5.png
369 PL22_0192abeboc-l3.png
370 PL22_0067nigboc-l1.png
371 PL22_0373induvi-l1.png
372 PL22_0049nigboc-l5.png
373 PL17_128indbel-l1-s4-f4-c2-d1.png
374 PL22_0010pueboc-l11.png
375 PL22_0377abeuvi-l1.png
376 PL22_0037pueboc-l7.png
377 PL22_0469casver-l3.png
378 PL22_0331induvi-l4.png
379 PL22_0109uniboc-l7.png
380 PL22_0204pueboc-l7.png
381 PL22_0319uniuvi-l2.png
382 PL22_0232pueboc-l7.png
383 PL22_0410chluvi-l4.png
384 PL22_0008pueboc-l11.png
385 PL22_0143puetob-l5.png
386 PL22_0167chltob-l1.png
387 PL17_154uniflo-l2-s4-f4-c2-d1.png
388 PL22_0162chltob-l8.png
389 PL22_0514casver-l5.png
390 PL22_0191pueboc-l6.png
391 PL22_0328niguvi-l4.png
392 PL22_0238pueboc-l3.png
393 PL22_0295abeboc-l6.png
394 PL22_0137puetob-l3.png
395 PL22_0054nigboc-l5.png
396 PL17_145gemflo-l8-s4-f4-c2-d1.png
397 PL22_0099pueboc-l5.png
398 PL22_0354uniuvi-l5.png
399 PL22_0271abeboc-l4.png
400 PL22_0181puetob-l2.png
401 PL22_0133guttob-l1.png
402 PL22_0199uniboc-l6.png
403 PL22_0276pueboc-l7.png
404 PL22_0304niguvi-l4.png
405 PL22_0021pueboc-l3.png
406 PL22_0388niguvi-l1.png
407 PL22_0123puetob-l1.png
408 PL22_0281pueboc-l6.png
409 PL22_0258nigboc-l3.png
410 PL17_106nigbel-l1-s4-f4-c2-d1.png
411 PL22_0306pueuvi-l9.png
412 PL22_0168chltob-l4.png
413 PL22_0122puetob-l8.png
414 PL22_0508casver-l4.png
415 PL22_0056pueboc-l2.png
416 PL22_0206pueboc-l6.png
417 PL22_0418uniuvi-l1.png
418 PL17_096nigbel-l1-s4-f4-c2-d1.png
419 PL22_0156gumtob-l4.png
420 PL17_114nigbel-l1-s4-f4-c2-d1.png
421 PL22_0253nigboc-l5.png
422 PL22_0339niguvi-l4.png
423 PL22_0484casver-l2.png
424 PL22_0106uniboc-l2.png
425 PL22_0243pueboc-l3.png
426 PL17_144gemflo-l7-s4-f4-c2-d1.png
427 PL22_0476casver-l7.png
428 PL22_0417chluvi-l5.png
429 PL22_0378pueuvi-l2.png
430 PL22_0097pueboc-l4.png
431 PL22_0110uniboc-l8.png
432 PL22_0403chluvi-l5.png
433 PL22_0015pueboc-l5.png
434 PL22_0111pueboc-l8.png
435 PL22_0356uniuvi-l5.png
436 PL22_0299uniboc-l4.png
437 PL22_0326pueuvi-l5.png
438 PL22_0241pueboc-l10.png
439 PL22_0481atlver-l2.png
440 PL22_0509casver-l4.png
441 PL22_0170gumtob-l9.png
442 PL22_0205nigboc-l3.png
443 PL22_0406chluvi-l2.png
444 PL22_0518atlver-l4.png
445 PL17_152pueflo-l5-s4-f4-c2-d1.png
446 PL22_0051pueboc-l1.png
447 PL22_0473casver-l1.png
448 PL22_0135puetob-l4.png
449 PL17_84chlpor-l8-s3-f4-c2-d1.png
450 PL22_0065pueboc-l6.png
451 PL17_087nigbel-l3-s4-f4-c2-d1.png
452 PL17_131puebel-l2-s4-f4-c2-d1.png
453 PL17_122maybel-l1-s4-f4-c2-d1.png
454 PL22_0284uniboc-l4.png
455 PL17_090puebel-l1-s4-f4-c2-d1.png
456 PL17_111indbel-l1-s4-f4-c2-d1.png
457 PL22_0290gutboc-l5.png
458 PL22_0320uniuvi-l1.png
459 PL17_155pueflo-l1-s4-f4-c2-d1.png
460 PL22_0169gumtob-l1.png
461 PL22_0017pueboc-l11.png
462 PL22_0020pueboc-l1.png
463 PL22_0399chluvi-l6.png
464 PL17_134uniflo-l4-s4-f4-c2-d1.png
465 PL22_0151chltob-l6.png
466 PL22_0353pueuvi-l3.png
467 PL22_0485casver-l5.png
468 PL22_0311niguvi-l1.png
469 PL22_0119puetob-l4.png
470 PL22_0395abeuvi-l3.png
471 PL22_0313niguvi-l3.png
472 PL22_0157gumtob-l6.png
473 PL22_0414chluvi-l1.png
474 PL22_0379pueuvi-l7.png
475 PL17_149nigflo-l1-s4-f4-c2-d1.png
476 PL22_0032nigboc-l4.png
477 PL22_0493casver-l6.png
478 PL22_0086nigboc-l6.png
479 PL22_0372induvi-l3.png
480 PL22_0219nigboc-l2.png
481 PL22_0468casver-l6.png
482 PL22_0428pueuvi-l2.png
483 PL22_0498casver-l6.png
484 PL22_0340uniuvi-l5.png
485 PL22_0155gumtob-l4.png
486 PL22_0429pueuvi-l4.png
487 PL22_0332pueuvi-l5.png
488 PL22_0415chluvi-l3.png
489 PL22_0165gumtob-l11.png
490 PL22_0061uniboc-l3.png
491 PL17_143uniflo-l3-s4-f4-c2-d1.png
492 PL17_141uniflo-l6-s4-f4-c2-d1.png
493 PL22_0386abeuvi-l6.png
494 PL22_0432induvi-l4.png
495 PL22_0466casver-l6.png
496 PL22_0175chltob-l3.png
497 PL22_0298pueboc-l6.png
498 PL22_0341niguvi-l4.png
499 PL17_117puebel-l1-s4-f4-c2-d1.png
500 PL22_0059nigboc-l3.png
501 PL22_0404chluvi-l5.png
502 PL22_0193nigboc-l6.png
503 PL22_0357pueuvi-l5.png
504 PL22_0265nigboc-l6.png
505 PL22_0463atlver-l10.png
506 PL22_0242abeboc-l2.png
507 PL22_0267nigboc-l7.png
508 PL22_0185puetob-l5.png
509 PL22_0227pueboc-l8.png
510 PL17_146uniflo-l10-s4-f4-c2-d1.png
511 PL22_0183gumtob-l11.png
512 PL22_0260nigboc-l1.png
513 PL17_092puebel-l1-s4-f4-c2-d1.png
514 PL22_0172gumtob-l14.png
515 PL17_119maybel-l1-s4-f4-c2-d1.png
516 PL22_0028nigboc-l5.png
517 PL22_0055pueboc-l3.png
518 PL17_108nigbel-l1-s4-f4-c2-d1.png
519 PL22_0297abeboc-l1.png
520 PL22_0512atlver-l4.png
521 PL22_0093nigboc-l3.png
522 PL22_0085nigboc-l2.png
523 PL22_0090nigboc-l5.png
524 PL22_0245pueboc-l4.png
525 PL17_099indbel-l3-s4-f4-c2-d1.png
526 PL22_0501casver-l5.png
527 PL22_0365niguvi-l6.png
528 PL17_098indbel-l3-s4-f4-c2-d1.png
529 PL22_0022pueboc-l9.png
530 PL22_0310pueuvi-l4.png
531 PL22_0431pueuvi-l2.png
532 PL22_0409chluvi-l10.png
533 PL22_0411chluvi-l6.png
534 PL22_0081nigboc-l4.png
535 PL22_0436induvi-l2.png
536 PL22_0136chltob-l9.png
537 PL22_0316pueuvi-l9.png
538 PL22_0179chltob-l9.png
539 PL22_0520atlver-l2.png
540 PL22_0114pueboc-l9.png
541 PL22_0052nigboc-l3.png
542 PL22_0078nigboc-l8.png
543 PL22_0223pueboc-l6.png
544 PL22_0280pueboc-l5.png
545 PL17_129puebel-l2-s4-f4-c2-d1.png
546 PL22_0006pueboc-l9.png
547 PL22_0507casver-l3.png
548 PL22_0464casver-l5.png
549 PL22_0180chltob-l7.png
550 PL22_0345pueuvi-l1.png
551 PL22_0419induvi-l4.png
552 PL17_151uniflo-l7-s4-f4-c2-d1.png
553 PL22_0334niguvi-l3.png
554 PL22_0346niguvi-l6.png
555 PL22_0146puetob-l1.png
556 PL17_165uniflo-l5-s4-f4-c2-d1.png
557 PL22_0490atlver-l2.png
558 PL22_0427induvi-l5.png
559 PL22_0096nigboc-l5.png
560 PL22_0269nigboc-l6.png
561 PL22_0094nigboc-l2.png
562 PL22_0336pueuvi-l2.png
563 PL22_0104pueboc-l7.png
564 PL22_0434induvi-l4.png
565 PL22_0329niguvi-l3.png
566 PL22_0400gutuvi-l2.png
567 PL22_0324pueuvi-l2.png
568 PL22_0163gumtob-l7.png
569 PL22_0492atlver-l5.png
570 PL22_0502casver-l5.png
0
0.00011506775761116158 0.003002017262974128
['#221331', '#451c47', '#691f55', '#921c5b', '#b91657', '#d92847', '#ed503e', '#f47d57', '#f6a47c', '#f7c9aa']
<matplotlib.colorizer._ScalarMappable object at 0x155511eb8d70>
(1000, 1639, 3)
1
2.7218756229692507e-05 0.004284390054793563
['#221331', '#451c47', '#691f55', '#921c5b', '#b91657', '#d92847', '#ed503e', '#f47d57', '#f6a47c', '#f7c9aa']
<matplotlib.colorizer._ScalarMappable object at 0x15551233bb10>
(1000, 1639, 3)
2
9.745198658161928e-06 0.0046015144323656824
['#221331', '#451c47', '#691f55', '#921c5b', '#b91657', '#d92847', '#ed503e', '#f47d57', '#f6a47c', '#f7c9aa']
<matplotlib.colorizer._ScalarMappable object at 0x1553ed4c5f30>
(1000, 1639, 3)
3
9.240074204141803e-05 0.0031425424419714806
['#221331', '#451c47', '#691f55', '#921c5b', '#b91657', '#d92847', '#ed503e', '#f47d57', '#f6a47c', '#f7c9aa']
<matplotlib.colorizer._ScalarMappable object at 0x155511f0b130>
(1000, 1639, 3)
4
6.067412691448081e-06 0.0038672211879636834
['#221331', '#451c47', '#691f55', '#921c5b', '#b91657', '#d92847', '#ed503e', '#f47d57', '#f6a47c', '#f7c9aa']
<matplotlib.colorizer._ScalarMappable object at 0x1553ed482350>
(1000, 1639, 3)
5
4.115262351359729e-06 0.004123224358837476
['#221331', '#451c47', '#691f55', '#921c5b', '#b91657', '#d92847', '#ed503e', '#f47d57', '#f6a47c', '#f7c9aa']
<matplotlib.colorizer._ScalarMappable object at 0x1553ed547890>
(1000, 1639, 3)
6
3.952451418959897e-06 0.005529972831323676
['#221331', '#451c47', '#691f55', '#921c5b', '#b91657', '#d92847', '#ed503e', '#f47d57', '#f6a47c', '#f7c9aa']
<matplotlib.colorizer._ScalarMappable object at 0x1553ed2f6190>
(1000, 1639, 3)
7
3.360846122815957e-05 0.0059287714711433875
['#221331', '#451c47', '#691f55', '#921c5b', '#b91657', '#d92847', '#ed503e', '#f47d57', '#f6a47c', '#f7c9aa']
<matplotlib.colorizer._ScalarMappable object at 0x1553ed5720d0>
(1000, 1639, 3)
8
1.9742993715936877e-05 0.0062403618771044115
['#221331', '#451c47', '#691f55', '#921c5b', '#b91657', '#d92847', '#ed503e', '#f47d57', '#f6a47c', '#f7c9aa']
<matplotlib.colorizer._ScalarMappable object at 0x1553ece87dd0>
(1000, 1639, 3)
9
7.5952520969378804e-06 0.005273735397119299
['#221331', '#451c47', '#691f55', '#921c5b', '#b91657', '#d92847', '#ed503e', '#f47d57', '#f6a47c', '#f7c9aa']
<matplotlib.colorizer._ScalarMappable object at 0x1553ed5947e0>
(1000, 1639, 3)
10
9.776499302096565e-06 0.006299223273543825
['#221331', '#451c47', '#691f55', '#921c5b', '#b91657', '#d92847', '#ed503e', '#f47d57', '#f6a47c', '#f7c9aa']
<matplotlib.colorizer._ScalarMappable object at 0x1553ed6fadf0>
(1000, 1639, 3)
11
9.2223470444974e-06 0.00524976045561449
['#221331', '#451c47', '#691f55', '#921c5b', '#b91657', '#d92847', '#ed503e', '#f47d57', '#f6a47c', '#f7c9aa']
<matplotlib.colorizer._ScalarMappable object at 0x1553ecdd19d0>
(1000, 1639, 3)
12
1.4086922652884177e-05 0.006466486616897447
['#221331', '#451c47', '#691f55', '#921c5b', '#b91657', '#d92847', '#ed503e', '#f47d57', '#f6a47c', '#f7c9aa']
<matplotlib.colorizer._ScalarMappable object at 0x1553ed035e10>
(1000, 1639, 3)
13
1.5073525260330834e-05 0.004996163409793696
['#221331', '#451c47', '#691f55', '#921c5b', '#b91657', '#d92847', '#ed503e', '#f47d57', '#f6a47c', '#f7c9aa']
<matplotlib.colorizer._ScalarMappable object at 0x1553eda9bbd0>
(1000, 1639, 3)
14
1.24687965796139e-05 0.006158682140209412
['#221331', '#451c47', '#691f55', '#921c5b', '#b91657', '#d92847', '#ed503e', '#f47d57', '#f6a47c', '#f7c9aa']
<matplotlib.colorizer._ScalarMappable object at 0x1553eccf6b30>
(1000, 1639, 3)
