Processing dataset: lab_ind28_left_noflash, species: ind, location: all
Clipping input data to the valid range for imshow with RGB data ([0..1] for floats or [0..255] for integers). Got range [0.0..255.0].
Clipping input data to the valid range for imshow with RGB data ([0..1] for floats or [0..255] for integers). Got range [0.0..255.0].
Clipping input data to the valid range for imshow with RGB data ([0..1] for floats or [0..255] for integers). Got range [0.0..255.0].
Clipping input data to the valid range for imshow with RGB data ([0..1] for floats or [0..255] for integers). Got range [0.0..255.0].
The script is called /fs/dss/work/doau0129/hamlet_pheno/scripts/python/phenotyping.py
The script is called with 9 arguments
/fs/dss/work/doau0129/hamlet_pheno/images
[[0 0 0 ... 0 0 0]
 [0 0 0 ... 0 0 0]
 [0 0 0 ... 0 0 0]
 ...
 [0 0 0 ... 0 0 0]
 [0 0 0 ... 0 0 0]
 [0 0 0 ... 0 0 0]]
LAB
/fs/dss/work/doau0129/hamlet_pheno/1_phenotyping/pca
/fs/dss/work/doau0129/hamlet_pheno/1_phenotyping/heatmaps
fullm
ind
all
lab_ind28_left_noflash
['PL22_0358induvi-l5.png', 'PL17_132indbel-l1-s4-f4-c2-d1.png', 'PL22_0309induvi-l10.png', 'PL22_0355induvi-l5.png', 'PL22_0412induvi-l4.png', 'PL22_0435induvi-l3.png', 'PL22_0390induvi-l2.png', 'PL22_0433induvi-l4.png', 'PL22_0402induvi-l5.png', 'PL22_0422induvi-l2.png', 'PL22_0330induvi-l4.png', 'PL17_097indbel-l1-s4-f4-c2-d1.png', 'PL17_127indbel-l5-s4-f4-c2-d1.png', 'PL22_0349induvi-l1.png', 'PL17_100indbel-l3-s4-f4-c2-d1.png', 'PL22_0408induvi-l3.png', 'PL22_0373induvi-l1.png', 'PL17_128indbel-l1-s4-f4-c2-d1.png', 'PL22_0331induvi-l4.png', 'PL17_111indbel-l1-s4-f4-c2-d1.png', 'PL22_0372induvi-l3.png', 'PL22_0432induvi-l4.png', 'PL17_099indbel-l3-s4-f4-c2-d1.png', 'PL17_098indbel-l3-s4-f4-c2-d1.png', 'PL22_0436induvi-l2.png', 'PL22_0419induvi-l4.png', 'PL22_0427induvi-l5.png', 'PL22_0434induvi-l4.png']
28
347361
0 PL22_0358induvi-l5.png
1 PL17_132indbel-l1-s4-f4-c2-d1.png
2 PL22_0309induvi-l10.png
3 PL22_0355induvi-l5.png
4 PL22_0412induvi-l4.png
5 PL22_0435induvi-l3.png
6 PL22_0390induvi-l2.png
7 PL22_0433induvi-l4.png
8 PL22_0402induvi-l5.png
9 PL22_0422induvi-l2.png
10 PL22_0330induvi-l4.png
11 PL17_097indbel-l1-s4-f4-c2-d1.png
12 PL17_127indbel-l5-s4-f4-c2-d1.png
13 PL22_0349induvi-l1.png
14 PL17_100indbel-l3-s4-f4-c2-d1.png
15 PL22_0408induvi-l3.png
16 PL22_0373induvi-l1.png
17 PL17_128indbel-l1-s4-f4-c2-d1.png
18 PL22_0331induvi-l4.png
19 PL17_111indbel-l1-s4-f4-c2-d1.png
20 PL22_0372induvi-l3.png
21 PL22_0432induvi-l4.png
22 PL17_099indbel-l3-s4-f4-c2-d1.png
23 PL17_098indbel-l3-s4-f4-c2-d1.png
24 PL22_0436induvi-l2.png
25 PL22_0419induvi-l4.png
26 PL22_0427induvi-l5.png
27 PL22_0434induvi-l4.png
Global max pixel value across PC1–PC4: 0.0074
0
<matplotlib.colorizer._ScalarMappable object at 0x155511ea8ec0>
(1000, 1639, 3)
1
<matplotlib.colorizer._ScalarMappable object at 0x15551233bc50>
(1000, 1639, 3)
2
<matplotlib.colorizer._ScalarMappable object at 0x1554fb295f30>
(1000, 1639, 3)
3
<matplotlib.colorizer._ScalarMappable object at 0x155511eef240>
(1000, 1639, 3)
