Processing dataset: lab_abe30_left_noflash, species: abe, location: all
Clipping input data to the valid range for imshow with RGB data ([0..1] for floats or [0..255] for integers). Got range [0.0..255.0].
Clipping input data to the valid range for imshow with RGB data ([0..1] for floats or [0..255] for integers). Got range [0.1738818403178265..255.0].
Clipping input data to the valid range for imshow with RGB data ([0..1] for floats or [0..255] for integers). Got range [0.1261612666456957..255.0].
Clipping input data to the valid range for imshow with RGB data ([0..1] for floats or [0..255] for integers). Got range [0.11423112322766305..255.0].
Clipping input data to the valid range for imshow with RGB data ([0..1] for floats or [0..255] for integers). Got range [0.0..255.0].
Clipping input data to the valid range for imshow with RGB data ([0..1] for floats or [0..255] for integers). Got range [0.0008947607563524196..255.0].
Clipping input data to the valid range for imshow with RGB data ([0..1] for floats or [0..255] for integers). Got range [0.018789975883401533..255.0].
Clipping input data to the valid range for imshow with RGB data ([0..1] for floats or [0..255] for integers). Got range [0.0..255.0].
Clipping input data to the valid range for imshow with RGB data ([0..1] for floats or [0..255] for integers). Got range [0.0..255.0].
Clipping input data to the valid range for imshow with RGB data ([0..1] for floats or [0..255] for integers). Got range [0.0..255.0].
Clipping input data to the valid range for imshow with RGB data ([0..1] for floats or [0..255] for integers). Got range [0.0..255.0].
Clipping input data to the valid range for imshow with RGB data ([0..1] for floats or [0..255] for integers). Got range [0.0..255.0].
Clipping input data to the valid range for imshow with RGB data ([0..1] for floats or [0..255] for integers). Got range [0.0..255.0].
Clipping input data to the valid range for imshow with RGB data ([0..1] for floats or [0..255] for integers). Got range [0.0..255.0].
Clipping input data to the valid range for imshow with RGB data ([0..1] for floats or [0..255] for integers). Got range [0.0..255.0].
The script is called /fs/dss/work/doau0129/hamlet_pheno/scripts/python/phenotyping.py
The script is called with 9 arguments
/fs/dss/work/doau0129/hamlet_pheno/images
[[0 0 0 ... 0 0 0]
 [0 0 0 ... 0 0 0]
 [0 0 0 ... 0 0 0]
 ...
 [0 0 0 ... 0 0 0]
 [0 0 0 ... 0 0 0]
 [0 0 0 ... 0 0 0]]
LAB
/fs/dss/work/doau0129/hamlet_pheno/1_phenotyping/pca
/fs/dss/work/doau0129/hamlet_pheno/1_phenotyping/heatmaps
fullm
abe
all
lab_abe30_left_noflash
['PL22_0307abeuvi-l3.png', 'PL17_088abebel-l3-s4-f4-c2-d1.png', 'PL22_0303abeuvi-l2.png', 'PL22_0367abeuvi-l3.png', 'PL22_0201abeboc-l7.png', 'PL22_0370abeuvi-l8.png', 'PL22_0389abeuvi-l5.png', 'PL22_0375abeuvi-l6.png', 'PL22_0374abeuvi-l2.png', 'PL22_0384abeuvi-l5.png', 'PL22_0282abeboc-l3.png', 'PL22_0294abeboc-l3.png', 'PL22_0369abeuvi-l7.png', 'PL22_0376abeuvi-l5.png', 'PL22_0368abeuvi-l4.png', 'PL22_0381abeuvi-l2.png', 'PL22_0305abeuvi-l2.png', 'PL22_0029abeboc-l3.png', 'PL22_0380abeuvi-l10.png', 'PL22_0362abeuvi-l6.png', 'PL22_0387abeuvi-l2.png', 'PL22_0363abeuvi-l4.png', 'PL22_0192abeboc-l3.png', 'PL22_0377abeuvi-l1.png', 'PL22_0295abeboc-l6.png', 'PL22_0271abeboc-l4.png', 'PL22_0395abeuvi-l3.png', 'PL22_0386abeuvi-l6.png', 'PL22_0242abeboc-l2.png', 'PL22_0297abeboc-l1.png']
30
347361
0 PL22_0307abeuvi-l3.png
1 PL17_088abebel-l3-s4-f4-c2-d1.png
2 PL22_0303abeuvi-l2.png
3 PL22_0367abeuvi-l3.png
4 PL22_0201abeboc-l7.png
5 PL22_0370abeuvi-l8.png
6 PL22_0389abeuvi-l5.png
7 PL22_0375abeuvi-l6.png
8 PL22_0374abeuvi-l2.png
9 PL22_0384abeuvi-l5.png
10 PL22_0282abeboc-l3.png
11 PL22_0294abeboc-l3.png
12 PL22_0369abeuvi-l7.png
13 PL22_0376abeuvi-l5.png
14 PL22_0368abeuvi-l4.png
15 PL22_0381abeuvi-l2.png
16 PL22_0305abeuvi-l2.png
17 PL22_0029abeboc-l3.png
18 PL22_0380abeuvi-l10.png
19 PL22_0362abeuvi-l6.png
20 PL22_0387abeuvi-l2.png
21 PL22_0363abeuvi-l4.png
22 PL22_0192abeboc-l3.png
23 PL22_0377abeuvi-l1.png
24 PL22_0295abeboc-l6.png
25 PL22_0271abeboc-l4.png
26 PL22_0395abeuvi-l3.png
27 PL22_0386abeuvi-l6.png
28 PL22_0242abeboc-l2.png
29 PL22_0297abeboc-l1.png
0
1.3057478555833289e-05 0.006764358841263906
['#221331', '#451c47', '#691f55', '#921c5b', '#b91657', '#d92847', '#ed503e', '#f47d57', '#f6a47c', '#f7c9aa']
<matplotlib.colorizer._ScalarMappable object at 0x155511eb0d70>
(1000, 1639, 3)
1
4.504140331409293e-06 0.004311697655569936
['#221331', '#451c47', '#691f55', '#921c5b', '#b91657', '#d92847', '#ed503e', '#f47d57', '#f6a47c', '#f7c9aa']
<matplotlib.colorizer._ScalarMappable object at 0x155512333b10>
(1000, 1639, 3)
2
9.404127830678688e-06 0.0049886537202572375
['#221331', '#451c47', '#691f55', '#921c5b', '#b91657', '#d92847', '#ed503e', '#f47d57', '#f6a47c', '#f7c9aa']
<matplotlib.colorizer._ScalarMappable object at 0x1554fa1ddf30>
(1000, 1639, 3)
3
9.833079891001752e-06 0.005087451330389655
['#221331', '#451c47', '#691f55', '#921c5b', '#b91657', '#d92847', '#ed503e', '#f47d57', '#f6a47c', '#f7c9aa']
<matplotlib.colorizer._ScalarMappable object at 0x155511f03130>
(1000, 1639, 3)
4
5.165958260706292e-06 0.009032858350209946
['#221331', '#451c47', '#691f55', '#921c5b', '#b91657', '#d92847', '#ed503e', '#f47d57', '#f6a47c', '#f7c9aa']
<matplotlib.colorizer._ScalarMappable object at 0x15550ecfa950>
(1000, 1639, 3)
5
3.8985558558084435e-05 0.0065931474587412236
['#221331', '#451c47', '#691f55', '#921c5b', '#b91657', '#d92847', '#ed503e', '#f47d57', '#f6a47c', '#f7c9aa']
<matplotlib.colorizer._ScalarMappable object at 0x1554fa263890>
(1000, 1639, 3)
6
4.865362184289439e-05 0.006384587729475894
['#221331', '#451c47', '#691f55', '#921c5b', '#b91657', '#d92847', '#ed503e', '#f47d57', '#f6a47c', '#f7c9aa']
<matplotlib.colorizer._ScalarMappable object at 0x1554fa00a190>
(1000, 1639, 3)
7
2.1112141705855502e-05 0.008365993669839615
['#221331', '#451c47', '#691f55', '#921c5b', '#b91657', '#d92847', '#ed503e', '#f47d57', '#f6a47c', '#f7c9aa']
<matplotlib.colorizer._ScalarMappable object at 0x1554fa2a61a0>
(1000, 1639, 3)
8
6.4568470164534574e-06 0.012075558693303404
['#221331', '#451c47', '#691f55', '#921c5b', '#b91657', '#d92847', '#ed503e', '#f47d57', '#f6a47c', '#f7c9aa']
<matplotlib.colorizer._ScalarMappable object at 0x15550f5ffe90>
(1000, 1639, 3)
9
1.2475909098845679e-05 0.010531268718774436
['#221331', '#451c47', '#691f55', '#921c5b', '#b91657', '#d92847', '#ed503e', '#f47d57', '#f6a47c', '#f7c9aa']
<matplotlib.colorizer._ScalarMappable object at 0x1554fa3bc890>
(1000, 1639, 3)
10
4.964788353770614e-05 0.00882719548745047
['#221331', '#451c47', '#691f55', '#921c5b', '#b91657', '#d92847', '#ed503e', '#f47d57', '#f6a47c', '#f7c9aa']
<matplotlib.colorizer._ScalarMappable object at 0x1554fa684690>
(1000, 1639, 3)
11
1.1600862569466248e-05 0.008711525854426581
['#221331', '#451c47', '#691f55', '#921c5b', '#b91657', '#d92847', '#ed503e', '#f47d57', '#f6a47c', '#f7c9aa']
<matplotlib.colorizer._ScalarMappable object at 0x1554fa619c50>
(1000, 1639, 3)
12
1.1042320550501072e-05 0.009834776167300602
['#221331', '#451c47', '#691f55', '#921c5b', '#b91657', '#d92847', '#ed503e', '#f47d57', '#f6a47c', '#f7c9aa']
<matplotlib.colorizer._ScalarMappable object at 0x1554fa7084b0>
(1000, 1639, 3)
13
8.539670563320492e-06 0.008526786150879389
['#221331', '#451c47', '#691f55', '#921c5b', '#b91657', '#d92847', '#ed503e', '#f47d57', '#f6a47c', '#f7c9aa']
<matplotlib.colorizer._ScalarMappable object at 0x1554fa7c6f90>
(1000, 1639, 3)
14
9.940359857782453e-06 0.010036740211012937
['#221331', '#451c47', '#691f55', '#921c5b', '#b91657', '#d92847', '#ed503e', '#f47d57', '#f6a47c', '#f7c9aa']
<matplotlib.colorizer._ScalarMappable object at 0x1554f9e50750>
(1000, 1639, 3)
