Processing dataset: lab_ver60_left_noflash, species: all, location: ver
Clipping input data to the valid range for imshow with RGB data ([0..1] for floats or [0..255] for integers). Got range [0.0..255.0].
Clipping input data to the valid range for imshow with RGB data ([0..1] for floats or [0..255] for integers). Got range [0.0..255.0].
Clipping input data to the valid range for imshow with RGB data ([0..1] for floats or [0..255] for integers). Got range [0.0..255.0].
Clipping input data to the valid range for imshow with RGB data ([0..1] for floats or [0..255] for integers). Got range [0.0..255.0].
The script is called /fs/dss/work/doau0129/hamlet_pheno/scripts/python/phenotyping.py
The script is called with 9 arguments
/fs/dss/work/doau0129/hamlet_pheno/images
[[0 0 0 ... 0 0 0]
 [0 0 0 ... 0 0 0]
 [0 0 0 ... 0 0 0]
 ...
 [0 0 0 ... 0 0 0]
 [0 0 0 ... 0 0 0]
 [0 0 0 ... 0 0 0]]
LAB
/fs/dss/work/doau0129/hamlet_pheno/1_phenotyping/pca
/fs/dss/work/doau0129/hamlet_pheno/1_phenotyping/heatmaps
fullm
all
ver
lab_ver60_left_noflash
['PL22_0491atlver-l4.png', 'PL22_0486casver-l4.png', 'PL22_0515atlver-l1.png', 'PL22_0465casver-l6.png', 'PL22_0478casver-l2.png', 'PL22_0480atlver-l13.png', 'PL22_0474casver-l3.png', 'PL22_0472casver-l6.png', 'PL22_0462atlver-l1.png', 'PL22_0482atlver-l4.png', 'PL22_0487casver-l1.png', 'PL22_0517atlver-l4.png', 'PL22_0500atlver-l15.png', 'PL22_0505casver-l5.png', 'PL22_0470casver-l4.png', 'PL22_0503casver-l1.png', 'PL22_0511atlver-l1.png', 'PL22_0488atlver-l6.png', 'PL22_0519atlver-l6.png', 'PL22_0479atlver-l11.png', 'PL22_0494casver-l4.png', 'PL22_0497atlver-l6.png', 'PL22_0504casver-l6.png', 'PL22_0475casver-l4.png', 'PL22_0495atlver-l4.png', 'PL22_0477atlver-l10.png', 'PL22_0471casver-l4.png', 'PL22_0516atlver-l5.png', 'PL22_0499atlver-l6.png', 'PL22_0510casver-l3.png', 'PL22_0496atlver-l2.png', 'PL22_0521atlver-l7.png', 'PL22_0513atlver-l5.png', 'PL22_0483atlver-l6.png', 'PL22_0506atlver-l2.png', 'PL22_0467atlver-l4.png', 'PL22_0489atlver-l5.png', 'PL22_0469casver-l3.png', 'PL22_0514casver-l5.png', 'PL22_0508casver-l4.png', 'PL22_0484casver-l2.png', 'PL22_0476casver-l7.png', 'PL22_0481atlver-l2.png', 'PL22_0509casver-l4.png', 'PL22_0518atlver-l4.png', 'PL22_0473casver-l1.png', 'PL22_0485casver-l5.png', 'PL22_0493casver-l6.png', 'PL22_0468casver-l6.png', 'PL22_0498casver-l6.png', 'PL22_0466casver-l6.png', 'PL22_0463atlver-l10.png', 'PL22_0512atlver-l4.png', 'PL22_0501casver-l5.png', 'PL22_0520atlver-l2.png', 'PL22_0507casver-l3.png', 'PL22_0464casver-l5.png', 'PL22_0490atlver-l2.png', 'PL22_0492atlver-l5.png', 'PL22_0502casver-l5.png']
60
347361
0 PL22_0491atlver-l4.png
1 PL22_0486casver-l4.png
2 PL22_0515atlver-l1.png
3 PL22_0465casver-l6.png
4 PL22_0478casver-l2.png
5 PL22_0480atlver-l13.png
6 PL22_0474casver-l3.png
7 PL22_0472casver-l6.png
8 PL22_0462atlver-l1.png
9 PL22_0482atlver-l4.png
10 PL22_0487casver-l1.png
11 PL22_0517atlver-l4.png
12 PL22_0500atlver-l15.png
13 PL22_0505casver-l5.png
14 PL22_0470casver-l4.png
15 PL22_0503casver-l1.png
16 PL22_0511atlver-l1.png
17 PL22_0488atlver-l6.png
18 PL22_0519atlver-l6.png
19 PL22_0479atlver-l11.png
20 PL22_0494casver-l4.png
21 PL22_0497atlver-l6.png
22 PL22_0504casver-l6.png
23 PL22_0475casver-l4.png
24 PL22_0495atlver-l4.png
25 PL22_0477atlver-l10.png
26 PL22_0471casver-l4.png
27 PL22_0516atlver-l5.png
28 PL22_0499atlver-l6.png
29 PL22_0510casver-l3.png
30 PL22_0496atlver-l2.png
31 PL22_0521atlver-l7.png
32 PL22_0513atlver-l5.png
33 PL22_0483atlver-l6.png
34 PL22_0506atlver-l2.png
35 PL22_0467atlver-l4.png
36 PL22_0489atlver-l5.png
37 PL22_0469casver-l3.png
38 PL22_0514casver-l5.png
39 PL22_0508casver-l4.png
40 PL22_0484casver-l2.png
41 PL22_0476casver-l7.png
42 PL22_0481atlver-l2.png
43 PL22_0509casver-l4.png
44 PL22_0518atlver-l4.png
45 PL22_0473casver-l1.png
46 PL22_0485casver-l5.png
47 PL22_0493casver-l6.png
48 PL22_0468casver-l6.png
49 PL22_0498casver-l6.png
50 PL22_0466casver-l6.png
51 PL22_0463atlver-l10.png
52 PL22_0512atlver-l4.png
53 PL22_0501casver-l5.png
54 PL22_0520atlver-l2.png
55 PL22_0507casver-l3.png
56 PL22_0464casver-l5.png
57 PL22_0490atlver-l2.png
58 PL22_0492atlver-l5.png
59 PL22_0502casver-l5.png
Global max pixel value across PC1–PC4: 0.0066
0
<matplotlib.colorizer._ScalarMappable object at 0x155511ea8ec0>
(1000, 1639, 3)
1
<matplotlib.colorizer._ScalarMappable object at 0x155512337c50>
(1000, 1639, 3)
2
<matplotlib.colorizer._ScalarMappable object at 0x1554eb365f30>
(1000, 1639, 3)
3
<matplotlib.colorizer._ScalarMappable object at 0x155511eff240>
(1000, 1639, 3)
