Processing dataset: lab_uni74_left_noflash, species: uni, location: all
Clipping input data to the valid range for imshow with RGB data ([0..1] for floats or [0..255] for integers). Got range [0.0..255.0].
Clipping input data to the valid range for imshow with RGB data ([0..1] for floats or [0..255] for integers). Got range [0.0..255.0].
Clipping input data to the valid range for imshow with RGB data ([0..1] for floats or [0..255] for integers). Got range [0.0..255.0].
Clipping input data to the valid range for imshow with RGB data ([0..1] for floats or [0..255] for integers). Got range [0.0..255.0].
The script is called /fs/dss/work/doau0129/hamlet_pheno/scripts/python/phenotyping.py
The script is called with 9 arguments
/fs/dss/work/doau0129/hamlet_pheno/images
[[0 0 0 ... 0 0 0]
 [0 0 0 ... 0 0 0]
 [0 0 0 ... 0 0 0]
 ...
 [0 0 0 ... 0 0 0]
 [0 0 0 ... 0 0 0]
 [0 0 0 ... 0 0 0]]
LAB
/fs/dss/work/doau0129/hamlet_pheno/1_phenotyping/pca
/fs/dss/work/doau0129/hamlet_pheno/1_phenotyping/heatmaps
fullm
uni
all
lab_uni74_left_noflash
['PL22_0347uniuvi-l4.png', 'PL22_0293uniboc-l2.png', 'PL17_135uniflo-l6-s4-f4-c2-d1.png', 'PL22_0421uniuvi-l4.png', 'PL22_0315uniuvi-l2.png', 'PL17_140uniflo-l1-s4-f4-c2-d1.png', 'PL22_0041uniboc-l4.png', 'PL17_162uniflo-l2-s4-f4-c2-d1.png', 'PL22_0288uniboc-l3.png', 'PL22_0413uniuvi-l3.png', 'PL22_0361uniuvi-l5.png', 'PL22_0060uniboc-l1.png', 'PL22_0323uniuvi-l2.png', 'PL22_0007uniboc-l1.png', 'PL22_0291uniboc-l3.png', 'PL17_163uniflo-l2-s4-f4-c2-d1.png', 'PL22_0045uniboc-l3.png', 'PL22_0292uniboc-l4.png', 'PL22_0027uniboc-l6.png', 'PL22_0335uniuvi-l5.png', 'PL22_0301uniuvi-l1.png', 'PL22_0289uniboc-l1.png', 'PL22_0023uniboc-l12.png', 'PL22_0036uniboc-l3.png', 'PL22_0252uniboc-l4.png', 'PL22_0088uniboc-l8.png', 'PL17_164uniflo-l2-s4-f4-c2-d1.png', 'PL22_0285uniboc-l8.png', 'PL22_0296uniboc-l6.png', 'PL22_0222uniboc-l3.png', 'PL17_137uniflo-l4-s4-f4-c2-d1.png', 'PL22_0273uniboc-l10.png', 'PL17_147uniflo-l6-s4-f4-c2-d1.png', 'PL17_150uniflo-l5-s4-f4-c2-d1.png', 'PL22_0423uniuvi-l5.png', 'PL22_0105uniboc-l3.png', 'PL22_0300uniboc-l1.png', 'PL22_0034uniboc-l4.png', 'PL17_136uniflo-l4-s4-f4-c2-d1.png', 'PL22_0046uniboc-l9.png', 'PL22_0016uniboc-l13.png', 'PL17_161uniflo-l1-s4-f4-c2-d1.png', 'PL22_0321uniuvi-l3.png', 'PL22_0040uniboc-l5.png', 'PL22_0091uniboc-l6.png', 'PL22_0352uniuvi-l2.png', 'PL22_0195uniboc-l8.png', 'PL22_0198uniboc-l4.png', 'PL22_0327uniuvi-l4.png', 'PL22_0302uniuvi-l3.png', 'PL22_0197uniboc-l7.png', 'PL22_0254uniboc-l3.png', 'PL22_0420uniuvi-l4.png', 'PL22_0424uniuvi-l3.png', 'PL22_0109uniboc-l7.png', 'PL22_0319uniuvi-l2.png', 'PL17_154uniflo-l2-s4-f4-c2-d1.png', 'PL22_0354uniuvi-l5.png', 'PL22_0199uniboc-l6.png', 'PL22_0418uniuvi-l1.png', 'PL22_0106uniboc-l2.png', 'PL22_0110uniboc-l8.png', 'PL22_0356uniuvi-l5.png', 'PL22_0299uniboc-l4.png', 'PL22_0284uniboc-l4.png', 'PL22_0320uniuvi-l1.png', 'PL17_134uniflo-l4-s4-f4-c2-d1.png', 'PL22_0340uniuvi-l5.png', 'PL22_0061uniboc-l3.png', 'PL17_143uniflo-l3-s4-f4-c2-d1.png', 'PL17_141uniflo-l6-s4-f4-c2-d1.png', 'PL17_146uniflo-l10-s4-f4-c2-d1.png', 'PL17_151uniflo-l7-s4-f4-c2-d1.png', 'PL17_165uniflo-l5-s4-f4-c2-d1.png']
74
347361
0 PL22_0347uniuvi-l4.png
1 PL22_0293uniboc-l2.png
2 PL17_135uniflo-l6-s4-f4-c2-d1.png
3 PL22_0421uniuvi-l4.png
4 PL22_0315uniuvi-l2.png
5 PL17_140uniflo-l1-s4-f4-c2-d1.png
6 PL22_0041uniboc-l4.png
7 PL17_162uniflo-l2-s4-f4-c2-d1.png
8 PL22_0288uniboc-l3.png
9 PL22_0413uniuvi-l3.png
10 PL22_0361uniuvi-l5.png
11 PL22_0060uniboc-l1.png
12 PL22_0323uniuvi-l2.png
13 PL22_0007uniboc-l1.png
14 PL22_0291uniboc-l3.png
15 PL17_163uniflo-l2-s4-f4-c2-d1.png
16 PL22_0045uniboc-l3.png
17 PL22_0292uniboc-l4.png
18 PL22_0027uniboc-l6.png
19 PL22_0335uniuvi-l5.png
20 PL22_0301uniuvi-l1.png
21 PL22_0289uniboc-l1.png
22 PL22_0023uniboc-l12.png
23 PL22_0036uniboc-l3.png
24 PL22_0252uniboc-l4.png
25 PL22_0088uniboc-l8.png
26 PL17_164uniflo-l2-s4-f4-c2-d1.png
27 PL22_0285uniboc-l8.png
28 PL22_0296uniboc-l6.png
29 PL22_0222uniboc-l3.png
30 PL17_137uniflo-l4-s4-f4-c2-d1.png
31 PL22_0273uniboc-l10.png
32 PL17_147uniflo-l6-s4-f4-c2-d1.png
33 PL17_150uniflo-l5-s4-f4-c2-d1.png
34 PL22_0423uniuvi-l5.png
35 PL22_0105uniboc-l3.png
36 PL22_0300uniboc-l1.png
37 PL22_0034uniboc-l4.png
38 PL17_136uniflo-l4-s4-f4-c2-d1.png
39 PL22_0046uniboc-l9.png
40 PL22_0016uniboc-l13.png
41 PL17_161uniflo-l1-s4-f4-c2-d1.png
42 PL22_0321uniuvi-l3.png
43 PL22_0040uniboc-l5.png
44 PL22_0091uniboc-l6.png
45 PL22_0352uniuvi-l2.png
46 PL22_0195uniboc-l8.png
47 PL22_0198uniboc-l4.png
48 PL22_0327uniuvi-l4.png
49 PL22_0302uniuvi-l3.png
50 PL22_0197uniboc-l7.png
51 PL22_0254uniboc-l3.png
52 PL22_0420uniuvi-l4.png
53 PL22_0424uniuvi-l3.png
54 PL22_0109uniboc-l7.png
55 PL22_0319uniuvi-l2.png
56 PL17_154uniflo-l2-s4-f4-c2-d1.png
57 PL22_0354uniuvi-l5.png
58 PL22_0199uniboc-l6.png
59 PL22_0418uniuvi-l1.png
60 PL22_0106uniboc-l2.png
61 PL22_0110uniboc-l8.png
62 PL22_0356uniuvi-l5.png
63 PL22_0299uniboc-l4.png
64 PL22_0284uniboc-l4.png
65 PL22_0320uniuvi-l1.png
66 PL17_134uniflo-l4-s4-f4-c2-d1.png
67 PL22_0340uniuvi-l5.png
68 PL22_0061uniboc-l3.png
69 PL17_143uniflo-l3-s4-f4-c2-d1.png
70 PL17_141uniflo-l6-s4-f4-c2-d1.png
71 PL17_146uniflo-l10-s4-f4-c2-d1.png
72 PL17_151uniflo-l7-s4-f4-c2-d1.png
73 PL17_165uniflo-l5-s4-f4-c2-d1.png
Global max pixel value across PC1–PC4: 0.0088
0
<matplotlib.colorizer._ScalarMappable object at 0x155511eacec0>
(1000, 1639, 3)
1
<matplotlib.colorizer._ScalarMappable object at 0x15551233bc50>
(1000, 1639, 3)
2
<matplotlib.colorizer._ScalarMappable object at 0x1554e4415f30>
(1000, 1639, 3)
3
<matplotlib.colorizer._ScalarMappable object at 0x155511f07240>
(1000, 1639, 3)
