Assuming unrestricted shared filesystem usage.
host: hpcl002
Building DAG of jobs...
Using shell: /usr/bin/bash
Provided cores: 24
Rules claiming more threads will be scaled down.
Job stats:
job                        count
-----------------------  -------
all                            1
all_plink                      1
pca_plot                       1
plink_processing              23
run_permanova                 23
split_samples_locations        9
split_samples_species          8
subset_vcf                    23
thin_ld_pruned                 1
total                         90

Select jobs to execute...
Execute 24 jobs...
[Tue Nov  4 10:42:33 2025]
localrule subset_vcf:
    input: /fs/dss/work/doau0129/hamlet_pheno/phyps2e_m2.vcf.gz, byLOC/qui.txt
    output: byLOC/qui.vcf.gz
    jobid: 33
    reason: Updated input files: /fs/dss/work/doau0129/hamlet_pheno/phyps2e_m2.vcf.gz, byLOC/qui.txt
    wildcards: group=LOC, dataset=qui
    resources: mem_mb=4000, mem_mib=3815, disk_mb=46815, disk_mib=44647, tmpdir=/tmp, time=2:00:00, threads=1
[Tue Nov  4 10:42:33 2025]
localrule subset_vcf:
    input: /fs/dss/work/doau0129/hamlet_pheno/phyps2e_m2.vcf.gz, bySPC/abe.txt
    output: bySPC/abe.vcf.gz
    jobid: 34
    reason: Updated input files: bySPC/abe.txt, /fs/dss/work/doau0129/hamlet_pheno/phyps2e_m2.vcf.gz
    wildcards: group=SPC, dataset=abe
    resources: mem_mb=4000, mem_mib=3815, disk_mb=46815, disk_mib=44647, tmpdir=/tmp, time=2:00:00, threads=1
[Tue Nov  4 10:42:33 2025]
localrule subset_vcf:
    input: /fs/dss/work/doau0129/hamlet_pheno/phyps2e_m2.vcf.gz, bySPC/aff.txt
    output: bySPC/aff.vcf.gz
    jobid: 35
    reason: Updated input files: /fs/dss/work/doau0129/hamlet_pheno/phyps2e_m2.vcf.gz, bySPC/aff.txt
    wildcards: group=SPC, dataset=aff
    resources: mem_mb=4000, mem_mib=3815, disk_mb=46815, disk_mib=44647, tmpdir=/tmp, time=2:00:00, threads=1
[Tue Nov  4 10:42:33 2025]
localrule subset_vcf:
    input: /fs/dss/work/doau0129/hamlet_pheno/phyps2e_m2.vcf.gz, bySPC/atl.txt
    output: bySPC/atl.vcf.gz
    jobid: 36
    reason: Updated input files: bySPC/atl.txt, /fs/dss/work/doau0129/hamlet_pheno/phyps2e_m2.vcf.gz
    wildcards: group=SPC, dataset=atl
    resources: mem_mb=4000, mem_mib=3815, disk_mb=46815, disk_mib=44647, tmpdir=/tmp, time=2:00:00, threads=1
[Tue Nov  4 10:42:33 2025]
localrule subset_vcf:
    input: /fs/dss/work/doau0129/hamlet_pheno/phyps2e_m2.vcf.gz, bySPC/chl.txt
    output: bySPC/chl.vcf.gz
    jobid: 37
    reason: Updated input files: bySPC/chl.txt, /fs/dss/work/doau0129/hamlet_pheno/phyps2e_m2.vcf.gz
    wildcards: group=SPC, dataset=chl
    resources: mem_mb=4000, mem_mib=3815, disk_mb=46815, disk_mib=44647, tmpdir=/tmp, time=2:00:00, threads=1
[Tue Nov  4 10:42:33 2025]
localrule all_plink:
    input: /fs/dss/work/doau0129/hamlet_pheno/phyps2e_m2.vcf.gz
    output: byALL/all_ld_pruned_gtmat.traw
    jobid: 70
    reason: Updated input files: /fs/dss/work/doau0129/hamlet_pheno/phyps2e_m2.vcf.gz
    resources: mem_mb=4000, mem_mib=3815, disk_mb=46815, disk_mib=44647, tmpdir=/tmp, time=2:00:00, threads=1
RuleException:
CalledProcessError in file "/fs/dss/work/doau0129/hamlet_pheno/2_popgen/Snakefile", line 130:
Command 'set -euo pipefail;  
        bcftools view --threads 4 -S bySPC/abe.txt -Oz -o bySPC/abe.vcf.gz /fs/dss/work/doau0129/hamlet_pheno/phyps2e_m2.vcf.gz
        bcftools index bySPC/abe.vcf.gz' returned non-zero exit status 127.
[Tue Nov  4 10:42:33 2025]
Error in rule subset_vcf:
    message: None
    jobid: 34
    input: /fs/dss/work/doau0129/hamlet_pheno/phyps2e_m2.vcf.gz, bySPC/abe.txt
    output: bySPC/abe.vcf.gz
    shell:
        
        bcftools view --threads 4 -S bySPC/abe.txt -Oz -o bySPC/abe.vcf.gz /fs/dss/work/doau0129/hamlet_pheno/phyps2e_m2.vcf.gz
        bcftools index bySPC/abe.vcf.gz
        
        (command exited with non-zero exit code)
RuleException:
CalledProcessError in file "/fs/dss/work/doau0129/hamlet_pheno/2_popgen/Snakefile", line 130:
Command 'set -euo pipefail;  
        bcftools view --threads 4 -S byLOC/qui.txt -Oz -o byLOC/qui.vcf.gz /fs/dss/work/doau0129/hamlet_pheno/phyps2e_m2.vcf.gz
        bcftools index byLOC/qui.vcf.gz' returned non-zero exit status 127.
RuleException:
CalledProcessError in file "/fs/dss/work/doau0129/hamlet_pheno/2_popgen/Snakefile", line 130:
Command 'set -euo pipefail;  
        bcftools view --threads 4 -S bySPC/chl.txt -Oz -o bySPC/chl.vcf.gz /fs/dss/work/doau0129/hamlet_pheno/phyps2e_m2.vcf.gz
        bcftools index bySPC/chl.vcf.gz' returned non-zero exit status 127.
RuleException:
CalledProcessError in file "/fs/dss/work/doau0129/hamlet_pheno/2_popgen/Snakefile", line 130:
Command 'set -euo pipefail;  
        bcftools view --threads 4 -S bySPC/atl.txt -Oz -o bySPC/atl.vcf.gz /fs/dss/work/doau0129/hamlet_pheno/phyps2e_m2.vcf.gz
        bcftools index bySPC/atl.vcf.gz' returned non-zero exit status 127.
RuleException:
CalledProcessError in file "/fs/dss/work/doau0129/hamlet_pheno/2_popgen/Snakefile", line 130:
Command 'set -euo pipefail;  
        bcftools view --threads 4 -S bySPC/aff.txt -Oz -o bySPC/aff.vcf.gz /fs/dss/work/doau0129/hamlet_pheno/phyps2e_m2.vcf.gz
        bcftools index bySPC/aff.vcf.gz' returned non-zero exit status 127.
[Tue Nov  4 10:42:33 2025]
Error in rule subset_vcf:
    message: None
    jobid: 33
    input: /fs/dss/work/doau0129/hamlet_pheno/phyps2e_m2.vcf.gz, byLOC/qui.txt
    output: byLOC/qui.vcf.gz
    shell:
        
        bcftools view --threads 4 -S byLOC/qui.txt -Oz -o byLOC/qui.vcf.gz /fs/dss/work/doau0129/hamlet_pheno/phyps2e_m2.vcf.gz
        bcftools index byLOC/qui.vcf.gz
        
        (command exited with non-zero exit code)
[Tue Nov  4 10:42:33 2025]
Error in rule subset_vcf:
    message: None
    jobid: 37
    input: /fs/dss/work/doau0129/hamlet_pheno/phyps2e_m2.vcf.gz, bySPC/chl.txt
    output: bySPC/chl.vcf.gz
    shell:
        
        bcftools view --threads 4 -S bySPC/chl.txt -Oz -o bySPC/chl.vcf.gz /fs/dss/work/doau0129/hamlet_pheno/phyps2e_m2.vcf.gz
        bcftools index bySPC/chl.vcf.gz
        
        (command exited with non-zero exit code)
[Tue Nov  4 10:42:33 2025]
Error in rule subset_vcf:
    message: None
    jobid: 36
    input: /fs/dss/work/doau0129/hamlet_pheno/phyps2e_m2.vcf.gz, bySPC/atl.txt
    output: bySPC/atl.vcf.gz
    shell:
        
        bcftools view --threads 4 -S bySPC/atl.txt -Oz -o bySPC/atl.vcf.gz /fs/dss/work/doau0129/hamlet_pheno/phyps2e_m2.vcf.gz
        bcftools index bySPC/atl.vcf.gz
        
        (command exited with non-zero exit code)
[Tue Nov  4 10:42:33 2025]
Error in rule subset_vcf:
    message: None
    jobid: 35
    input: /fs/dss/work/doau0129/hamlet_pheno/phyps2e_m2.vcf.gz, bySPC/aff.txt
    output: bySPC/aff.vcf.gz
    shell:
        
        bcftools view --threads 4 -S bySPC/aff.txt -Oz -o bySPC/aff.vcf.gz /fs/dss/work/doau0129/hamlet_pheno/phyps2e_m2.vcf.gz
        bcftools index bySPC/aff.vcf.gz
        
        (command exited with non-zero exit code)
[Tue Nov  4 10:42:33 2025]
localrule subset_vcf:
    input: /fs/dss/work/doau0129/hamlet_pheno/phyps2e_m2.vcf.gz, bySPC/gem.txt
    output: bySPC/gem.vcf.gz
    jobid: 38
    reason: Updated input files: bySPC/gem.txt, /fs/dss/work/doau0129/hamlet_pheno/phyps2e_m2.vcf.gz
    wildcards: group=SPC, dataset=gem
    resources: mem_mb=4000, mem_mib=3815, disk_mb=46815, disk_mib=44647, tmpdir=/tmp, time=2:00:00, threads=1
[Tue Nov  4 10:42:33 2025]
localrule split_samples_locations:
    input: /fs/dss/work/doau0129/hamlet_pheno/metadata/geno_names.txt
    output: byLOC/pri.txt
    jobid: 9
    reason: Updated input files: /fs/dss/work/doau0129/hamlet_pheno/metadata/geno_names.txt
    wildcards: dataset=pri
    resources: mem_mb=4000, mem_mib=3815, disk_mb=1000, disk_mib=954, tmpdir=/tmp, time=2:00:00, threads=1
[Tue Nov  4 10:42:33 2025]
localrule split_samples_locations:
    input: /fs/dss/work/doau0129/hamlet_pheno/metadata/geno_names.txt
    output: byLOC/liz.txt
    jobid: 8
    reason: Updated input files: /fs/dss/work/doau0129/hamlet_pheno/metadata/geno_names.txt
    wildcards: dataset=liz
    resources: mem_mb=4000, mem_mib=3815, disk_mb=1000, disk_mib=954, tmpdir=/tmp, time=2:00:00, threads=1
RuleException:
CalledProcessError in file "/fs/dss/work/doau0129/hamlet_pheno/2_popgen/Snakefile", line 224:
Command 'set -euo pipefail;  
        # Create index for vcf file
        bcftools index /fs/dss/work/doau0129/hamlet_pheno/phyps2e_m2.vcf.gz

        # Create base prefix (remove folder and extensions)
        prefix="all"

        # Step 1: Convert to PLINK binary
        plink --vcf /fs/dss/work/doau0129/hamlet_pheno/phyps2e_m2.vcf.gz --allow-extra-chr --make-bed --out byALL/${prefix}

        # Step 2: Filter for MAF and missingness
        plink --bfile byALL/${prefix} \
              --maf 0.05 --geno 0.05 --allow-extra-chr --make-bed \
              --out byALL/${prefix}.flt

        # Step 3: LD pruning
        plink --bfile byALL/${prefix}.flt \
              --indep-pairwise 50 10 0.2 --allow-extra-chr \
              --out byALL/${prefix}.ld

        plink --bfile byALL/${prefix}.flt \
              --extract byALL/${prefix}.ld.prune.in \
              --allow-extra-chr --make-bed \
              --out byALL/${prefix}.ld.pruned

        # Step 4: Export genotype matrix (transposed)
        plink --bfile byALL/${prefix}.ld.pruned \
              --recode A-transpose --allow-extra-chr \
              --out byALL/${prefix}_ld_pruned_gtmat' returned non-zero exit status 127.
[Tue Nov  4 10:42:33 2025]
Error in rule all_plink:
    message: None
    jobid: 70
    input: /fs/dss/work/doau0129/hamlet_pheno/phyps2e_m2.vcf.gz
    output: byALL/all_ld_pruned_gtmat.traw
    shell:
        
        # Create index for vcf file
        bcftools index /fs/dss/work/doau0129/hamlet_pheno/phyps2e_m2.vcf.gz

        # Create base prefix (remove folder and extensions)
        prefix="all"

        # Step 1: Convert to PLINK binary
        plink --vcf /fs/dss/work/doau0129/hamlet_pheno/phyps2e_m2.vcf.gz --allow-extra-chr --make-bed --out byALL/${prefix}

        # Step 2: Filter for MAF and missingness
        plink --bfile byALL/${prefix} \
              --maf 0.05 --geno 0.05 --allow-extra-chr --make-bed \
              --out byALL/${prefix}.flt

        # Step 3: LD pruning
        plink --bfile byALL/${prefix}.flt \
              --indep-pairwise 50 10 0.2 --allow-extra-chr \
              --out byALL/${prefix}.ld

        plink --bfile byALL/${prefix}.flt \
              --extract byALL/${prefix}.ld.prune.in \
              --allow-extra-chr --make-bed \
              --out byALL/${prefix}.ld.pruned

        # Step 4: Export genotype matrix (transposed)
        plink --bfile byALL/${prefix}.ld.pruned \
              --recode A-transpose --allow-extra-chr \
              --out byALL/${prefix}_ld_pruned_gtmat
        
        (command exited with non-zero exit code)
[Tue Nov  4 10:42:33 2025]
localrule split_samples_species:
    input: /fs/dss/work/doau0129/hamlet_pheno/metadata/geno_names.txt
    output: bySPC/uni.txt
    jobid: 23
    reason: Updated input files: /fs/dss/work/doau0129/hamlet_pheno/metadata/geno_names.txt
    wildcards: dataset=uni
    resources: mem_mb=4000, mem_mib=3815, disk_mb=1000, disk_mib=954, tmpdir=/tmp, time=2:00:00, threads=1
RuleException:
CalledProcessError in file "/fs/dss/work/doau0129/hamlet_pheno/2_popgen/Snakefile", line 130:
Command 'set -euo pipefail;  
        bcftools view --threads 4 -S bySPC/gem.txt -Oz -o bySPC/gem.vcf.gz /fs/dss/work/doau0129/hamlet_pheno/phyps2e_m2.vcf.gz
        bcftools index bySPC/gem.vcf.gz' returned non-zero exit status 127.
[Tue Nov  4 10:42:33 2025]
Error in rule subset_vcf:
    message: None
    jobid: 38
    input: /fs/dss/work/doau0129/hamlet_pheno/phyps2e_m2.vcf.gz, bySPC/gem.txt
    output: bySPC/gem.vcf.gz
    shell:
        
        bcftools view --threads 4 -S bySPC/gem.txt -Oz -o bySPC/gem.vcf.gz /fs/dss/work/doau0129/hamlet_pheno/phyps2e_m2.vcf.gz
        bcftools index bySPC/gem.vcf.gz
        
        (command exited with non-zero exit code)
[Tue Nov  4 10:42:33 2025]
localrule split_samples_locations:
    input: /fs/dss/work/doau0129/hamlet_pheno/metadata/geno_names.txt
    output: byLOC/hon.txt
    jobid: 7
    reason: Updated input files: /fs/dss/work/doau0129/hamlet_pheno/metadata/geno_names.txt
    wildcards: dataset=hon
    resources: mem_mb=4000, mem_mib=3815, disk_mb=1000, disk_mib=954, tmpdir=/tmp, time=2:00:00, threads=1
[Tue Nov  4 10:42:33 2025]
localrule split_samples_species:
    input: /fs/dss/work/doau0129/hamlet_pheno/metadata/geno_names.txt
    output: bySPC/tan.txt
    jobid: 22
    reason: Updated input files: /fs/dss/work/doau0129/hamlet_pheno/metadata/geno_names.txt
    wildcards: dataset=tan
    resources: mem_mb=4000, mem_mib=3815, disk_mb=1000, disk_mib=954, tmpdir=/tmp, time=2:00:00, threads=1
[Tue Nov  4 10:42:33 2025]
localrule split_samples_locations:
    input: /fs/dss/work/doau0129/hamlet_pheno/metadata/geno_names.txt
    output: byLOC/gun.txt
    jobid: 6
    reason: Updated input files: /fs/dss/work/doau0129/hamlet_pheno/metadata/geno_names.txt
    wildcards: dataset=gun
    resources: mem_mb=4000, mem_mib=3815, disk_mb=1000, disk_mib=954, tmpdir=/tmp, time=2:00:00, threads=1
[Tue Nov  4 10:42:33 2025]
localrule split_samples_species:
    input: /fs/dss/work/doau0129/hamlet_pheno/metadata/geno_names.txt
    output: bySPC/ran.txt
    jobid: 21
    reason: Updated input files: /fs/dss/work/doau0129/hamlet_pheno/metadata/geno_names.txt
    wildcards: dataset=ran
    resources: mem_mb=4000, mem_mib=3815, disk_mb=1000, disk_mib=954, tmpdir=/tmp, time=2:00:00, threads=1
[Tue Nov  4 10:42:33 2025]
localrule split_samples_locations:
    input: /fs/dss/work/doau0129/hamlet_pheno/metadata/geno_names.txt
    output: byLOC/flk.txt
    jobid: 5
    reason: Updated input files: /fs/dss/work/doau0129/hamlet_pheno/metadata/geno_names.txt
    wildcards: dataset=flk
    resources: mem_mb=4000, mem_mib=3815, disk_mb=1000, disk_mib=954, tmpdir=/tmp, time=2:00:00, threads=1
[Tue Nov  4 10:42:33 2025]
localrule split_samples_species:
    input: /fs/dss/work/doau0129/hamlet_pheno/metadata/geno_names.txt
    output: bySPC/pue.txt
    jobid: 20
    reason: Updated input files: /fs/dss/work/doau0129/hamlet_pheno/metadata/geno_names.txt
    wildcards: dataset=pue
    resources: mem_mb=4000, mem_mib=3815, disk_mb=1000, disk_mib=954, tmpdir=/tmp, time=2:00:00, threads=1
[Tue Nov  4 10:42:33 2025]
localrule split_samples_locations:
    input: /fs/dss/work/doau0129/hamlet_pheno/metadata/geno_names.txt
    output: byLOC/boc.txt
    jobid: 4
    reason: Updated input files: /fs/dss/work/doau0129/hamlet_pheno/metadata/geno_names.txt
    wildcards: dataset=boc
    resources: mem_mb=4000, mem_mib=3815, disk_mb=1000, disk_mib=954, tmpdir=/tmp, time=2:00:00, threads=1
[Tue Nov  4 10:42:33 2025]
localrule split_samples_species:
    input: /fs/dss/work/doau0129/hamlet_pheno/metadata/geno_names.txt
    output: bySPC/nig.txt
    jobid: 19
    reason: Updated input files: /fs/dss/work/doau0129/hamlet_pheno/metadata/geno_names.txt
    wildcards: dataset=nig
    resources: mem_mb=4000, mem_mib=3815, disk_mb=1000, disk_mib=954, tmpdir=/tmp, time=2:00:00, threads=1
[Tue Nov  4 10:42:33 2025]
localrule split_samples_locations:
    input: /fs/dss/work/doau0129/hamlet_pheno/metadata/geno_names.txt
    output: byLOC/bel.txt
    jobid: 3
    reason: Updated input files: /fs/dss/work/doau0129/hamlet_pheno/metadata/geno_names.txt
    wildcards: dataset=bel
    resources: mem_mb=4000, mem_mib=3815, disk_mb=1000, disk_mib=954, tmpdir=/tmp, time=2:00:00, threads=1
[Tue Nov  4 10:42:33 2025]
localrule split_samples_species:
    input: /fs/dss/work/doau0129/hamlet_pheno/metadata/geno_names.txt
    output: bySPC/ind.txt
    jobid: 18
    reason: Updated input files: /fs/dss/work/doau0129/hamlet_pheno/metadata/geno_names.txt
    wildcards: dataset=ind
    resources: mem_mb=4000, mem_mib=3815, disk_mb=1000, disk_mib=954, tmpdir=/tmp, time=2:00:00, threads=1
[Tue Nov  4 10:42:33 2025]
localrule split_samples_species:
    input: /fs/dss/work/doau0129/hamlet_pheno/metadata/geno_names.txt
    output: bySPC/gut.txt
    jobid: 17
    reason: Updated input files: /fs/dss/work/doau0129/hamlet_pheno/metadata/geno_names.txt
    wildcards: dataset=gut
    resources: mem_mb=4000, mem_mib=3815, disk_mb=1000, disk_mib=954, tmpdir=/tmp, time=2:00:00, threads=1
[Tue Nov  4 10:42:33 2025]
localrule split_samples_locations:
    input: /fs/dss/work/doau0129/hamlet_pheno/metadata/geno_names.txt
    output: byLOC/bar.txt
    jobid: 2
    reason: Updated input files: /fs/dss/work/doau0129/hamlet_pheno/metadata/geno_names.txt
    wildcards: dataset=bar
    resources: mem_mb=4000, mem_mib=3815, disk_mb=1000, disk_mib=954, tmpdir=/tmp, time=2:00:00, threads=1
[Tue Nov  4 10:42:33 2025]
localrule split_samples_species:
    input: /fs/dss/work/doau0129/hamlet_pheno/metadata/geno_names.txt
    output: bySPC/gum.txt
    jobid: 16
    reason: Updated input files: /fs/dss/work/doau0129/hamlet_pheno/metadata/geno_names.txt
    wildcards: dataset=gum
    resources: mem_mb=4000, mem_mib=3815, disk_mb=1000, disk_mib=954, tmpdir=/tmp, time=2:00:00, threads=1
[Tue Nov  4 10:42:33 2025]
localrule split_samples_locations:
    input: /fs/dss/work/doau0129/hamlet_pheno/metadata/geno_names.txt
    output: byLOC/arc.txt
    jobid: 1
    reason: Updated input files: /fs/dss/work/doau0129/hamlet_pheno/metadata/geno_names.txt
    wildcards: dataset=arc
    resources: mem_mb=4000, mem_mib=3815, disk_mb=1000, disk_mib=954, tmpdir=/tmp, time=2:00:00, threads=1
[Tue Nov  4 10:42:33 2025]
Finished jobid: 9 (Rule: split_samples_locations)
1 of 90 steps (1%) done
[Tue Nov  4 10:42:33 2025]
Finished jobid: 8 (Rule: split_samples_locations)
2 of 90 steps (2%) done
[Tue Nov  4 10:42:33 2025]
Finished jobid: 23 (Rule: split_samples_species)
3 of 90 steps (3%) done
[Tue Nov  4 10:42:33 2025]
Finished jobid: 7 (Rule: split_samples_locations)
4 of 90 steps (4%) done
[Tue Nov  4 10:42:33 2025]
Finished jobid: 22 (Rule: split_samples_species)
5 of 90 steps (6%) done
[Tue Nov  4 10:42:33 2025]
Finished jobid: 6 (Rule: split_samples_locations)
6 of 90 steps (7%) done
[Tue Nov  4 10:42:33 2025]
Finished jobid: 21 (Rule: split_samples_species)
7 of 90 steps (8%) done
[Tue Nov  4 10:42:33 2025]
Finished jobid: 5 (Rule: split_samples_locations)
8 of 90 steps (9%) done
[Tue Nov  4 10:42:33 2025]
Finished jobid: 20 (Rule: split_samples_species)
9 of 90 steps (10%) done
[Tue Nov  4 10:42:33 2025]
Finished jobid: 4 (Rule: split_samples_locations)
10 of 90 steps (11%) done
[Tue Nov  4 10:42:33 2025]
Finished jobid: 19 (Rule: split_samples_species)
11 of 90 steps (12%) done
[Tue Nov  4 10:42:33 2025]
Finished jobid: 3 (Rule: split_samples_locations)
12 of 90 steps (13%) done
[Tue Nov  4 10:42:33 2025]
Finished jobid: 18 (Rule: split_samples_species)
13 of 90 steps (14%) done
[Tue Nov  4 10:42:33 2025]
Finished jobid: 17 (Rule: split_samples_species)
14 of 90 steps (16%) done
[Tue Nov  4 10:42:33 2025]
Finished jobid: 2 (Rule: split_samples_locations)
15 of 90 steps (17%) done
[Tue Nov  4 10:42:33 2025]
Finished jobid: 16 (Rule: split_samples_species)
16 of 90 steps (18%) done
[Tue Nov  4 10:42:33 2025]
Finished jobid: 1 (Rule: split_samples_locations)
17 of 90 steps (19%) done
Shutting down, this might take some time.
Exiting because a job execution failed. Look below for error messages
[Tue Nov  4 10:42:33 2025]
Error in rule subset_vcf:
    message: None
    jobid: 33
    input: /fs/dss/work/doau0129/hamlet_pheno/phyps2e_m2.vcf.gz, byLOC/qui.txt
    output: byLOC/qui.vcf.gz
    shell:
        
        bcftools view --threads 4 -S byLOC/qui.txt -Oz -o byLOC/qui.vcf.gz /fs/dss/work/doau0129/hamlet_pheno/phyps2e_m2.vcf.gz
        bcftools index byLOC/qui.vcf.gz
        
        (command exited with non-zero exit code)
[Tue Nov  4 10:42:33 2025]
Error in rule subset_vcf:
    message: None
    jobid: 37
    input: /fs/dss/work/doau0129/hamlet_pheno/phyps2e_m2.vcf.gz, bySPC/chl.txt
    output: bySPC/chl.vcf.gz
    shell:
        
        bcftools view --threads 4 -S bySPC/chl.txt -Oz -o bySPC/chl.vcf.gz /fs/dss/work/doau0129/hamlet_pheno/phyps2e_m2.vcf.gz
        bcftools index bySPC/chl.vcf.gz
        
        (command exited with non-zero exit code)
[Tue Nov  4 10:42:33 2025]
Error in rule subset_vcf:
    message: None
    jobid: 34
    input: /fs/dss/work/doau0129/hamlet_pheno/phyps2e_m2.vcf.gz, bySPC/abe.txt
    output: bySPC/abe.vcf.gz
    shell:
        
        bcftools view --threads 4 -S bySPC/abe.txt -Oz -o bySPC/abe.vcf.gz /fs/dss/work/doau0129/hamlet_pheno/phyps2e_m2.vcf.gz
        bcftools index bySPC/abe.vcf.gz
        
        (command exited with non-zero exit code)
[Tue Nov  4 10:42:33 2025]
Error in rule all_plink:
    message: None
    jobid: 70
    input: /fs/dss/work/doau0129/hamlet_pheno/phyps2e_m2.vcf.gz
    output: byALL/all_ld_pruned_gtmat.traw
    shell:
        
        # Create index for vcf file
        bcftools index /fs/dss/work/doau0129/hamlet_pheno/phyps2e_m2.vcf.gz

        # Create base prefix (remove folder and extensions)
        prefix="all"

        # Step 1: Convert to PLINK binary
        plink --vcf /fs/dss/work/doau0129/hamlet_pheno/phyps2e_m2.vcf.gz --allow-extra-chr --make-bed --out byALL/${prefix}

        # Step 2: Filter for MAF and missingness
        plink --bfile byALL/${prefix} \
              --maf 0.05 --geno 0.05 --allow-extra-chr --make-bed \
              --out byALL/${prefix}.flt

        # Step 3: LD pruning
        plink --bfile byALL/${prefix}.flt \
              --indep-pairwise 50 10 0.2 --allow-extra-chr \
              --out byALL/${prefix}.ld

        plink --bfile byALL/${prefix}.flt \
              --extract byALL/${prefix}.ld.prune.in \
              --allow-extra-chr --make-bed \
              --out byALL/${prefix}.ld.pruned

        # Step 4: Export genotype matrix (transposed)
        plink --bfile byALL/${prefix}.ld.pruned \
              --recode A-transpose --allow-extra-chr \
              --out byALL/${prefix}_ld_pruned_gtmat
        
        (command exited with non-zero exit code)
[Tue Nov  4 10:42:33 2025]
Error in rule subset_vcf:
    message: None
    jobid: 38
    input: /fs/dss/work/doau0129/hamlet_pheno/phyps2e_m2.vcf.gz, bySPC/gem.txt
    output: bySPC/gem.vcf.gz
    shell:
        
        bcftools view --threads 4 -S bySPC/gem.txt -Oz -o bySPC/gem.vcf.gz /fs/dss/work/doau0129/hamlet_pheno/phyps2e_m2.vcf.gz
        bcftools index bySPC/gem.vcf.gz
        
        (command exited with non-zero exit code)
[Tue Nov  4 10:42:33 2025]
Error in rule subset_vcf:
    message: None
    jobid: 35
    input: /fs/dss/work/doau0129/hamlet_pheno/phyps2e_m2.vcf.gz, bySPC/aff.txt
    output: bySPC/aff.vcf.gz
    shell:
        
        bcftools view --threads 4 -S bySPC/aff.txt -Oz -o bySPC/aff.vcf.gz /fs/dss/work/doau0129/hamlet_pheno/phyps2e_m2.vcf.gz
        bcftools index bySPC/aff.vcf.gz
        
        (command exited with non-zero exit code)
[Tue Nov  4 10:42:33 2025]
Error in rule subset_vcf:
    message: None
    jobid: 36
    input: /fs/dss/work/doau0129/hamlet_pheno/phyps2e_m2.vcf.gz, bySPC/atl.txt
    output: bySPC/atl.vcf.gz
    shell:
        
        bcftools view --threads 4 -S bySPC/atl.txt -Oz -o bySPC/atl.vcf.gz /fs/dss/work/doau0129/hamlet_pheno/phyps2e_m2.vcf.gz
        bcftools index bySPC/atl.vcf.gz
        
        (command exited with non-zero exit code)
Complete log(s): /fs/dss/work/doau0129/hamlet_pheno/2_popgen/.snakemake/log/2025-11-04T104232.779142.snakemake.log
WorkflowError:
At least one job did not complete successfully.
