Assuming unrestricted shared filesystem usage.
host: hpcl001
Building DAG of jobs...
Traceback (most recent call last):

  File "/user/doau0129/miniconda3/envs/phenotypic_pipeline/lib/python3.12/site-packages/snakemake/cli.py", line 2187, in args_to_api
    dag_api.execute_workflow(

  File "/user/doau0129/miniconda3/envs/phenotypic_pipeline/lib/python3.12/site-packages/snakemake/api.py", line 634, in execute_workflow
    workflow.execute(

  File "/user/doau0129/miniconda3/envs/phenotypic_pipeline/lib/python3.12/site-packages/snakemake/workflow.py", line 1274, in execute
    self._build_dag()

  File "/user/doau0129/miniconda3/envs/phenotypic_pipeline/lib/python3.12/site-packages/snakemake/workflow.py", line 1217, in _build_dag
    async_run(self.dag.init())

  File "/user/doau0129/miniconda3/envs/phenotypic_pipeline/lib/python3.12/site-packages/snakemake/common/__init__.py", line 100, in async_run
    return asyncio.run(coroutine)
           ^^^^^^^^^^^^^^^^^^^^^^

  File "/user/doau0129/miniconda3/envs/phenotypic_pipeline/lib/python3.12/asyncio/runners.py", line 195, in run
    return runner.run(main)
           ^^^^^^^^^^^^^^^^

  File "/user/doau0129/miniconda3/envs/phenotypic_pipeline/lib/python3.12/asyncio/runners.py", line 118, in run
    return self._loop.run_until_complete(task)
           ^^^^^^^^^^^^^^^^^^^^^^^^^^^^^^^^^^^

  File "/user/doau0129/miniconda3/envs/phenotypic_pipeline/lib/python3.12/asyncio/base_events.py", line 691, in run_until_complete
    return future.result()
           ^^^^^^^^^^^^^^^

  File "/user/doau0129/miniconda3/envs/phenotypic_pipeline/lib/python3.12/site-packages/snakemake/dag.py", line 273, in init
    await self.update_needrun(create_inventory=True)

  File "/user/doau0129/miniconda3/envs/phenotypic_pipeline/lib/python3.12/site-packages/snakemake/dag.py", line 1582, in update_needrun
    if await update_needrun(job):
       ^^^^^^^^^^^^^^^^^^^^^^^^^

  File "/user/doau0129/miniconda3/envs/phenotypic_pipeline/lib/python3.12/site-packages/snakemake/dag.py", line 1505, in update_needrun
    self.workflow.persistence.params_changed(job)

  File "/user/doau0129/miniconda3/envs/phenotypic_pipeline/lib/python3.12/site-packages/snakemake/persistence.py", line 483, in params_changed
    new = set(self._params(job))
              ^^^^^^^^^^^^^^^^^

  File "/user/doau0129/miniconda3/envs/phenotypic_pipeline/lib/python3.12/site-packages/snakemake/persistence.py", line 640, in _params
    return sorted(
           ^^^^^^^

  File "/user/doau0129/miniconda3/envs/phenotypic_pipeline/lib/python3.12/site-packages/snakemake/persistence.py", line 643, in <genexpr>
    (self._serialize_param(value) for value in job.non_derived_params),
     ^^^^^^^^^^^^^^^^^^^^^^^^^^^^

  File "/user/doau0129/miniconda3/envs/phenotypic_pipeline/lib/python3.12/site-packages/snakemake/persistence.py", line 632, in _serialize_param_pandas
    import pandas as pd

  File "/cm/shared/uniol/sw/zen4/13.1/SciPy-bundle/2023.05-foss-2023a/lib/python3.11/site-packages/pandas/__init__.py", line 16, in <module>
    raise ImportError(

ImportError: Unable to import required dependencies:
numpy: 

IMPORTANT: PLEASE READ THIS FOR ADVICE ON HOW TO SOLVE THIS ISSUE!

Importing the numpy C-extensions failed. This error can happen for
many reasons, often due to issues with your setup or how NumPy was
installed.

We have compiled some common reasons and troubleshooting tips at:

    https://numpy.org/devdocs/user/troubleshooting-importerror.html

Please note and check the following:

  * The Python version is: Python3.12 from "/user/doau0129/miniconda3/envs/phenotypic_pipeline/bin/python3.12"
  * The NumPy version is: "1.25.0"

and make sure that they are the versions you expect.
Please carefully study the documentation linked above for further help.

Original error was: No module named 'numpy.core._multiarray_umath'


