Assuming unrestricted shared filesystem usage.
host: hpcl001
Building DAG of jobs...
Using shell: /usr/bin/bash
Job stats:
job                 count
----------------  -------
all                     1
all_plink               1
pca_plot                1
plink_processing       23
run_permanova          23
subset_vcf             23
thin_ld_pruned          1
total                  73

Select jobs to execute...
Execute 24 jobs...
[Wed Nov  5 09:48:02 2025]
localrule subset_vcf:
    input: /fs/dss/work/doau0129/hamlet_pheno/phyps2e_m2.vcf.gz, byLOC/qui.txt
    output: byLOC/qui.vcf.gz
    jobid: 33
    reason: Code has changed since last execution
    wildcards: group=LOC, dataset=qui
    resources: tmpdir=/tmp
[Wed Nov  5 09:48:02 2025]
localrule subset_vcf:
    input: /fs/dss/work/doau0129/hamlet_pheno/phyps2e_m2.vcf.gz, bySPC/abe.txt
    output: bySPC/abe.vcf.gz
    jobid: 34
    reason: Code has changed since last execution
    wildcards: group=SPC, dataset=abe
    resources: tmpdir=/tmp
[Wed Nov  5 09:48:02 2025]
localrule subset_vcf:
    input: /fs/dss/work/doau0129/hamlet_pheno/phyps2e_m2.vcf.gz, bySPC/aff.txt
    output: bySPC/aff.vcf.gz
    jobid: 35
    reason: Code has changed since last execution
    wildcards: group=SPC, dataset=aff
    resources: tmpdir=/tmp
[Wed Nov  5 09:48:02 2025]
localrule subset_vcf:
    input: /fs/dss/work/doau0129/hamlet_pheno/phyps2e_m2.vcf.gz, bySPC/atl.txt
    output: bySPC/atl.vcf.gz
    jobid: 36
    reason: Code has changed since last execution
    wildcards: group=SPC, dataset=atl
    resources: tmpdir=/tmp
[Wed Nov  5 09:48:03 2025]
localrule subset_vcf:
    input: /fs/dss/work/doau0129/hamlet_pheno/phyps2e_m2.vcf.gz, bySPC/chl.txt
    output: bySPC/chl.vcf.gz
    jobid: 37
    reason: Code has changed since last execution
    wildcards: group=SPC, dataset=chl
    resources: tmpdir=/tmp
[Wed Nov  5 09:48:03 2025]
localrule subset_vcf:
    input: /fs/dss/work/doau0129/hamlet_pheno/phyps2e_m2.vcf.gz, bySPC/gem.txt
    output: bySPC/gem.vcf.gz
    jobid: 38
    reason: Code has changed since last execution
    wildcards: group=SPC, dataset=gem
    resources: tmpdir=/tmp
[Wed Nov  5 09:48:03 2025]
localrule subset_vcf:
    input: /fs/dss/work/doau0129/hamlet_pheno/phyps2e_m2.vcf.gz, byLOC/arc.txt
    output: byLOC/arc.vcf.gz
    jobid: 24
    reason: Code has changed since last execution
    wildcards: group=LOC, dataset=arc
    resources: tmpdir=/tmp
[Wed Nov  5 09:48:03 2025]
localrule all_plink:
    input: /fs/dss/work/doau0129/hamlet_pheno/phyps2e_m2.vcf.gz
    output: byALL/all_ld_pruned_gtmat.traw
    jobid: 70
    reason: Missing output files: byALL/all_ld_pruned_gtmat.traw; Updated input files: /fs/dss/work/doau0129/hamlet_pheno/phyps2e_m2.vcf.gz
    resources: tmpdir=/tmp
Output files not touched because they don't exist: byALL/all_ld_pruned_gtmat.traw
[Wed Nov  5 09:48:03 2025]
localrule subset_vcf:
    input: /fs/dss/work/doau0129/hamlet_pheno/phyps2e_m2.vcf.gz, bySPC/gum.txt
    output: bySPC/gum.vcf.gz
    jobid: 39
    reason: Code has changed since last execution
    wildcards: group=SPC, dataset=gum
    resources: tmpdir=/tmp
[Wed Nov  5 09:48:03 2025]
localrule subset_vcf:
    input: /fs/dss/work/doau0129/hamlet_pheno/phyps2e_m2.vcf.gz, byLOC/bar.txt
    output: byLOC/bar.vcf.gz
    jobid: 25
    reason: Code has changed since last execution
    wildcards: group=LOC, dataset=bar
    resources: tmpdir=/tmp
[Wed Nov  5 09:48:03 2025]
localrule subset_vcf:
    input: /fs/dss/work/doau0129/hamlet_pheno/phyps2e_m2.vcf.gz, bySPC/gut.txt
    output: bySPC/gut.vcf.gz
    jobid: 40
    reason: Code has changed since last execution
    wildcards: group=SPC, dataset=gut
    resources: tmpdir=/tmp
[Wed Nov  5 09:48:03 2025]
localrule subset_vcf:
    input: /fs/dss/work/doau0129/hamlet_pheno/phyps2e_m2.vcf.gz, byLOC/bel.txt
    output: byLOC/bel.vcf.gz
    jobid: 26
    reason: Code has changed since last execution
    wildcards: group=LOC, dataset=bel
    resources: tmpdir=/tmp
[Wed Nov  5 09:48:03 2025]
localrule subset_vcf:
    input: /fs/dss/work/doau0129/hamlet_pheno/phyps2e_m2.vcf.gz, bySPC/ind.txt
    output: bySPC/ind.vcf.gz
    jobid: 41
    reason: Code has changed since last execution
    wildcards: group=SPC, dataset=ind
    resources: tmpdir=/tmp
[Wed Nov  5 09:48:03 2025]
localrule subset_vcf:
    input: /fs/dss/work/doau0129/hamlet_pheno/phyps2e_m2.vcf.gz, byLOC/boc.txt
    output: byLOC/boc.vcf.gz
    jobid: 27
    reason: Code has changed since last execution
    wildcards: group=LOC, dataset=boc
    resources: tmpdir=/tmp
[Wed Nov  5 09:48:03 2025]
localrule subset_vcf:
    input: /fs/dss/work/doau0129/hamlet_pheno/phyps2e_m2.vcf.gz, bySPC/nig.txt
    output: bySPC/nig.vcf.gz
    jobid: 42
    reason: Code has changed since last execution
    wildcards: group=SPC, dataset=nig
    resources: tmpdir=/tmp
[Wed Nov  5 09:48:04 2025]
localrule subset_vcf:
    input: /fs/dss/work/doau0129/hamlet_pheno/phyps2e_m2.vcf.gz, byLOC/flk.txt
    output: byLOC/flk.vcf.gz
    jobid: 28
    reason: Code has changed since last execution
    wildcards: group=LOC, dataset=flk
    resources: tmpdir=/tmp
[Wed Nov  5 09:48:04 2025]
localrule subset_vcf:
    input: /fs/dss/work/doau0129/hamlet_pheno/phyps2e_m2.vcf.gz, bySPC/pue.txt
    output: bySPC/pue.vcf.gz
    jobid: 43
    reason: Code has changed since last execution
    wildcards: group=SPC, dataset=pue
    resources: tmpdir=/tmp
[Wed Nov  5 09:48:04 2025]
localrule subset_vcf:
    input: /fs/dss/work/doau0129/hamlet_pheno/phyps2e_m2.vcf.gz, byLOC/gun.txt
    output: byLOC/gun.vcf.gz
    jobid: 29
    reason: Code has changed since last execution
    wildcards: group=LOC, dataset=gun
    resources: tmpdir=/tmp
[Wed Nov  5 09:48:04 2025]
localrule subset_vcf:
    input: /fs/dss/work/doau0129/hamlet_pheno/phyps2e_m2.vcf.gz, bySPC/ran.txt
    output: bySPC/ran.vcf.gz
    jobid: 44
    reason: Code has changed since last execution
    wildcards: group=SPC, dataset=ran
    resources: tmpdir=/tmp
[Wed Nov  5 09:48:04 2025]
localrule subset_vcf:
    input: /fs/dss/work/doau0129/hamlet_pheno/phyps2e_m2.vcf.gz, bySPC/tan.txt
    output: bySPC/tan.vcf.gz
    jobid: 45
    reason: Code has changed since last execution
    wildcards: group=SPC, dataset=tan
    resources: tmpdir=/tmp
[Wed Nov  5 09:48:04 2025]
localrule subset_vcf:
    input: /fs/dss/work/doau0129/hamlet_pheno/phyps2e_m2.vcf.gz, byLOC/hon.txt
    output: byLOC/hon.vcf.gz
    jobid: 30
    reason: Code has changed since last execution
    wildcards: group=LOC, dataset=hon
    resources: tmpdir=/tmp
[Wed Nov  5 09:48:04 2025]
localrule subset_vcf:
    input: /fs/dss/work/doau0129/hamlet_pheno/phyps2e_m2.vcf.gz, bySPC/uni.txt
    output: bySPC/uni.vcf.gz
    jobid: 46
    reason: Code has changed since last execution
    wildcards: group=SPC, dataset=uni
    resources: tmpdir=/tmp
[Wed Nov  5 09:48:04 2025]
localrule subset_vcf:
    input: /fs/dss/work/doau0129/hamlet_pheno/phyps2e_m2.vcf.gz, byLOC/liz.txt
    output: byLOC/liz.vcf.gz
    jobid: 31
    reason: Code has changed since last execution
    wildcards: group=LOC, dataset=liz
    resources: tmpdir=/tmp
[Wed Nov  5 09:48:04 2025]
localrule subset_vcf:
    input: /fs/dss/work/doau0129/hamlet_pheno/phyps2e_m2.vcf.gz, byLOC/pri.txt
    output: byLOC/pri.vcf.gz
    jobid: 32
    reason: Code has changed since last execution
    wildcards: group=LOC, dataset=pri
    resources: tmpdir=/tmp
[Wed Nov  5 09:48:04 2025]
Finished jobid: 33 (Rule: subset_vcf)
1 of 73 steps (1%) done
[Wed Nov  5 09:48:04 2025]
Finished jobid: 34 (Rule: subset_vcf)
2 of 73 steps (3%) done
[Wed Nov  5 09:48:04 2025]
Finished jobid: 35 (Rule: subset_vcf)
3 of 73 steps (4%) done
[Wed Nov  5 09:48:04 2025]
Finished jobid: 36 (Rule: subset_vcf)
4 of 73 steps (5%) done
[Wed Nov  5 09:48:04 2025]
Finished jobid: 37 (Rule: subset_vcf)
5 of 73 steps (7%) done
[Wed Nov  5 09:48:04 2025]
Finished jobid: 38 (Rule: subset_vcf)
6 of 73 steps (8%) done
[Wed Nov  5 09:48:04 2025]
Finished jobid: 24 (Rule: subset_vcf)
7 of 73 steps (10%) done
[Wed Nov  5 09:48:04 2025]
Finished jobid: 70 (Rule: all_plink)
8 of 73 steps (11%) done
[Wed Nov  5 09:48:04 2025]
Finished jobid: 39 (Rule: subset_vcf)
9 of 73 steps (12%) done
[Wed Nov  5 09:48:04 2025]
Finished jobid: 25 (Rule: subset_vcf)
10 of 73 steps (14%) done
[Wed Nov  5 09:48:04 2025]
Finished jobid: 40 (Rule: subset_vcf)
11 of 73 steps (15%) done
[Wed Nov  5 09:48:04 2025]
Finished jobid: 26 (Rule: subset_vcf)
12 of 73 steps (16%) done
[Wed Nov  5 09:48:04 2025]
Finished jobid: 41 (Rule: subset_vcf)
13 of 73 steps (18%) done
[Wed Nov  5 09:48:04 2025]
Finished jobid: 27 (Rule: subset_vcf)
14 of 73 steps (19%) done
[Wed Nov  5 09:48:04 2025]
Finished jobid: 42 (Rule: subset_vcf)
15 of 73 steps (21%) done
[Wed Nov  5 09:48:04 2025]
Finished jobid: 28 (Rule: subset_vcf)
16 of 73 steps (22%) done
[Wed Nov  5 09:48:04 2025]
Finished jobid: 43 (Rule: subset_vcf)
17 of 73 steps (23%) done
[Wed Nov  5 09:48:04 2025]
Finished jobid: 29 (Rule: subset_vcf)
18 of 73 steps (25%) done
[Wed Nov  5 09:48:04 2025]
Finished jobid: 44 (Rule: subset_vcf)
19 of 73 steps (26%) done
[Wed Nov  5 09:48:04 2025]
Finished jobid: 45 (Rule: subset_vcf)
20 of 73 steps (27%) done
[Wed Nov  5 09:48:04 2025]
Finished jobid: 30 (Rule: subset_vcf)
21 of 73 steps (29%) done
[Wed Nov  5 09:48:04 2025]
Finished jobid: 46 (Rule: subset_vcf)
22 of 73 steps (30%) done
[Wed Nov  5 09:48:04 2025]
Finished jobid: 31 (Rule: subset_vcf)
23 of 73 steps (32%) done
[Wed Nov  5 09:48:04 2025]
Finished jobid: 32 (Rule: subset_vcf)
24 of 73 steps (33%) done
Select jobs to execute...
Execute 24 jobs...
[Wed Nov  5 09:48:04 2025]
localrule plink_processing:
    input: bySPC/gem.vcf.gz
    output: bySPC/gem_ld_pruned_gtmat.traw
    jobid: 61
    reason: Input files updated by another job: bySPC/gem.vcf.gz
    wildcards: OUT_DIR=bySPC, dataset=gem
    resources: tmpdir=/tmp
[Wed Nov  5 09:48:05 2025]
localrule plink_processing:
    input: bySPC/chl.vcf.gz
    output: bySPC/chl_ld_pruned_gtmat.traw
    jobid: 60
    reason: Input files updated by another job: bySPC/chl.vcf.gz
    wildcards: OUT_DIR=bySPC, dataset=chl
    resources: tmpdir=/tmp
[Wed Nov  5 09:48:05 2025]
localrule plink_processing:
    input: bySPC/atl.vcf.gz
    output: bySPC/atl_ld_pruned_gtmat.traw
    jobid: 59
    reason: Input files updated by another job: bySPC/atl.vcf.gz
    wildcards: OUT_DIR=bySPC, dataset=atl
    resources: tmpdir=/tmp
[Wed Nov  5 09:48:05 2025]
localrule plink_processing:
    input: bySPC/aff.vcf.gz
    output: bySPC/aff_ld_pruned_gtmat.traw
    jobid: 58
    reason: Input files updated by another job: bySPC/aff.vcf.gz
    wildcards: OUT_DIR=bySPC, dataset=aff
    resources: tmpdir=/tmp
[Wed Nov  5 09:48:05 2025]
localrule thin_ld_pruned:
    input: byALL/all_ld_pruned_gtmat.traw
    output: byALL/thinned_all_ld_pruned_gtmat.traw
    jobid: 71
    reason: Input files updated by another job: byALL/all_ld_pruned_gtmat.traw
    threads: 4
    resources: tmpdir=/tmp
[Wed Nov  5 09:48:05 2025]
localrule plink_processing:
    input: bySPC/abe.vcf.gz
    output: bySPC/abe_ld_pruned_gtmat.traw
    jobid: 57
    reason: Input files updated by another job: bySPC/abe.vcf.gz
    wildcards: OUT_DIR=bySPC, dataset=abe
    resources: tmpdir=/tmp
[Wed Nov  5 09:48:05 2025]
localrule plink_processing:
    input: byLOC/qui.vcf.gz
    output: byLOC/qui_ld_pruned_gtmat.traw
    jobid: 56
    reason: Input files updated by another job: byLOC/qui.vcf.gz
    wildcards: OUT_DIR=byLOC, dataset=qui
    resources: tmpdir=/tmp
[Wed Nov  5 09:48:05 2025]
localrule plink_processing:
    input: byLOC/pri.vcf.gz
    output: byLOC/pri_ld_pruned_gtmat.traw
    jobid: 55
    reason: Input files updated by another job: byLOC/pri.vcf.gz
    wildcards: OUT_DIR=byLOC, dataset=pri
    resources: tmpdir=/tmp
[Wed Nov  5 09:48:05 2025]
localrule plink_processing:
    input: byLOC/liz.vcf.gz
    output: byLOC/liz_ld_pruned_gtmat.traw
    jobid: 54
    reason: Input files updated by another job: byLOC/liz.vcf.gz
    wildcards: OUT_DIR=byLOC, dataset=liz
    resources: tmpdir=/tmp
[Wed Nov  5 09:48:05 2025]
localrule plink_processing:
    input: bySPC/uni.vcf.gz
    output: bySPC/uni_ld_pruned_gtmat.traw
    jobid: 69
    reason: Input files updated by another job: bySPC/uni.vcf.gz
    wildcards: OUT_DIR=bySPC, dataset=uni
    resources: tmpdir=/tmp
[Wed Nov  5 09:48:06 2025]
localrule plink_processing:
    input: byLOC/hon.vcf.gz
    output: byLOC/hon_ld_pruned_gtmat.traw
    jobid: 53
    reason: Input files updated by another job: byLOC/hon.vcf.gz
    wildcards: OUT_DIR=byLOC, dataset=hon
    resources: tmpdir=/tmp
[Wed Nov  5 09:48:06 2025]
localrule plink_processing:
    input: bySPC/tan.vcf.gz
    output: bySPC/tan_ld_pruned_gtmat.traw
    jobid: 68
    reason: Input files updated by another job: bySPC/tan.vcf.gz
    wildcards: OUT_DIR=bySPC, dataset=tan
    resources: tmpdir=/tmp
[Wed Nov  5 09:48:06 2025]
localrule plink_processing:
    input: byLOC/gun.vcf.gz
    output: byLOC/gun_ld_pruned_gtmat.traw
    jobid: 52
    reason: Input files updated by another job: byLOC/gun.vcf.gz
    wildcards: OUT_DIR=byLOC, dataset=gun
    resources: tmpdir=/tmp
[Wed Nov  5 09:48:06 2025]
localrule plink_processing:
    input: bySPC/ran.vcf.gz
    output: bySPC/ran_ld_pruned_gtmat.traw
    jobid: 67
    reason: Input files updated by another job: bySPC/ran.vcf.gz
    wildcards: OUT_DIR=bySPC, dataset=ran
    resources: tmpdir=/tmp
[Wed Nov  5 09:48:06 2025]
localrule plink_processing:
    input: byLOC/flk.vcf.gz
    output: byLOC/flk_ld_pruned_gtmat.traw
    jobid: 51
    reason: Input files updated by another job: byLOC/flk.vcf.gz
    wildcards: OUT_DIR=byLOC, dataset=flk
    resources: tmpdir=/tmp
[Wed Nov  5 09:48:06 2025]
localrule plink_processing:
    input: bySPC/pue.vcf.gz
    output: bySPC/pue_ld_pruned_gtmat.traw
    jobid: 66
    reason: Input files updated by another job: bySPC/pue.vcf.gz
    wildcards: OUT_DIR=bySPC, dataset=pue
    resources: tmpdir=/tmp
[Wed Nov  5 09:48:06 2025]
localrule plink_processing:
    input: bySPC/nig.vcf.gz
    output: bySPC/nig_ld_pruned_gtmat.traw
    jobid: 65
    reason: Input files updated by another job: bySPC/nig.vcf.gz
    wildcards: OUT_DIR=bySPC, dataset=nig
    resources: tmpdir=/tmp
[Wed Nov  5 09:48:06 2025]
localrule plink_processing:
    input: byLOC/boc.vcf.gz
    output: byLOC/boc_ld_pruned_gtmat.traw
    jobid: 50
    reason: Input files updated by another job: byLOC/boc.vcf.gz
    wildcards: OUT_DIR=byLOC, dataset=boc
    resources: tmpdir=/tmp
[Wed Nov  5 09:48:06 2025]
localrule plink_processing:
    input: bySPC/ind.vcf.gz
    output: bySPC/ind_ld_pruned_gtmat.traw
    jobid: 64
    reason: Input files updated by another job: bySPC/ind.vcf.gz
    wildcards: OUT_DIR=bySPC, dataset=ind
    resources: tmpdir=/tmp
[Wed Nov  5 09:48:06 2025]
localrule plink_processing:
    input: byLOC/bel.vcf.gz
    output: byLOC/bel_ld_pruned_gtmat.traw
    jobid: 49
    reason: Input files updated by another job: byLOC/bel.vcf.gz
    wildcards: OUT_DIR=byLOC, dataset=bel
    resources: tmpdir=/tmp
[Wed Nov  5 09:48:07 2025]
localrule plink_processing:
    input: byLOC/bar.vcf.gz
    output: byLOC/bar_ld_pruned_gtmat.traw
    jobid: 48
    reason: Input files updated by another job: byLOC/bar.vcf.gz
    wildcards: OUT_DIR=byLOC, dataset=bar
    resources: tmpdir=/tmp
[Wed Nov  5 09:48:07 2025]
localrule plink_processing:
    input: bySPC/gut.vcf.gz
    output: bySPC/gut_ld_pruned_gtmat.traw
    jobid: 63
    reason: Input files updated by another job: bySPC/gut.vcf.gz
    wildcards: OUT_DIR=bySPC, dataset=gut
    resources: tmpdir=/tmp
[Wed Nov  5 09:48:07 2025]
localrule plink_processing:
    input: byLOC/arc.vcf.gz
    output: byLOC/arc_ld_pruned_gtmat.traw
    jobid: 47
    reason: Input files updated by another job: byLOC/arc.vcf.gz
    wildcards: OUT_DIR=byLOC, dataset=arc
    resources: tmpdir=/tmp
[Wed Nov  5 09:48:07 2025]
localrule plink_processing:
    input: bySPC/gum.vcf.gz
    output: bySPC/gum_ld_pruned_gtmat.traw
    jobid: 62
    reason: Input files updated by another job: bySPC/gum.vcf.gz
    wildcards: OUT_DIR=bySPC, dataset=gum
    resources: tmpdir=/tmp
[Wed Nov  5 09:48:07 2025]
Finished jobid: 61 (Rule: plink_processing)
25 of 73 steps (34%) done
[Wed Nov  5 09:48:07 2025]
Finished jobid: 60 (Rule: plink_processing)
26 of 73 steps (36%) done
[Wed Nov  5 09:48:07 2025]
Finished jobid: 59 (Rule: plink_processing)
27 of 73 steps (37%) done
[Wed Nov  5 09:48:07 2025]
Finished jobid: 58 (Rule: plink_processing)
28 of 73 steps (38%) done
[Wed Nov  5 09:48:07 2025]
Finished jobid: 71 (Rule: thin_ld_pruned)
29 of 73 steps (40%) done
[Wed Nov  5 09:48:07 2025]
Finished jobid: 57 (Rule: plink_processing)
30 of 73 steps (41%) done
[Wed Nov  5 09:48:07 2025]
Finished jobid: 56 (Rule: plink_processing)
31 of 73 steps (42%) done
[Wed Nov  5 09:48:07 2025]
Finished jobid: 55 (Rule: plink_processing)
32 of 73 steps (44%) done
[Wed Nov  5 09:48:07 2025]
Finished jobid: 54 (Rule: plink_processing)
33 of 73 steps (45%) done
[Wed Nov  5 09:48:07 2025]
Finished jobid: 69 (Rule: plink_processing)
34 of 73 steps (47%) done
[Wed Nov  5 09:48:07 2025]
Finished jobid: 53 (Rule: plink_processing)
35 of 73 steps (48%) done
[Wed Nov  5 09:48:07 2025]
Finished jobid: 68 (Rule: plink_processing)
36 of 73 steps (49%) done
[Wed Nov  5 09:48:07 2025]
Finished jobid: 52 (Rule: plink_processing)
37 of 73 steps (51%) done
[Wed Nov  5 09:48:07 2025]
Finished jobid: 67 (Rule: plink_processing)
38 of 73 steps (52%) done
[Wed Nov  5 09:48:07 2025]
Finished jobid: 51 (Rule: plink_processing)
39 of 73 steps (53%) done
[Wed Nov  5 09:48:07 2025]
Finished jobid: 66 (Rule: plink_processing)
40 of 73 steps (55%) done
[Wed Nov  5 09:48:07 2025]
Finished jobid: 65 (Rule: plink_processing)
41 of 73 steps (56%) done
[Wed Nov  5 09:48:07 2025]
Finished jobid: 50 (Rule: plink_processing)
42 of 73 steps (58%) done
[Wed Nov  5 09:48:07 2025]
Finished jobid: 64 (Rule: plink_processing)
43 of 73 steps (59%) done
[Wed Nov  5 09:48:07 2025]
Finished jobid: 49 (Rule: plink_processing)
44 of 73 steps (60%) done
[Wed Nov  5 09:48:07 2025]
Finished jobid: 48 (Rule: plink_processing)
45 of 73 steps (62%) done
[Wed Nov  5 09:48:07 2025]
Finished jobid: 63 (Rule: plink_processing)
46 of 73 steps (63%) done
[Wed Nov  5 09:48:07 2025]
Finished jobid: 47 (Rule: plink_processing)
47 of 73 steps (64%) done
[Wed Nov  5 09:48:07 2025]
Finished jobid: 62 (Rule: plink_processing)
48 of 73 steps (66%) done
Select jobs to execute...
Execute 23 jobs...
[Wed Nov  5 09:48:07 2025]
localrule run_permanova:
    input: bySPC/chl_ld_pruned_gtmat.traw, bySPC/chl.txt
    output: bySPC/permanova_results/chl.sm.pairwise.csv
    jobid: 85
    reason: Input files updated by another job: bySPC/chl_ld_pruned_gtmat.traw
    wildcards: OUTDIR=bySPC/permanova_results, dataset=chl, SUFFIX=sm
    resources: tmpdir=/tmp
[Wed Nov  5 09:48:07 2025]
localrule run_permanova:
    input: bySPC/gem_ld_pruned_gtmat.traw, bySPC/gem.txt
    output: bySPC/permanova_results/gem.sm.pairwise.csv
    jobid: 86
    reason: Input files updated by another job: bySPC/gem_ld_pruned_gtmat.traw
    wildcards: OUTDIR=bySPC/permanova_results, dataset=gem, SUFFIX=sm
    resources: tmpdir=/tmp
[Wed Nov  5 09:48:07 2025]
localrule run_permanova:
    input: bySPC/gum_ld_pruned_gtmat.traw, bySPC/gum.txt
    output: bySPC/permanova_results/gum.sm.pairwise.csv
    jobid: 87
    reason: Input files updated by another job: bySPC/gum_ld_pruned_gtmat.traw
    wildcards: OUTDIR=bySPC/permanova_results, dataset=gum, SUFFIX=sm
    resources: tmpdir=/tmp
[Wed Nov  5 09:48:07 2025]
localrule run_permanova:
    input: byLOC/arc_ld_pruned_gtmat.traw, byLOC/arc.txt
    output: byLOC/permanova_results/arc.lm.pairwise.csv
    jobid: 72
    reason: Input files updated by another job: byLOC/arc_ld_pruned_gtmat.traw
    wildcards: OUTDIR=byLOC/permanova_results, dataset=arc, SUFFIX=lm
    resources: tmpdir=/tmp
[Wed Nov  5 09:48:07 2025]
localrule run_permanova:
    input: bySPC/gut_ld_pruned_gtmat.traw, bySPC/gut.txt
    output: bySPC/permanova_results/gut.sm.pairwise.csv
    jobid: 88
    reason: Input files updated by another job: bySPC/gut_ld_pruned_gtmat.traw
    wildcards: OUTDIR=bySPC/permanova_results, dataset=gut, SUFFIX=sm
    resources: tmpdir=/tmp
[Wed Nov  5 09:48:08 2025]
localrule run_permanova:
    input: byLOC/bar_ld_pruned_gtmat.traw, byLOC/bar.txt
    output: byLOC/permanova_results/bar.lm.pairwise.csv
    jobid: 73
    reason: Input files updated by another job: byLOC/bar_ld_pruned_gtmat.traw
    wildcards: OUTDIR=byLOC/permanova_results, dataset=bar, SUFFIX=lm
    resources: tmpdir=/tmp
[Wed Nov  5 09:48:08 2025]
localrule run_permanova:
    input: bySPC/ind_ld_pruned_gtmat.traw, bySPC/ind.txt
    output: bySPC/permanova_results/ind.sm.pairwise.csv
    jobid: 89
    reason: Input files updated by another job: bySPC/ind_ld_pruned_gtmat.traw
    wildcards: OUTDIR=bySPC/permanova_results, dataset=ind, SUFFIX=sm
    resources: tmpdir=/tmp
[Wed Nov  5 09:48:08 2025]
localrule run_permanova:
    input: byLOC/bel_ld_pruned_gtmat.traw, byLOC/bel.txt
    output: byLOC/permanova_results/bel.lm.pairwise.csv
    jobid: 74
    reason: Input files updated by another job: byLOC/bel_ld_pruned_gtmat.traw
    wildcards: OUTDIR=byLOC/permanova_results, dataset=bel, SUFFIX=lm
    resources: tmpdir=/tmp
[Wed Nov  5 09:48:08 2025]
localrule run_permanova:
    input: bySPC/nig_ld_pruned_gtmat.traw, bySPC/nig.txt
    output: bySPC/permanova_results/nig.sm.pairwise.csv
    jobid: 90
    reason: Input files updated by another job: bySPC/nig_ld_pruned_gtmat.traw
    wildcards: OUTDIR=bySPC/permanova_results, dataset=nig, SUFFIX=sm
    resources: tmpdir=/tmp
[Wed Nov  5 09:48:08 2025]
localrule run_permanova:
    input: byLOC/boc_ld_pruned_gtmat.traw, byLOC/boc.txt
    output: byLOC/permanova_results/boc.lm.pairwise.csv
    jobid: 75
    reason: Input files updated by another job: byLOC/boc_ld_pruned_gtmat.traw
    wildcards: OUTDIR=byLOC/permanova_results, dataset=boc, SUFFIX=lm
    resources: tmpdir=/tmp
[Wed Nov  5 09:48:08 2025]
localrule run_permanova:
    input: byLOC/flk_ld_pruned_gtmat.traw, byLOC/flk.txt
    output: byLOC/permanova_results/flk.lm.pairwise.csv
    jobid: 76
    reason: Input files updated by another job: byLOC/flk_ld_pruned_gtmat.traw
    wildcards: OUTDIR=byLOC/permanova_results, dataset=flk, SUFFIX=lm
    resources: tmpdir=/tmp
[Wed Nov  5 09:48:08 2025]
localrule run_permanova:
    input: bySPC/pue_ld_pruned_gtmat.traw, bySPC/pue.txt
    output: bySPC/permanova_results/pue.sm.pairwise.csv
    jobid: 91
    reason: Input files updated by another job: bySPC/pue_ld_pruned_gtmat.traw
    wildcards: OUTDIR=bySPC/permanova_results, dataset=pue, SUFFIX=sm
    resources: tmpdir=/tmp
[Wed Nov  5 09:48:08 2025]
localrule run_permanova:
    input: bySPC/ran_ld_pruned_gtmat.traw, bySPC/ran.txt
    output: bySPC/permanova_results/ran.sm.pairwise.csv
    jobid: 92
    reason: Input files updated by another job: bySPC/ran_ld_pruned_gtmat.traw
    wildcards: OUTDIR=bySPC/permanova_results, dataset=ran, SUFFIX=sm
    resources: tmpdir=/tmp
[Wed Nov  5 09:48:08 2025]
localrule run_permanova:
    input: byLOC/gun_ld_pruned_gtmat.traw, byLOC/gun.txt
    output: byLOC/permanova_results/gun.lm.pairwise.csv
    jobid: 77
    reason: Input files updated by another job: byLOC/gun_ld_pruned_gtmat.traw
    wildcards: OUTDIR=byLOC/permanova_results, dataset=gun, SUFFIX=lm
    resources: tmpdir=/tmp
[Wed Nov  5 09:48:08 2025]
localrule run_permanova:
    input: byLOC/hon_ld_pruned_gtmat.traw, byLOC/hon.txt
    output: byLOC/permanova_results/hon.lm.pairwise.csv
    jobid: 78
    reason: Input files updated by another job: byLOC/hon_ld_pruned_gtmat.traw
    wildcards: OUTDIR=byLOC/permanova_results, dataset=hon, SUFFIX=lm
    resources: tmpdir=/tmp
[Wed Nov  5 09:48:09 2025]
localrule run_permanova:
    input: bySPC/tan_ld_pruned_gtmat.traw, bySPC/tan.txt
    output: bySPC/permanova_results/tan.sm.pairwise.csv
    jobid: 93
    reason: Input files updated by another job: bySPC/tan_ld_pruned_gtmat.traw
    wildcards: OUTDIR=bySPC/permanova_results, dataset=tan, SUFFIX=sm
    resources: tmpdir=/tmp
[Wed Nov  5 09:48:09 2025]
localrule run_permanova:
    input: byLOC/liz_ld_pruned_gtmat.traw, byLOC/liz.txt
    output: byLOC/permanova_results/liz.lm.pairwise.csv
    jobid: 79
    reason: Input files updated by another job: byLOC/liz_ld_pruned_gtmat.traw
    wildcards: OUTDIR=byLOC/permanova_results, dataset=liz, SUFFIX=lm
    resources: tmpdir=/tmp
[Wed Nov  5 09:48:09 2025]
localrule run_permanova:
    input: bySPC/uni_ld_pruned_gtmat.traw, bySPC/uni.txt
    output: bySPC/permanova_results/uni.sm.pairwise.csv
    jobid: 94
    reason: Input files updated by another job: bySPC/uni_ld_pruned_gtmat.traw
    wildcards: OUTDIR=bySPC/permanova_results, dataset=uni, SUFFIX=sm
    resources: tmpdir=/tmp
[Wed Nov  5 09:48:09 2025]
localrule run_permanova:
    input: byLOC/pri_ld_pruned_gtmat.traw, byLOC/pri.txt
    output: byLOC/permanova_results/pri.lm.pairwise.csv
    jobid: 80
    reason: Input files updated by another job: byLOC/pri_ld_pruned_gtmat.traw
    wildcards: OUTDIR=byLOC/permanova_results, dataset=pri, SUFFIX=lm
    resources: tmpdir=/tmp
[Wed Nov  5 09:48:09 2025]
localrule run_permanova:
    input: byLOC/qui_ld_pruned_gtmat.traw, byLOC/qui.txt
    output: byLOC/permanova_results/qui.lm.pairwise.csv
    jobid: 81
    reason: Input files updated by another job: byLOC/qui_ld_pruned_gtmat.traw
    wildcards: OUTDIR=byLOC/permanova_results, dataset=qui, SUFFIX=lm
    resources: tmpdir=/tmp
[Wed Nov  5 09:48:09 2025]
localrule run_permanova:
    input: bySPC/abe_ld_pruned_gtmat.traw, bySPC/abe.txt
    output: bySPC/permanova_results/abe.sm.pairwise.csv
    jobid: 82
    reason: Input files updated by another job: bySPC/abe_ld_pruned_gtmat.traw
    wildcards: OUTDIR=bySPC/permanova_results, dataset=abe, SUFFIX=sm
    resources: tmpdir=/tmp
[Wed Nov  5 09:48:09 2025]
localrule run_permanova:
    input: bySPC/aff_ld_pruned_gtmat.traw, bySPC/aff.txt
    output: bySPC/permanova_results/aff.sm.pairwise.csv
    jobid: 83
    reason: Input files updated by another job: bySPC/aff_ld_pruned_gtmat.traw
    wildcards: OUTDIR=bySPC/permanova_results, dataset=aff, SUFFIX=sm
    resources: tmpdir=/tmp
[Wed Nov  5 09:48:09 2025]
localrule run_permanova:
    input: bySPC/atl_ld_pruned_gtmat.traw, bySPC/atl.txt
    output: bySPC/permanova_results/atl.sm.pairwise.csv
    jobid: 84
    reason: Input files updated by another job: bySPC/atl_ld_pruned_gtmat.traw
    wildcards: OUTDIR=bySPC/permanova_results, dataset=atl, SUFFIX=sm
    resources: tmpdir=/tmp
[Wed Nov  5 09:48:09 2025]
Finished jobid: 85 (Rule: run_permanova)
49 of 73 steps (67%) done
[Wed Nov  5 09:48:09 2025]
Finished jobid: 86 (Rule: run_permanova)
50 of 73 steps (68%) done
[Wed Nov  5 09:48:09 2025]
Finished jobid: 87 (Rule: run_permanova)
51 of 73 steps (70%) done
[Wed Nov  5 09:48:09 2025]
Finished jobid: 72 (Rule: run_permanova)
52 of 73 steps (71%) done
[Wed Nov  5 09:48:09 2025]
Finished jobid: 88 (Rule: run_permanova)
53 of 73 steps (73%) done
[Wed Nov  5 09:48:09 2025]
Finished jobid: 73 (Rule: run_permanova)
54 of 73 steps (74%) done
[Wed Nov  5 09:48:09 2025]
Finished jobid: 89 (Rule: run_permanova)
55 of 73 steps (75%) done
[Wed Nov  5 09:48:09 2025]
Finished jobid: 74 (Rule: run_permanova)
56 of 73 steps (77%) done
[Wed Nov  5 09:48:09 2025]
Finished jobid: 90 (Rule: run_permanova)
57 of 73 steps (78%) done
[Wed Nov  5 09:48:09 2025]
Finished jobid: 75 (Rule: run_permanova)
58 of 73 steps (79%) done
[Wed Nov  5 09:48:09 2025]
Finished jobid: 76 (Rule: run_permanova)
59 of 73 steps (81%) done
[Wed Nov  5 09:48:09 2025]
Finished jobid: 91 (Rule: run_permanova)
60 of 73 steps (82%) done
[Wed Nov  5 09:48:09 2025]
Finished jobid: 92 (Rule: run_permanova)
61 of 73 steps (84%) done
[Wed Nov  5 09:48:09 2025]
Finished jobid: 77 (Rule: run_permanova)
62 of 73 steps (85%) done
[Wed Nov  5 09:48:09 2025]
Finished jobid: 78 (Rule: run_permanova)
63 of 73 steps (86%) done
[Wed Nov  5 09:48:09 2025]
Finished jobid: 93 (Rule: run_permanova)
64 of 73 steps (88%) done
[Wed Nov  5 09:48:09 2025]
Finished jobid: 79 (Rule: run_permanova)
65 of 73 steps (89%) done
[Wed Nov  5 09:48:09 2025]
Finished jobid: 94 (Rule: run_permanova)
66 of 73 steps (90%) done
[Wed Nov  5 09:48:09 2025]
Finished jobid: 80 (Rule: run_permanova)
67 of 73 steps (92%) done
[Wed Nov  5 09:48:09 2025]
Finished jobid: 81 (Rule: run_permanova)
68 of 73 steps (93%) done
[Wed Nov  5 09:48:09 2025]
Finished jobid: 82 (Rule: run_permanova)
69 of 73 steps (95%) done
[Wed Nov  5 09:48:09 2025]
Finished jobid: 83 (Rule: run_permanova)
70 of 73 steps (96%) done
[Wed Nov  5 09:48:09 2025]
Finished jobid: 84 (Rule: run_permanova)
71 of 73 steps (97%) done
Select jobs to execute...
Execute 1 jobs...
[Wed Nov  5 09:48:09 2025]
localrule pca_plot:
    input: byLOC/arc_ld_pruned_gtmat.traw, byLOC/bar_ld_pruned_gtmat.traw, byLOC/bel_ld_pruned_gtmat.traw, byLOC/boc_ld_pruned_gtmat.traw, byLOC/flk_ld_pruned_gtmat.traw, byLOC/gun_ld_pruned_gtmat.traw, byLOC/hon_ld_pruned_gtmat.traw, byLOC/liz_ld_pruned_gtmat.traw, byLOC/pri_ld_pruned_gtmat.traw, byLOC/qui_ld_pruned_gtmat.traw, bySPC/abe_ld_pruned_gtmat.traw, bySPC/aff_ld_pruned_gtmat.traw, bySPC/atl_ld_pruned_gtmat.traw, bySPC/chl_ld_pruned_gtmat.traw, bySPC/gem_ld_pruned_gtmat.traw, bySPC/gum_ld_pruned_gtmat.traw, bySPC/gut_ld_pruned_gtmat.traw, bySPC/ind_ld_pruned_gtmat.traw, bySPC/nig_ld_pruned_gtmat.traw, bySPC/pue_ld_pruned_gtmat.traw, bySPC/ran_ld_pruned_gtmat.traw, bySPC/tan_ld_pruned_gtmat.traw, bySPC/uni_ld_pruned_gtmat.traw, byALL/thinned_all_ld_pruned_gtmat.traw, byLOC/permanova_results/arc.lm.pairwise.csv, byLOC/permanova_results/bar.lm.pairwise.csv, byLOC/permanova_results/bel.lm.pairwise.csv, byLOC/permanova_results/boc.lm.pairwise.csv, byLOC/permanova_results/flk.lm.pairwise.csv, byLOC/permanova_results/gun.lm.pairwise.csv, byLOC/permanova_results/hon.lm.pairwise.csv, byLOC/permanova_results/liz.lm.pairwise.csv, byLOC/permanova_results/pri.lm.pairwise.csv, byLOC/permanova_results/qui.lm.pairwise.csv, bySPC/permanova_results/abe.sm.pairwise.csv, bySPC/permanova_results/aff.sm.pairwise.csv, bySPC/permanova_results/atl.sm.pairwise.csv, bySPC/permanova_results/chl.sm.pairwise.csv, bySPC/permanova_results/gem.sm.pairwise.csv, bySPC/permanova_results/gum.sm.pairwise.csv, bySPC/permanova_results/gut.sm.pairwise.csv, bySPC/permanova_results/ind.sm.pairwise.csv, bySPC/permanova_results/nig.sm.pairwise.csv, bySPC/permanova_results/pue.sm.pairwise.csv, bySPC/permanova_results/ran.sm.pairwise.csv, bySPC/permanova_results/tan.sm.pairwise.csv, bySPC/permanova_results/uni.sm.pairwise.csv, byALL/permanova_results/all.lm.pairwise.csv, byALL/permanova_results/all.sm.pairwise.csv
    output: /fs/dss/work/doau0129/hamlet_pheno/figures/Fig3_gLocPCA.png, /fs/dss/work/doau0129/hamlet_pheno/figures/Fig4_gAllPCA.png, /fs/dss/work/doau0129/hamlet_pheno/figures/FigS11_gAllVAR.png, /fs/dss/work/doau0129/hamlet_pheno/figures/FigS12_gLocSUP.png, /fs/dss/work/doau0129/hamlet_pheno/figures/FigS13_gLocPERM.png, /fs/dss/work/doau0129/hamlet_pheno/figures/FigS14_gAllPERM.png, /fs/dss/work/doau0129/hamlet_pheno/figures/FigS15_gSpe.png
    jobid: 100
    reason: Missing output files: /fs/dss/work/doau0129/hamlet_pheno/figures/Fig3_gLocPCA.png, /fs/dss/work/doau0129/hamlet_pheno/figures/FigS13_gLocPERM.png, /fs/dss/work/doau0129/hamlet_pheno/figures/Fig4_gAllPCA.png, /fs/dss/work/doau0129/hamlet_pheno/figures/FigS14_gAllPERM.png, /fs/dss/work/doau0129/hamlet_pheno/figures/FigS12_gLocSUP.png, /fs/dss/work/doau0129/hamlet_pheno/figures/FigS15_gSpe.png, /fs/dss/work/doau0129/hamlet_pheno/figures/FigS11_gAllVAR.png; Input files updated by another job: bySPC/permanova_results/gut.sm.pairwise.csv, bySPC/gem_ld_pruned_gtmat.traw, bySPC/permanova_results/abe.sm.pairwise.csv, bySPC/permanova_results/tan.sm.pairwise.csv, byLOC/qui_ld_pruned_gtmat.traw, byLOC/pri_ld_pruned_gtmat.traw, byLOC/arc_ld_pruned_gtmat.traw, byLOC/permanova_results/arc.lm.pairwise.csv, byLOC/permanova_results/flk.lm.pairwise.csv, bySPC/nig_ld_pruned_gtmat.traw, byLOC/boc_ld_pruned_gtmat.traw, byLOC/gun_ld_pruned_gtmat.traw, bySPC/aff_ld_pruned_gtmat.traw, bySPC/uni_ld_pruned_gtmat.traw, bySPC/abe_ld_pruned_gtmat.traw, bySPC/permanova_results/aff.sm.pairwise.csv, bySPC/permanova_results/chl.sm.pairwise.csv, byLOC/permanova_results/bel.lm.pairwise.csv, byLOC/liz_ld_pruned_gtmat.traw, bySPC/ran_ld_pruned_gtmat.traw, byLOC/bar_ld_pruned_gtmat.traw, bySPC/permanova_results/ind.sm.pairwise.csv, bySPC/permanova_results/pue.sm.pairwise.csv, bySPC/gum_ld_pruned_gtmat.traw, bySPC/gut_ld_pruned_gtmat.traw, bySPC/ind_ld_pruned_gtmat.traw, bySPC/permanova_results/uni.sm.pairwise.csv, bySPC/permanova_results/gem.sm.pairwise.csv, bySPC/tan_ld_pruned_gtmat.traw, bySPC/permanova_results/ran.sm.pairwise.csv, byLOC/hon_ld_pruned_gtmat.traw, byLOC/permanova_results/hon.lm.pairwise.csv, byLOC/permanova_results/bar.lm.pairwise.csv, byLOC/permanova_results/liz.lm.pairwise.csv, bySPC/chl_ld_pruned_gtmat.traw, byLOC/bel_ld_pruned_gtmat.traw, bySPC/pue_ld_pruned_gtmat.traw, byLOC/permanova_results/boc.lm.pairwise.csv, byALL/thinned_all_ld_pruned_gtmat.traw, bySPC/permanova_results/gum.sm.pairwise.csv, byLOC/permanova_results/qui.lm.pairwise.csv, byLOC/permanova_results/gun.lm.pairwise.csv, byLOC/permanova_results/pri.lm.pairwise.csv, byLOC/flk_ld_pruned_gtmat.traw, bySPC/permanova_results/atl.sm.pairwise.csv, bySPC/permanova_results/nig.sm.pairwise.csv, bySPC/atl_ld_pruned_gtmat.traw
    resources: tmpdir=/tmp, mem_mb=2000, mem_mib=1908, time=2:00:00
Output files not touched because they don't exist: /fs/dss/work/doau0129/hamlet_pheno/figures/Fig3_gLocPCA.png, /fs/dss/work/doau0129/hamlet_pheno/figures/Fig4_gAllPCA.png, /fs/dss/work/doau0129/hamlet_pheno/figures/FigS14_gAllPERM.png, /fs/dss/work/doau0129/hamlet_pheno/figures/FigS12_gLocSUP.png, /fs/dss/work/doau0129/hamlet_pheno/figures/FigS13_gLocPERM.png, /fs/dss/work/doau0129/hamlet_pheno/figures/FigS15_gSpe.png, /fs/dss/work/doau0129/hamlet_pheno/figures/FigS11_gAllVAR.png
[Wed Nov  5 09:48:09 2025]
Finished jobid: 100 (Rule: pca_plot)
72 of 73 steps (99%) done
Select jobs to execute...
Execute 1 jobs...
[Wed Nov  5 09:48:09 2025]
localrule all:
    input: byLOC/arc.txt, byLOC/bar.txt, byLOC/bel.txt, byLOC/boc.txt, byLOC/flk.txt, byLOC/gun.txt, byLOC/hon.txt, byLOC/liz.txt, byLOC/pri.txt, byLOC/qui.txt, bySPC/abe.txt, bySPC/aff.txt, bySPC/atl.txt, bySPC/chl.txt, bySPC/gem.txt, bySPC/gum.txt, bySPC/gut.txt, bySPC/ind.txt, bySPC/nig.txt, bySPC/pue.txt, bySPC/ran.txt, bySPC/tan.txt, bySPC/uni.txt, byLOC/arc.vcf.gz, byLOC/bar.vcf.gz, byLOC/bel.vcf.gz, byLOC/boc.vcf.gz, byLOC/flk.vcf.gz, byLOC/gun.vcf.gz, byLOC/hon.vcf.gz, byLOC/liz.vcf.gz, byLOC/pri.vcf.gz, byLOC/qui.vcf.gz, bySPC/abe.vcf.gz, bySPC/aff.vcf.gz, bySPC/atl.vcf.gz, bySPC/chl.vcf.gz, bySPC/gem.vcf.gz, bySPC/gum.vcf.gz, bySPC/gut.vcf.gz, bySPC/ind.vcf.gz, bySPC/nig.vcf.gz, bySPC/pue.vcf.gz, bySPC/ran.vcf.gz, bySPC/tan.vcf.gz, bySPC/uni.vcf.gz, byLOC/arc_ld_pruned_gtmat.traw, byLOC/bar_ld_pruned_gtmat.traw, byLOC/bel_ld_pruned_gtmat.traw, byLOC/boc_ld_pruned_gtmat.traw, byLOC/flk_ld_pruned_gtmat.traw, byLOC/gun_ld_pruned_gtmat.traw, byLOC/hon_ld_pruned_gtmat.traw, byLOC/liz_ld_pruned_gtmat.traw, byLOC/pri_ld_pruned_gtmat.traw, byLOC/qui_ld_pruned_gtmat.traw, bySPC/abe_ld_pruned_gtmat.traw, bySPC/aff_ld_pruned_gtmat.traw, bySPC/atl_ld_pruned_gtmat.traw, bySPC/chl_ld_pruned_gtmat.traw, bySPC/gem_ld_pruned_gtmat.traw, bySPC/gum_ld_pruned_gtmat.traw, bySPC/gut_ld_pruned_gtmat.traw, bySPC/ind_ld_pruned_gtmat.traw, bySPC/nig_ld_pruned_gtmat.traw, bySPC/pue_ld_pruned_gtmat.traw, bySPC/ran_ld_pruned_gtmat.traw, bySPC/tan_ld_pruned_gtmat.traw, bySPC/uni_ld_pruned_gtmat.traw, byALL/all_ld_pruned_gtmat.traw, byALL/thinned_all_ld_pruned_gtmat.traw, byLOC/permanova_results/arc.lm.pairwise.csv, byLOC/permanova_results/bar.lm.pairwise.csv, byLOC/permanova_results/bel.lm.pairwise.csv, byLOC/permanova_results/boc.lm.pairwise.csv, byLOC/permanova_results/flk.lm.pairwise.csv, byLOC/permanova_results/gun.lm.pairwise.csv, byLOC/permanova_results/hon.lm.pairwise.csv, byLOC/permanova_results/liz.lm.pairwise.csv, byLOC/permanova_results/pri.lm.pairwise.csv, byLOC/permanova_results/qui.lm.pairwise.csv, bySPC/permanova_results/abe.sm.pairwise.csv, bySPC/permanova_results/aff.sm.pairwise.csv, bySPC/permanova_results/atl.sm.pairwise.csv, bySPC/permanova_results/chl.sm.pairwise.csv, bySPC/permanova_results/gem.sm.pairwise.csv, bySPC/permanova_results/gum.sm.pairwise.csv, bySPC/permanova_results/gut.sm.pairwise.csv, bySPC/permanova_results/ind.sm.pairwise.csv, bySPC/permanova_results/nig.sm.pairwise.csv, bySPC/permanova_results/pue.sm.pairwise.csv, bySPC/permanova_results/ran.sm.pairwise.csv, bySPC/permanova_results/tan.sm.pairwise.csv, bySPC/permanova_results/uni.sm.pairwise.csv, byALL/permanova_results/all.sm.pairwise.csv, byALL/permanova_results/all.lm.pairwise.csv, /fs/dss/work/doau0129/hamlet_pheno/figures/Fig3_gLocPCA.png, /fs/dss/work/doau0129/hamlet_pheno/figures/Fig4_gAllPCA.png, /fs/dss/work/doau0129/hamlet_pheno/figures/FigS11_gAllVAR.png, /fs/dss/work/doau0129/hamlet_pheno/figures/FigS12_gLocSUP.png, /fs/dss/work/doau0129/hamlet_pheno/figures/FigS13_gLocPERM.png, /fs/dss/work/doau0129/hamlet_pheno/figures/FigS14_gAllPERM.png, /fs/dss/work/doau0129/hamlet_pheno/figures/FigS15_gSpe.png
    jobid: 0
    reason: Input files updated by another job: bySPC/permanova_results/tan.sm.pairwise.csv, byLOC/arc.vcf.gz, bySPC/permanova_results/abe.sm.pairwise.csv, byLOC/pri_ld_pruned_gtmat.traw, byLOC/arc_ld_pruned_gtmat.traw, byLOC/permanova_results/arc.lm.pairwise.csv, /fs/dss/work/doau0129/hamlet_pheno/figures/Fig4_gAllPCA.png, byLOC/permanova_results/flk.lm.pairwise.csv, bySPC/permanova_results/aff.sm.pairwise.csv, bySPC/abe_ld_pruned_gtmat.traw, bySPC/abe.vcf.gz, byLOC/flk.vcf.gz, byLOC/liz_ld_pruned_gtmat.traw, bySPC/ran_ld_pruned_gtmat.traw, byLOC/bar_ld_pruned_gtmat.traw, bySPC/permanova_results/ind.sm.pairwise.csv, bySPC/permanova_results/pue.sm.pairwise.csv, byLOC/hon.vcf.gz, bySPC/ind.vcf.gz, bySPC/gum_ld_pruned_gtmat.traw, bySPC/gut_ld_pruned_gtmat.traw, bySPC/uni.vcf.gz, /fs/dss/work/doau0129/hamlet_pheno/figures/FigS12_gLocSUP.png, bySPC/permanova_results/gem.sm.pairwise.csv, bySPC/permanova_results/uni.sm.pairwise.csv, byLOC/hon_ld_pruned_gtmat.traw, byLOC/gun.vcf.gz, byLOC/bar.vcf.gz, byLOC/permanova_results/hon.lm.pairwise.csv, byLOC/permanova_results/bar.lm.pairwise.csv, bySPC/chl_ld_pruned_gtmat.traw, byLOC/bel_ld_pruned_gtmat.traw, byLOC/permanova_results/boc.lm.pairwise.csv, byALL/thinned_all_ld_pruned_gtmat.traw, bySPC/atl.vcf.gz, byLOC/permanova_results/qui.lm.pairwise.csv, bySPC/pue.vcf.gz, bySPC/chl.vcf.gz, bySPC/atl_ld_pruned_gtmat.traw, bySPC/permanova_results/gut.sm.pairwise.csv, bySPC/gem_ld_pruned_gtmat.traw, byLOC/qui_ld_pruned_gtmat.traw, bySPC/ran.vcf.gz, bySPC/gum.vcf.gz, bySPC/nig_ld_pruned_gtmat.traw, byLOC/boc_ld_pruned_gtmat.traw, byLOC/gun_ld_pruned_gtmat.traw, bySPC/nig.vcf.gz, bySPC/aff_ld_pruned_gtmat.traw, bySPC/uni_ld_pruned_gtmat.traw, bySPC/permanova_results/chl.sm.pairwise.csv, bySPC/aff.vcf.gz, /fs/dss/work/doau0129/hamlet_pheno/figures/Fig3_gLocPCA.png, byALL/all_ld_pruned_gtmat.traw, byLOC/permanova_results/bel.lm.pairwise.csv, bySPC/tan.vcf.gz, bySPC/gem.vcf.gz, /fs/dss/work/doau0129/hamlet_pheno/figures/FigS13_gLocPERM.png, /fs/dss/work/doau0129/hamlet_pheno/figures/FigS14_gAllPERM.png, bySPC/ind_ld_pruned_gtmat.traw, bySPC/tan_ld_pruned_gtmat.traw, /fs/dss/work/doau0129/hamlet_pheno/figures/FigS15_gSpe.png, bySPC/permanova_results/ran.sm.pairwise.csv, byLOC/liz.vcf.gz, byLOC/permanova_results/liz.lm.pairwise.csv, bySPC/pue_ld_pruned_gtmat.traw, /fs/dss/work/doau0129/hamlet_pheno/figures/FigS11_gAllVAR.png, byLOC/bel.vcf.gz, byLOC/qui.vcf.gz, bySPC/permanova_results/gum.sm.pairwise.csv, byLOC/permanova_results/gun.lm.pairwise.csv, byLOC/boc.vcf.gz, bySPC/gut.vcf.gz, byLOC/permanova_results/pri.lm.pairwise.csv, byLOC/flk_ld_pruned_gtmat.traw, bySPC/permanova_results/atl.sm.pairwise.csv, byLOC/pri.vcf.gz, bySPC/permanova_results/nig.sm.pairwise.csv
    resources: tmpdir=/tmp
[Wed Nov  5 09:48:09 2025]
Finished jobid: 0 (Rule: all)
73 of 73 steps (100%) done
Complete log(s): /fs/dss/work/doau0129/hamlet_pheno/2_popgen/.snakemake/log/2025-11-05T094802.490549.snakemake.log
