Assuming unrestricted shared filesystem usage.
host: hpcl001
Building DAG of jobs...
Using shell: /usr/bin/bash
Job stats:
job                 count
----------------  -------
all                     1
pca_plot                1
plink_processing       10
run_permanova          10
subset_vcf             10
total                  32

Select jobs to execute...
Execute 10 jobs...
[Wed Nov  5 13:30:12 2025]
localrule subset_vcf:
    input: /fs/dss/work/doau0129/hamlet_pheno/phyps2e_m2.vcf.gz, byLOC/gun.txt
    output: byLOC/gun.vcf.gz
    jobid: 29
    reason: Updated input files: byLOC/gun.txt
    wildcards: group=LOC, dataset=gun
    resources: tmpdir=/tmp
[Wed Nov  5 13:30:12 2025]
localrule subset_vcf:
    input: /fs/dss/work/doau0129/hamlet_pheno/phyps2e_m2.vcf.gz, byLOC/qui.txt
    output: byLOC/qui.vcf.gz
    jobid: 33
    reason: Updated input files: byLOC/qui.txt
    wildcards: group=LOC, dataset=qui
    resources: tmpdir=/tmp
[Wed Nov  5 13:30:12 2025]
localrule subset_vcf:
    input: /fs/dss/work/doau0129/hamlet_pheno/phyps2e_m2.vcf.gz, byLOC/flk.txt
    output: byLOC/flk.vcf.gz
    jobid: 28
    reason: Updated input files: byLOC/flk.txt
    wildcards: group=LOC, dataset=flk
    resources: tmpdir=/tmp
[Wed Nov  5 13:30:12 2025]
localrule subset_vcf:
    input: /fs/dss/work/doau0129/hamlet_pheno/phyps2e_m2.vcf.gz, byLOC/bel.txt
    output: byLOC/bel.vcf.gz
    jobid: 26
    reason: Updated input files: byLOC/bel.txt
    wildcards: group=LOC, dataset=bel
    resources: tmpdir=/tmp
[Wed Nov  5 13:30:12 2025]
localrule subset_vcf:
    input: /fs/dss/work/doau0129/hamlet_pheno/phyps2e_m2.vcf.gz, byLOC/hon.txt
    output: byLOC/hon.vcf.gz
    jobid: 30
    reason: Updated input files: byLOC/hon.txt
    wildcards: group=LOC, dataset=hon
    resources: tmpdir=/tmp
[Wed Nov  5 13:30:12 2025]
localrule subset_vcf:
    input: /fs/dss/work/doau0129/hamlet_pheno/phyps2e_m2.vcf.gz, byLOC/boc.txt
    output: byLOC/boc.vcf.gz
    jobid: 27
    reason: Updated input files: byLOC/boc.txt
    wildcards: group=LOC, dataset=boc
    resources: tmpdir=/tmp
[Wed Nov  5 13:30:13 2025]
localrule subset_vcf:
    input: /fs/dss/work/doau0129/hamlet_pheno/phyps2e_m2.vcf.gz, byLOC/liz.txt
    output: byLOC/liz.vcf.gz
    jobid: 31
    reason: Updated input files: byLOC/liz.txt
    wildcards: group=LOC, dataset=liz
    resources: tmpdir=/tmp
[Wed Nov  5 13:30:13 2025]
localrule subset_vcf:
    input: /fs/dss/work/doau0129/hamlet_pheno/phyps2e_m2.vcf.gz, byLOC/arc.txt
    output: byLOC/arc.vcf.gz
    jobid: 24
    reason: Updated input files: byLOC/arc.txt
    wildcards: group=LOC, dataset=arc
    resources: tmpdir=/tmp
[Wed Nov  5 13:30:13 2025]
localrule subset_vcf:
    input: /fs/dss/work/doau0129/hamlet_pheno/phyps2e_m2.vcf.gz, byLOC/pri.txt
    output: byLOC/pri.vcf.gz
    jobid: 32
    reason: Updated input files: byLOC/pri.txt
    wildcards: group=LOC, dataset=pri
    resources: tmpdir=/tmp
[Wed Nov  5 13:30:13 2025]
localrule subset_vcf:
    input: /fs/dss/work/doau0129/hamlet_pheno/phyps2e_m2.vcf.gz, byLOC/bar.txt
    output: byLOC/bar.vcf.gz
    jobid: 25
    reason: Updated input files: byLOC/bar.txt
    wildcards: group=LOC, dataset=bar
    resources: tmpdir=/tmp
[Wed Nov  5 13:30:13 2025]
Finished jobid: 29 (Rule: subset_vcf)
1 of 32 steps (3%) done
[Wed Nov  5 13:30:13 2025]
Finished jobid: 33 (Rule: subset_vcf)
2 of 32 steps (6%) done
[Wed Nov  5 13:30:13 2025]
Finished jobid: 28 (Rule: subset_vcf)
3 of 32 steps (9%) done
[Wed Nov  5 13:30:13 2025]
Finished jobid: 26 (Rule: subset_vcf)
4 of 32 steps (12%) done
[Wed Nov  5 13:30:13 2025]
Finished jobid: 30 (Rule: subset_vcf)
5 of 32 steps (16%) done
[Wed Nov  5 13:30:13 2025]
Finished jobid: 27 (Rule: subset_vcf)
6 of 32 steps (19%) done
[Wed Nov  5 13:30:13 2025]
Finished jobid: 31 (Rule: subset_vcf)
7 of 32 steps (22%) done
[Wed Nov  5 13:30:13 2025]
Finished jobid: 24 (Rule: subset_vcf)
8 of 32 steps (25%) done
[Wed Nov  5 13:30:13 2025]
Finished jobid: 32 (Rule: subset_vcf)
9 of 32 steps (28%) done
[Wed Nov  5 13:30:13 2025]
Finished jobid: 25 (Rule: subset_vcf)
10 of 32 steps (31%) done
Select jobs to execute...
Execute 10 jobs...
[Wed Nov  5 13:30:13 2025]
localrule plink_processing:
    input: byLOC/boc.vcf.gz
    output: byLOC/boc_ld_pruned_gtmat.traw
    jobid: 50
    reason: Input files updated by another job: byLOC/boc.vcf.gz
    wildcards: OUT_DIR=byLOC, dataset=boc
    resources: tmpdir=/tmp
[Wed Nov  5 13:30:13 2025]
localrule plink_processing:
    input: byLOC/hon.vcf.gz
    output: byLOC/hon_ld_pruned_gtmat.traw
    jobid: 53
    reason: Input files updated by another job: byLOC/hon.vcf.gz
    wildcards: OUT_DIR=byLOC, dataset=hon
    resources: tmpdir=/tmp
[Wed Nov  5 13:30:13 2025]
localrule plink_processing:
    input: byLOC/flk.vcf.gz
    output: byLOC/flk_ld_pruned_gtmat.traw
    jobid: 51
    reason: Input files updated by another job: byLOC/flk.vcf.gz
    wildcards: OUT_DIR=byLOC, dataset=flk
    resources: tmpdir=/tmp
[Wed Nov  5 13:30:13 2025]
localrule plink_processing:
    input: byLOC/bel.vcf.gz
    output: byLOC/bel_ld_pruned_gtmat.traw
    jobid: 49
    reason: Input files updated by another job: byLOC/bel.vcf.gz
    wildcards: OUT_DIR=byLOC, dataset=bel
    resources: tmpdir=/tmp
[Wed Nov  5 13:30:13 2025]
localrule plink_processing:
    input: byLOC/qui.vcf.gz
    output: byLOC/qui_ld_pruned_gtmat.traw
    jobid: 56
    reason: Input files updated by another job: byLOC/qui.vcf.gz
    wildcards: OUT_DIR=byLOC, dataset=qui
    resources: tmpdir=/tmp
[Wed Nov  5 13:30:13 2025]
localrule plink_processing:
    input: byLOC/gun.vcf.gz
    output: byLOC/gun_ld_pruned_gtmat.traw
    jobid: 52
    reason: Input files updated by another job: byLOC/gun.vcf.gz
    wildcards: OUT_DIR=byLOC, dataset=gun
    resources: tmpdir=/tmp
[Wed Nov  5 13:30:14 2025]
localrule plink_processing:
    input: byLOC/bar.vcf.gz
    output: byLOC/bar_ld_pruned_gtmat.traw
    jobid: 48
    reason: Input files updated by another job: byLOC/bar.vcf.gz
    wildcards: OUT_DIR=byLOC, dataset=bar
    resources: tmpdir=/tmp
[Wed Nov  5 13:30:14 2025]
localrule plink_processing:
    input: byLOC/pri.vcf.gz
    output: byLOC/pri_ld_pruned_gtmat.traw
    jobid: 55
    reason: Input files updated by another job: byLOC/pri.vcf.gz
    wildcards: OUT_DIR=byLOC, dataset=pri
    resources: tmpdir=/tmp
[Wed Nov  5 13:30:14 2025]
localrule plink_processing:
    input: byLOC/arc.vcf.gz
    output: byLOC/arc_ld_pruned_gtmat.traw
    jobid: 47
    reason: Input files updated by another job: byLOC/arc.vcf.gz
    wildcards: OUT_DIR=byLOC, dataset=arc
    resources: tmpdir=/tmp
[Wed Nov  5 13:30:14 2025]
localrule plink_processing:
    input: byLOC/liz.vcf.gz
    output: byLOC/liz_ld_pruned_gtmat.traw
    jobid: 54
    reason: Input files updated by another job: byLOC/liz.vcf.gz
    wildcards: OUT_DIR=byLOC, dataset=liz
    resources: tmpdir=/tmp
[Wed Nov  5 13:30:14 2025]
Finished jobid: 50 (Rule: plink_processing)
11 of 32 steps (34%) done
[Wed Nov  5 13:30:14 2025]
Finished jobid: 53 (Rule: plink_processing)
12 of 32 steps (38%) done
[Wed Nov  5 13:30:14 2025]
Finished jobid: 51 (Rule: plink_processing)
13 of 32 steps (41%) done
[Wed Nov  5 13:30:14 2025]
Finished jobid: 49 (Rule: plink_processing)
14 of 32 steps (44%) done
[Wed Nov  5 13:30:14 2025]
Finished jobid: 56 (Rule: plink_processing)
15 of 32 steps (47%) done
[Wed Nov  5 13:30:14 2025]
Finished jobid: 52 (Rule: plink_processing)
16 of 32 steps (50%) done
[Wed Nov  5 13:30:14 2025]
Finished jobid: 48 (Rule: plink_processing)
17 of 32 steps (53%) done
[Wed Nov  5 13:30:14 2025]
Finished jobid: 55 (Rule: plink_processing)
18 of 32 steps (56%) done
[Wed Nov  5 13:30:14 2025]
Finished jobid: 47 (Rule: plink_processing)
19 of 32 steps (59%) done
[Wed Nov  5 13:30:14 2025]
Finished jobid: 54 (Rule: plink_processing)
20 of 32 steps (62%) done
Select jobs to execute...
Execute 10 jobs...
[Wed Nov  5 13:30:14 2025]
localrule run_permanova:
    input: byLOC/qui_ld_pruned_gtmat.traw, byLOC/qui.txt
    output: byLOC/permanova_results/qui.lm.pairwise.csv
    jobid: 81
    reason: Input files updated by another job: byLOC/qui_ld_pruned_gtmat.traw
    wildcards: OUTDIR=byLOC/permanova_results, dataset=qui, SUFFIX=lm
    resources: tmpdir=/tmp
[Wed Nov  5 13:30:14 2025]
localrule run_permanova:
    input: byLOC/bel_ld_pruned_gtmat.traw, byLOC/bel.txt
    output: byLOC/permanova_results/bel.lm.pairwise.csv
    jobid: 74
    reason: Input files updated by another job: byLOC/bel_ld_pruned_gtmat.traw
    wildcards: OUTDIR=byLOC/permanova_results, dataset=bel, SUFFIX=lm
    resources: tmpdir=/tmp
[Wed Nov  5 13:30:14 2025]
localrule run_permanova:
    input: byLOC/hon_ld_pruned_gtmat.traw, byLOC/hon.txt
    output: byLOC/permanova_results/hon.lm.pairwise.csv
    jobid: 78
    reason: Input files updated by another job: byLOC/hon_ld_pruned_gtmat.traw
    wildcards: OUTDIR=byLOC/permanova_results, dataset=hon, SUFFIX=lm
    resources: tmpdir=/tmp
[Wed Nov  5 13:30:14 2025]
localrule run_permanova:
    input: byLOC/gun_ld_pruned_gtmat.traw, byLOC/gun.txt
    output: byLOC/permanova_results/gun.lm.pairwise.csv
    jobid: 77
    reason: Input files updated by another job: byLOC/gun_ld_pruned_gtmat.traw
    wildcards: OUTDIR=byLOC/permanova_results, dataset=gun, SUFFIX=lm
    resources: tmpdir=/tmp
[Wed Nov  5 13:30:14 2025]
localrule run_permanova:
    input: byLOC/boc_ld_pruned_gtmat.traw, byLOC/boc.txt
    output: byLOC/permanova_results/boc.lm.pairwise.csv
    jobid: 75
    reason: Input files updated by another job: byLOC/boc_ld_pruned_gtmat.traw
    wildcards: OUTDIR=byLOC/permanova_results, dataset=boc, SUFFIX=lm
    resources: tmpdir=/tmp
[Wed Nov  5 13:30:15 2025]
localrule run_permanova:
    input: byLOC/liz_ld_pruned_gtmat.traw, byLOC/liz.txt
    output: byLOC/permanova_results/liz.lm.pairwise.csv
    jobid: 79
    reason: Input files updated by another job: byLOC/liz_ld_pruned_gtmat.traw
    wildcards: OUTDIR=byLOC/permanova_results, dataset=liz, SUFFIX=lm
    resources: tmpdir=/tmp
[Wed Nov  5 13:30:15 2025]
localrule run_permanova:
    input: byLOC/flk_ld_pruned_gtmat.traw, byLOC/flk.txt
    output: byLOC/permanova_results/flk.lm.pairwise.csv
    jobid: 76
    reason: Input files updated by another job: byLOC/flk_ld_pruned_gtmat.traw
    wildcards: OUTDIR=byLOC/permanova_results, dataset=flk, SUFFIX=lm
    resources: tmpdir=/tmp
[Wed Nov  5 13:30:15 2025]
localrule run_permanova:
    input: byLOC/arc_ld_pruned_gtmat.traw, byLOC/arc.txt
    output: byLOC/permanova_results/arc.lm.pairwise.csv
    jobid: 72
    reason: Input files updated by another job: byLOC/arc_ld_pruned_gtmat.traw
    wildcards: OUTDIR=byLOC/permanova_results, dataset=arc, SUFFIX=lm
    resources: tmpdir=/tmp
[Wed Nov  5 13:30:15 2025]
localrule run_permanova:
    input: byLOC/pri_ld_pruned_gtmat.traw, byLOC/pri.txt
    output: byLOC/permanova_results/pri.lm.pairwise.csv
    jobid: 80
    reason: Input files updated by another job: byLOC/pri_ld_pruned_gtmat.traw
    wildcards: OUTDIR=byLOC/permanova_results, dataset=pri, SUFFIX=lm
    resources: tmpdir=/tmp
[Wed Nov  5 13:30:15 2025]
localrule run_permanova:
    input: byLOC/bar_ld_pruned_gtmat.traw, byLOC/bar.txt
    output: byLOC/permanova_results/bar.lm.pairwise.csv
    jobid: 73
    reason: Input files updated by another job: byLOC/bar_ld_pruned_gtmat.traw
    wildcards: OUTDIR=byLOC/permanova_results, dataset=bar, SUFFIX=lm
    resources: tmpdir=/tmp
[Wed Nov  5 13:30:15 2025]
Finished jobid: 81 (Rule: run_permanova)
21 of 32 steps (66%) done
[Wed Nov  5 13:30:15 2025]
Finished jobid: 74 (Rule: run_permanova)
22 of 32 steps (69%) done
[Wed Nov  5 13:30:15 2025]
Finished jobid: 78 (Rule: run_permanova)
23 of 32 steps (72%) done
[Wed Nov  5 13:30:15 2025]
Finished jobid: 77 (Rule: run_permanova)
24 of 32 steps (75%) done
[Wed Nov  5 13:30:15 2025]
Finished jobid: 75 (Rule: run_permanova)
25 of 32 steps (78%) done
[Wed Nov  5 13:30:15 2025]
Finished jobid: 79 (Rule: run_permanova)
26 of 32 steps (81%) done
[Wed Nov  5 13:30:15 2025]
Finished jobid: 76 (Rule: run_permanova)
27 of 32 steps (84%) done
[Wed Nov  5 13:30:15 2025]
Finished jobid: 72 (Rule: run_permanova)
28 of 32 steps (88%) done
[Wed Nov  5 13:30:15 2025]
Finished jobid: 80 (Rule: run_permanova)
29 of 32 steps (91%) done
[Wed Nov  5 13:30:15 2025]
Finished jobid: 73 (Rule: run_permanova)
30 of 32 steps (94%) done
Select jobs to execute...
Execute 1 jobs...
[Wed Nov  5 13:30:15 2025]
localrule pca_plot:
    input: byLOC/arc_ld_pruned_gtmat.traw, byLOC/bar_ld_pruned_gtmat.traw, byLOC/bel_ld_pruned_gtmat.traw, byLOC/boc_ld_pruned_gtmat.traw, byLOC/flk_ld_pruned_gtmat.traw, byLOC/gun_ld_pruned_gtmat.traw, byLOC/hon_ld_pruned_gtmat.traw, byLOC/liz_ld_pruned_gtmat.traw, byLOC/pri_ld_pruned_gtmat.traw, byLOC/qui_ld_pruned_gtmat.traw, bySPC/abe_ld_pruned_gtmat.traw, bySPC/aff_ld_pruned_gtmat.traw, bySPC/atl_ld_pruned_gtmat.traw, bySPC/chl_ld_pruned_gtmat.traw, bySPC/gem_ld_pruned_gtmat.traw, bySPC/gum_ld_pruned_gtmat.traw, bySPC/gut_ld_pruned_gtmat.traw, bySPC/ind_ld_pruned_gtmat.traw, bySPC/nig_ld_pruned_gtmat.traw, bySPC/pue_ld_pruned_gtmat.traw, bySPC/ran_ld_pruned_gtmat.traw, bySPC/tan_ld_pruned_gtmat.traw, bySPC/uni_ld_pruned_gtmat.traw, byALL/thinned_all_ld_pruned_gtmat.traw, byLOC/permanova_results/arc.lm.pairwise.csv, byLOC/permanova_results/bar.lm.pairwise.csv, byLOC/permanova_results/bel.lm.pairwise.csv, byLOC/permanova_results/boc.lm.pairwise.csv, byLOC/permanova_results/flk.lm.pairwise.csv, byLOC/permanova_results/gun.lm.pairwise.csv, byLOC/permanova_results/hon.lm.pairwise.csv, byLOC/permanova_results/liz.lm.pairwise.csv, byLOC/permanova_results/pri.lm.pairwise.csv, byLOC/permanova_results/qui.lm.pairwise.csv, bySPC/permanova_results/abe.sm.pairwise.csv, bySPC/permanova_results/aff.sm.pairwise.csv, bySPC/permanova_results/atl.sm.pairwise.csv, bySPC/permanova_results/chl.sm.pairwise.csv, bySPC/permanova_results/gem.sm.pairwise.csv, bySPC/permanova_results/gum.sm.pairwise.csv, bySPC/permanova_results/gut.sm.pairwise.csv, bySPC/permanova_results/ind.sm.pairwise.csv, bySPC/permanova_results/nig.sm.pairwise.csv, bySPC/permanova_results/pue.sm.pairwise.csv, bySPC/permanova_results/ran.sm.pairwise.csv, bySPC/permanova_results/tan.sm.pairwise.csv, bySPC/permanova_results/uni.sm.pairwise.csv, byALL/permanova_results/all.lm.pairwise.csv, byALL/permanova_results/all.sm.pairwise.csv
    output: /fs/dss/work/doau0129/hamlet_pheno/figures/Fig3_gLocPCA.png, /fs/dss/work/doau0129/hamlet_pheno/figures/Fig4_gAllPCA.png, /fs/dss/work/doau0129/hamlet_pheno/figures/FigS11_gAllVAR.png, /fs/dss/work/doau0129/hamlet_pheno/figures/FigS12_gLocSUP.png, /fs/dss/work/doau0129/hamlet_pheno/figures/FigS13_gLocPERM.png, /fs/dss/work/doau0129/hamlet_pheno/figures/FigS14_gAllPERM.png, /fs/dss/work/doau0129/hamlet_pheno/figures/FigS15_gSpe.png
    jobid: 100
    reason: Missing output files: /fs/dss/work/doau0129/hamlet_pheno/figures/FigS11_gAllVAR.png, /fs/dss/work/doau0129/hamlet_pheno/figures/FigS12_gLocSUP.png, /fs/dss/work/doau0129/hamlet_pheno/figures/Fig4_gAllPCA.png, /fs/dss/work/doau0129/hamlet_pheno/figures/FigS13_gLocPERM.png, /fs/dss/work/doau0129/hamlet_pheno/figures/FigS15_gSpe.png, /fs/dss/work/doau0129/hamlet_pheno/figures/Fig3_gLocPCA.png, /fs/dss/work/doau0129/hamlet_pheno/figures/FigS14_gAllPERM.png; Input files updated by another job: byLOC/permanova_results/boc.lm.pairwise.csv, byLOC/permanova_results/bel.lm.pairwise.csv, byLOC/permanova_results/gun.lm.pairwise.csv, byLOC/flk_ld_pruned_gtmat.traw, byLOC/bel_ld_pruned_gtmat.traw, byLOC/permanova_results/hon.lm.pairwise.csv, byLOC/permanova_results/liz.lm.pairwise.csv, byLOC/permanova_results/pri.lm.pairwise.csv, byLOC/gun_ld_pruned_gtmat.traw, byLOC/boc_ld_pruned_gtmat.traw, byLOC/bar_ld_pruned_gtmat.traw, byLOC/pri_ld_pruned_gtmat.traw, byLOC/liz_ld_pruned_gtmat.traw, byLOC/arc_ld_pruned_gtmat.traw, byLOC/permanova_results/qui.lm.pairwise.csv, byLOC/qui_ld_pruned_gtmat.traw, byLOC/permanova_results/bar.lm.pairwise.csv, byLOC/permanova_results/flk.lm.pairwise.csv, byLOC/permanova_results/arc.lm.pairwise.csv, byLOC/hon_ld_pruned_gtmat.traw
    resources: tmpdir=/tmp, mem_mb=2000, mem_mib=1908, time=2:00:00
Output files not touched because they don't exist: /fs/dss/work/doau0129/hamlet_pheno/figures/FigS15_gSpe.png, /fs/dss/work/doau0129/hamlet_pheno/figures/FigS11_gAllVAR.png, /fs/dss/work/doau0129/hamlet_pheno/figures/Fig3_gLocPCA.png, /fs/dss/work/doau0129/hamlet_pheno/figures/FigS12_gLocSUP.png, /fs/dss/work/doau0129/hamlet_pheno/figures/FigS14_gAllPERM.png, /fs/dss/work/doau0129/hamlet_pheno/figures/Fig4_gAllPCA.png, /fs/dss/work/doau0129/hamlet_pheno/figures/FigS13_gLocPERM.png
[Wed Nov  5 13:30:15 2025]
Finished jobid: 100 (Rule: pca_plot)
31 of 32 steps (97%) done
Select jobs to execute...
Execute 1 jobs...
[Wed Nov  5 13:30:15 2025]
localrule all:
    input: byLOC/arc.txt, byLOC/bar.txt, byLOC/bel.txt, byLOC/boc.txt, byLOC/flk.txt, byLOC/gun.txt, byLOC/hon.txt, byLOC/liz.txt, byLOC/pri.txt, byLOC/qui.txt, bySPC/abe.txt, bySPC/aff.txt, bySPC/atl.txt, bySPC/chl.txt, bySPC/gem.txt, bySPC/gum.txt, bySPC/gut.txt, bySPC/ind.txt, bySPC/nig.txt, bySPC/pue.txt, bySPC/ran.txt, bySPC/tan.txt, bySPC/uni.txt, byLOC/arc.vcf.gz, byLOC/bar.vcf.gz, byLOC/bel.vcf.gz, byLOC/boc.vcf.gz, byLOC/flk.vcf.gz, byLOC/gun.vcf.gz, byLOC/hon.vcf.gz, byLOC/liz.vcf.gz, byLOC/pri.vcf.gz, byLOC/qui.vcf.gz, bySPC/abe.vcf.gz, bySPC/aff.vcf.gz, bySPC/atl.vcf.gz, bySPC/chl.vcf.gz, bySPC/gem.vcf.gz, bySPC/gum.vcf.gz, bySPC/gut.vcf.gz, bySPC/ind.vcf.gz, bySPC/nig.vcf.gz, bySPC/pue.vcf.gz, bySPC/ran.vcf.gz, bySPC/tan.vcf.gz, bySPC/uni.vcf.gz, byLOC/arc_ld_pruned_gtmat.traw, byLOC/bar_ld_pruned_gtmat.traw, byLOC/bel_ld_pruned_gtmat.traw, byLOC/boc_ld_pruned_gtmat.traw, byLOC/flk_ld_pruned_gtmat.traw, byLOC/gun_ld_pruned_gtmat.traw, byLOC/hon_ld_pruned_gtmat.traw, byLOC/liz_ld_pruned_gtmat.traw, byLOC/pri_ld_pruned_gtmat.traw, byLOC/qui_ld_pruned_gtmat.traw, bySPC/abe_ld_pruned_gtmat.traw, bySPC/aff_ld_pruned_gtmat.traw, bySPC/atl_ld_pruned_gtmat.traw, bySPC/chl_ld_pruned_gtmat.traw, bySPC/gem_ld_pruned_gtmat.traw, bySPC/gum_ld_pruned_gtmat.traw, bySPC/gut_ld_pruned_gtmat.traw, bySPC/ind_ld_pruned_gtmat.traw, bySPC/nig_ld_pruned_gtmat.traw, bySPC/pue_ld_pruned_gtmat.traw, bySPC/ran_ld_pruned_gtmat.traw, bySPC/tan_ld_pruned_gtmat.traw, bySPC/uni_ld_pruned_gtmat.traw, byALL/all_ld_pruned_gtmat.traw, byALL/thinned_all_ld_pruned_gtmat.traw, byLOC/permanova_results/arc.lm.pairwise.csv, byLOC/permanova_results/bar.lm.pairwise.csv, byLOC/permanova_results/bel.lm.pairwise.csv, byLOC/permanova_results/boc.lm.pairwise.csv, byLOC/permanova_results/flk.lm.pairwise.csv, byLOC/permanova_results/gun.lm.pairwise.csv, byLOC/permanova_results/hon.lm.pairwise.csv, byLOC/permanova_results/liz.lm.pairwise.csv, byLOC/permanova_results/pri.lm.pairwise.csv, byLOC/permanova_results/qui.lm.pairwise.csv, bySPC/permanova_results/abe.sm.pairwise.csv, bySPC/permanova_results/aff.sm.pairwise.csv, bySPC/permanova_results/atl.sm.pairwise.csv, bySPC/permanova_results/chl.sm.pairwise.csv, bySPC/permanova_results/gem.sm.pairwise.csv, bySPC/permanova_results/gum.sm.pairwise.csv, bySPC/permanova_results/gut.sm.pairwise.csv, bySPC/permanova_results/ind.sm.pairwise.csv, bySPC/permanova_results/nig.sm.pairwise.csv, bySPC/permanova_results/pue.sm.pairwise.csv, bySPC/permanova_results/ran.sm.pairwise.csv, bySPC/permanova_results/tan.sm.pairwise.csv, bySPC/permanova_results/uni.sm.pairwise.csv, byALL/permanova_results/all.sm.pairwise.csv, byALL/permanova_results/all.lm.pairwise.csv, /fs/dss/work/doau0129/hamlet_pheno/figures/Fig3_gLocPCA.png, /fs/dss/work/doau0129/hamlet_pheno/figures/Fig4_gAllPCA.png, /fs/dss/work/doau0129/hamlet_pheno/figures/FigS11_gAllVAR.png, /fs/dss/work/doau0129/hamlet_pheno/figures/FigS12_gLocSUP.png, /fs/dss/work/doau0129/hamlet_pheno/figures/FigS13_gLocPERM.png, /fs/dss/work/doau0129/hamlet_pheno/figures/FigS14_gAllPERM.png, /fs/dss/work/doau0129/hamlet_pheno/figures/FigS15_gSpe.png
    jobid: 0
    reason: Input files updated by another job: byLOC/permanova_results/boc.lm.pairwise.csv, /fs/dss/work/doau0129/hamlet_pheno/figures/FigS11_gAllVAR.png, byLOC/permanova_results/bel.lm.pairwise.csv, /fs/dss/work/doau0129/hamlet_pheno/figures/Fig4_gAllPCA.png, byLOC/permanova_results/gun.lm.pairwise.csv, byLOC/flk.vcf.gz, byLOC/boc.vcf.gz, byLOC/flk_ld_pruned_gtmat.traw, /fs/dss/work/doau0129/hamlet_pheno/figures/FigS13_gLocPERM.png, byLOC/bel_ld_pruned_gtmat.traw, byLOC/hon.vcf.gz, /fs/dss/work/doau0129/hamlet_pheno/figures/Fig3_gLocPCA.png, byLOC/permanova_results/bar.lm.pairwise.csv, byLOC/permanova_results/hon.lm.pairwise.csv, byLOC/gun_ld_pruned_gtmat.traw, /fs/dss/work/doau0129/hamlet_pheno/figures/FigS14_gAllPERM.png, byLOC/permanova_results/liz.lm.pairwise.csv, byLOC/permanova_results/pri.lm.pairwise.csv, byLOC/boc_ld_pruned_gtmat.traw, byLOC/bar_ld_pruned_gtmat.traw, byLOC/pri_ld_pruned_gtmat.traw, byLOC/pri.vcf.gz, /fs/dss/work/doau0129/hamlet_pheno/figures/FigS12_gLocSUP.png, byLOC/arc.vcf.gz, byLOC/gun.vcf.gz, /fs/dss/work/doau0129/hamlet_pheno/figures/FigS15_gSpe.png, byLOC/qui.vcf.gz, byLOC/bar.vcf.gz, byLOC/bel.vcf.gz, byLOC/arc_ld_pruned_gtmat.traw, byLOC/qui_ld_pruned_gtmat.traw, byLOC/liz_ld_pruned_gtmat.traw, byLOC/permanova_results/qui.lm.pairwise.csv, byLOC/permanova_results/flk.lm.pairwise.csv, byLOC/permanova_results/arc.lm.pairwise.csv, byLOC/hon_ld_pruned_gtmat.traw, byLOC/liz.vcf.gz
    resources: tmpdir=/tmp
[Wed Nov  5 13:30:15 2025]
Finished jobid: 0 (Rule: all)
32 of 32 steps (100%) done
Complete log(s): /fs/dss/work/doau0129/hamlet_pheno/2_popgen/.snakemake/log/2025-11-05T133012.294468.snakemake.log
