Assuming unrestricted shared filesystem usage.
host: hpcl001
Building DAG of jobs...
Using shell: /usr/bin/bash
Provided cores: 24
Rules claiming more threads will be scaled down.
Job stats:
job         count
--------  -------
all             1
pca_plot        1
total           2

Select jobs to execute...
Execute 1 jobs...
[Wed Nov  5 12:31:56 2025]
localrule pca_plot:
    input: byLOC/arc_ld_pruned_gtmat.traw, byLOC/bar_ld_pruned_gtmat.traw, byLOC/bel_ld_pruned_gtmat.traw, byLOC/boc_ld_pruned_gtmat.traw, byLOC/flk_ld_pruned_gtmat.traw, byLOC/gun_ld_pruned_gtmat.traw, byLOC/hon_ld_pruned_gtmat.traw, byLOC/liz_ld_pruned_gtmat.traw, byLOC/pri_ld_pruned_gtmat.traw, byLOC/qui_ld_pruned_gtmat.traw, bySPC/abe_ld_pruned_gtmat.traw, bySPC/aff_ld_pruned_gtmat.traw, bySPC/atl_ld_pruned_gtmat.traw, bySPC/chl_ld_pruned_gtmat.traw, bySPC/gem_ld_pruned_gtmat.traw, bySPC/gum_ld_pruned_gtmat.traw, bySPC/gut_ld_pruned_gtmat.traw, bySPC/ind_ld_pruned_gtmat.traw, bySPC/nig_ld_pruned_gtmat.traw, bySPC/pue_ld_pruned_gtmat.traw, bySPC/ran_ld_pruned_gtmat.traw, bySPC/tan_ld_pruned_gtmat.traw, bySPC/uni_ld_pruned_gtmat.traw, byALL/thinned_all_ld_pruned_gtmat.traw, byLOC/permanova_results/arc.lm.pairwise.csv, byLOC/permanova_results/bar.lm.pairwise.csv, byLOC/permanova_results/bel.lm.pairwise.csv, byLOC/permanova_results/boc.lm.pairwise.csv, byLOC/permanova_results/flk.lm.pairwise.csv, byLOC/permanova_results/gun.lm.pairwise.csv, byLOC/permanova_results/hon.lm.pairwise.csv, byLOC/permanova_results/liz.lm.pairwise.csv, byLOC/permanova_results/pri.lm.pairwise.csv, byLOC/permanova_results/qui.lm.pairwise.csv, bySPC/permanova_results/abe.sm.pairwise.csv, bySPC/permanova_results/aff.sm.pairwise.csv, bySPC/permanova_results/atl.sm.pairwise.csv, bySPC/permanova_results/chl.sm.pairwise.csv, bySPC/permanova_results/gem.sm.pairwise.csv, bySPC/permanova_results/gum.sm.pairwise.csv, bySPC/permanova_results/gut.sm.pairwise.csv, bySPC/permanova_results/ind.sm.pairwise.csv, bySPC/permanova_results/nig.sm.pairwise.csv, bySPC/permanova_results/pue.sm.pairwise.csv, bySPC/permanova_results/ran.sm.pairwise.csv, bySPC/permanova_results/tan.sm.pairwise.csv, bySPC/permanova_results/uni.sm.pairwise.csv, byALL/permanova_results/all.lm.pairwise.csv, byALL/permanova_results/all.sm.pairwise.csv
    output: /fs/dss/work/doau0129/hamlet_pheno/figures/Fig3_gLocPCA.png, /fs/dss/work/doau0129/hamlet_pheno/figures/Fig4_gAllPCA.png, /fs/dss/work/doau0129/hamlet_pheno/figures/FigS11_gAllVAR.png, /fs/dss/work/doau0129/hamlet_pheno/figures/FigS12_gLocSUP.png, /fs/dss/work/doau0129/hamlet_pheno/figures/FigS13_gLocPERM.png, /fs/dss/work/doau0129/hamlet_pheno/figures/FigS14_gAllPERM.png, /fs/dss/work/doau0129/hamlet_pheno/figures/FigS15_gSpe.png
    jobid: 100
    reason: Missing output files: /fs/dss/work/doau0129/hamlet_pheno/figures/Fig3_gLocPCA.png, /fs/dss/work/doau0129/hamlet_pheno/figures/FigS14_gAllPERM.png, /fs/dss/work/doau0129/hamlet_pheno/figures/FigS15_gSpe.png, /fs/dss/work/doau0129/hamlet_pheno/figures/Fig4_gAllPCA.png, /fs/dss/work/doau0129/hamlet_pheno/figures/FigS13_gLocPERM.png, /fs/dss/work/doau0129/hamlet_pheno/figures/FigS11_gAllVAR.png, /fs/dss/work/doau0129/hamlet_pheno/figures/FigS12_gLocSUP.png
    resources: mem_mb=2000, mem_mib=1908, disk_mb=16090, disk_mib=15345, tmpdir=/tmp, time=2:00:00, threads=1
RuleException:
CalledProcessError in file "/fs/dss/work/doau0129/hamlet_pheno/2_popgen/Snakefile", line 353:
Command 'set -euo pipefail;  
        module load hpc-env/13.1
        module load R/4.3.1-foss-2023a

        Rscript /fs/dss/work/doau0129/hamlet_pheno/scripts/R/Fig3-4_S11-S15.R             --base_path /fs/dss/work/doau0129/hamlet_pheno             --figure_path /fs/dss/work/doau0129/hamlet_pheno/figures             --logos_path /fs/dss/work/doau0129/hamlet_pheno/metadata/logos_hamlet             --spec_colors /fs/dss/work/doau0129/hamlet_pheno/metadata/species_colors.tsv             --geo_colors /fs/dss/work/doau0129/hamlet_pheno/metadata/locations_colors.tsv' returned non-zero exit status 1.
[Wed Nov  5 12:32:20 2025]
Error in rule pca_plot:
    message: None
    jobid: 100
    input: byLOC/arc_ld_pruned_gtmat.traw, byLOC/bar_ld_pruned_gtmat.traw, byLOC/bel_ld_pruned_gtmat.traw, byLOC/boc_ld_pruned_gtmat.traw, byLOC/flk_ld_pruned_gtmat.traw, byLOC/gun_ld_pruned_gtmat.traw, byLOC/hon_ld_pruned_gtmat.traw, byLOC/liz_ld_pruned_gtmat.traw, byLOC/pri_ld_pruned_gtmat.traw, byLOC/qui_ld_pruned_gtmat.traw, bySPC/abe_ld_pruned_gtmat.traw, bySPC/aff_ld_pruned_gtmat.traw, bySPC/atl_ld_pruned_gtmat.traw, bySPC/chl_ld_pruned_gtmat.traw, bySPC/gem_ld_pruned_gtmat.traw, bySPC/gum_ld_pruned_gtmat.traw, bySPC/gut_ld_pruned_gtmat.traw, bySPC/ind_ld_pruned_gtmat.traw, bySPC/nig_ld_pruned_gtmat.traw, bySPC/pue_ld_pruned_gtmat.traw, bySPC/ran_ld_pruned_gtmat.traw, bySPC/tan_ld_pruned_gtmat.traw, bySPC/uni_ld_pruned_gtmat.traw, byALL/thinned_all_ld_pruned_gtmat.traw, byLOC/permanova_results/arc.lm.pairwise.csv, byLOC/permanova_results/bar.lm.pairwise.csv, byLOC/permanova_results/bel.lm.pairwise.csv, byLOC/permanova_results/boc.lm.pairwise.csv, byLOC/permanova_results/flk.lm.pairwise.csv, byLOC/permanova_results/gun.lm.pairwise.csv, byLOC/permanova_results/hon.lm.pairwise.csv, byLOC/permanova_results/liz.lm.pairwise.csv, byLOC/permanova_results/pri.lm.pairwise.csv, byLOC/permanova_results/qui.lm.pairwise.csv, bySPC/permanova_results/abe.sm.pairwise.csv, bySPC/permanova_results/aff.sm.pairwise.csv, bySPC/permanova_results/atl.sm.pairwise.csv, bySPC/permanova_results/chl.sm.pairwise.csv, bySPC/permanova_results/gem.sm.pairwise.csv, bySPC/permanova_results/gum.sm.pairwise.csv, bySPC/permanova_results/gut.sm.pairwise.csv, bySPC/permanova_results/ind.sm.pairwise.csv, bySPC/permanova_results/nig.sm.pairwise.csv, bySPC/permanova_results/pue.sm.pairwise.csv, bySPC/permanova_results/ran.sm.pairwise.csv, bySPC/permanova_results/tan.sm.pairwise.csv, bySPC/permanova_results/uni.sm.pairwise.csv, byALL/permanova_results/all.lm.pairwise.csv, byALL/permanova_results/all.sm.pairwise.csv
    output: /fs/dss/work/doau0129/hamlet_pheno/figures/Fig3_gLocPCA.png, /fs/dss/work/doau0129/hamlet_pheno/figures/Fig4_gAllPCA.png, /fs/dss/work/doau0129/hamlet_pheno/figures/FigS11_gAllVAR.png, /fs/dss/work/doau0129/hamlet_pheno/figures/FigS12_gLocSUP.png, /fs/dss/work/doau0129/hamlet_pheno/figures/FigS13_gLocPERM.png, /fs/dss/work/doau0129/hamlet_pheno/figures/FigS14_gAllPERM.png, /fs/dss/work/doau0129/hamlet_pheno/figures/FigS15_gSpe.png
    shell:
        
        module load hpc-env/13.1
        module load R/4.3.1-foss-2023a

        Rscript /fs/dss/work/doau0129/hamlet_pheno/scripts/R/Fig3-4_S11-S15.R             --base_path /fs/dss/work/doau0129/hamlet_pheno             --figure_path /fs/dss/work/doau0129/hamlet_pheno/figures             --logos_path /fs/dss/work/doau0129/hamlet_pheno/metadata/logos_hamlet             --spec_colors /fs/dss/work/doau0129/hamlet_pheno/metadata/species_colors.tsv             --geo_colors /fs/dss/work/doau0129/hamlet_pheno/metadata/locations_colors.tsv
        
        (command exited with non-zero exit code)
Shutting down, this might take some time.
Exiting because a job execution failed. Look below for error messages
[Wed Nov  5 12:32:20 2025]
Error in rule pca_plot:
    message: None
    jobid: 100
    input: byLOC/arc_ld_pruned_gtmat.traw, byLOC/bar_ld_pruned_gtmat.traw, byLOC/bel_ld_pruned_gtmat.traw, byLOC/boc_ld_pruned_gtmat.traw, byLOC/flk_ld_pruned_gtmat.traw, byLOC/gun_ld_pruned_gtmat.traw, byLOC/hon_ld_pruned_gtmat.traw, byLOC/liz_ld_pruned_gtmat.traw, byLOC/pri_ld_pruned_gtmat.traw, byLOC/qui_ld_pruned_gtmat.traw, bySPC/abe_ld_pruned_gtmat.traw, bySPC/aff_ld_pruned_gtmat.traw, bySPC/atl_ld_pruned_gtmat.traw, bySPC/chl_ld_pruned_gtmat.traw, bySPC/gem_ld_pruned_gtmat.traw, bySPC/gum_ld_pruned_gtmat.traw, bySPC/gut_ld_pruned_gtmat.traw, bySPC/ind_ld_pruned_gtmat.traw, bySPC/nig_ld_pruned_gtmat.traw, bySPC/pue_ld_pruned_gtmat.traw, bySPC/ran_ld_pruned_gtmat.traw, bySPC/tan_ld_pruned_gtmat.traw, bySPC/uni_ld_pruned_gtmat.traw, byALL/thinned_all_ld_pruned_gtmat.traw, byLOC/permanova_results/arc.lm.pairwise.csv, byLOC/permanova_results/bar.lm.pairwise.csv, byLOC/permanova_results/bel.lm.pairwise.csv, byLOC/permanova_results/boc.lm.pairwise.csv, byLOC/permanova_results/flk.lm.pairwise.csv, byLOC/permanova_results/gun.lm.pairwise.csv, byLOC/permanova_results/hon.lm.pairwise.csv, byLOC/permanova_results/liz.lm.pairwise.csv, byLOC/permanova_results/pri.lm.pairwise.csv, byLOC/permanova_results/qui.lm.pairwise.csv, bySPC/permanova_results/abe.sm.pairwise.csv, bySPC/permanova_results/aff.sm.pairwise.csv, bySPC/permanova_results/atl.sm.pairwise.csv, bySPC/permanova_results/chl.sm.pairwise.csv, bySPC/permanova_results/gem.sm.pairwise.csv, bySPC/permanova_results/gum.sm.pairwise.csv, bySPC/permanova_results/gut.sm.pairwise.csv, bySPC/permanova_results/ind.sm.pairwise.csv, bySPC/permanova_results/nig.sm.pairwise.csv, bySPC/permanova_results/pue.sm.pairwise.csv, bySPC/permanova_results/ran.sm.pairwise.csv, bySPC/permanova_results/tan.sm.pairwise.csv, bySPC/permanova_results/uni.sm.pairwise.csv, byALL/permanova_results/all.lm.pairwise.csv, byALL/permanova_results/all.sm.pairwise.csv
    output: /fs/dss/work/doau0129/hamlet_pheno/figures/Fig3_gLocPCA.png, /fs/dss/work/doau0129/hamlet_pheno/figures/Fig4_gAllPCA.png, /fs/dss/work/doau0129/hamlet_pheno/figures/FigS11_gAllVAR.png, /fs/dss/work/doau0129/hamlet_pheno/figures/FigS12_gLocSUP.png, /fs/dss/work/doau0129/hamlet_pheno/figures/FigS13_gLocPERM.png, /fs/dss/work/doau0129/hamlet_pheno/figures/FigS14_gAllPERM.png, /fs/dss/work/doau0129/hamlet_pheno/figures/FigS15_gSpe.png
    shell:
        
        module load hpc-env/13.1
        module load R/4.3.1-foss-2023a

        Rscript /fs/dss/work/doau0129/hamlet_pheno/scripts/R/Fig3-4_S11-S15.R             --base_path /fs/dss/work/doau0129/hamlet_pheno             --figure_path /fs/dss/work/doau0129/hamlet_pheno/figures             --logos_path /fs/dss/work/doau0129/hamlet_pheno/metadata/logos_hamlet             --spec_colors /fs/dss/work/doau0129/hamlet_pheno/metadata/species_colors.tsv             --geo_colors /fs/dss/work/doau0129/hamlet_pheno/metadata/locations_colors.tsv
        
        (command exited with non-zero exit code)
Complete log(s): /fs/dss/work/doau0129/hamlet_pheno/2_popgen/.snakemake/log/2025-11-05T123156.196641.snakemake.log
WorkflowError:
At least one job did not complete successfully.
