Assuming unrestricted shared filesystem usage.
host: hpcl002
Building DAG of jobs...
Using shell: /usr/bin/bash
Job stats:
job                 count
----------------  -------
all                     1
pca_plot                1
plink_processing       10
run_permanova          10
subset_vcf             10
total                  32

Select jobs to execute...
Execute 10 jobs...
[Wed Nov  5 15:07:10 2025]
localrule subset_vcf:
    input: /fs/dss/work/doau0129/hamlet_pheno/phyps2e_m2.vcf.gz, bySPC/ran.txt
    output: bySPC/ran.vcf.gz
    jobid: 44
    reason: Updated input files: bySPC/ran.txt
    wildcards: group=SPC, dataset=ran
    resources: tmpdir=/tmp
[Wed Nov  5 15:07:10 2025]
localrule subset_vcf:
    input: /fs/dss/work/doau0129/hamlet_pheno/phyps2e_m2.vcf.gz, bySPC/chl.txt
    output: bySPC/chl.vcf.gz
    jobid: 37
    reason: Updated input files: bySPC/chl.txt
    wildcards: group=SPC, dataset=chl
    resources: tmpdir=/tmp
[Wed Nov  5 15:07:11 2025]
localrule subset_vcf:
    input: /fs/dss/work/doau0129/hamlet_pheno/phyps2e_m2.vcf.gz, bySPC/ind.txt
    output: bySPC/ind.vcf.gz
    jobid: 41
    reason: Updated input files: bySPC/ind.txt
    wildcards: group=SPC, dataset=ind
    resources: tmpdir=/tmp
[Wed Nov  5 15:07:11 2025]
localrule subset_vcf:
    input: /fs/dss/work/doau0129/hamlet_pheno/phyps2e_m2.vcf.gz, bySPC/tan.txt
    output: bySPC/tan.vcf.gz
    jobid: 45
    reason: Updated input files: bySPC/tan.txt
    wildcards: group=SPC, dataset=tan
    resources: tmpdir=/tmp
[Wed Nov  5 15:07:11 2025]
localrule subset_vcf:
    input: /fs/dss/work/doau0129/hamlet_pheno/phyps2e_m2.vcf.gz, bySPC/abe.txt
    output: bySPC/abe.vcf.gz
    jobid: 34
    reason: Updated input files: bySPC/abe.txt
    wildcards: group=SPC, dataset=abe
    resources: tmpdir=/tmp
[Wed Nov  5 15:07:11 2025]
localrule subset_vcf:
    input: /fs/dss/work/doau0129/hamlet_pheno/phyps2e_m2.vcf.gz, bySPC/gem.txt
    output: bySPC/gem.vcf.gz
    jobid: 38
    reason: Updated input files: bySPC/gem.txt
    wildcards: group=SPC, dataset=gem
    resources: tmpdir=/tmp
[Wed Nov  5 15:07:11 2025]
localrule subset_vcf:
    input: /fs/dss/work/doau0129/hamlet_pheno/phyps2e_m2.vcf.gz, bySPC/nig.txt
    output: bySPC/nig.vcf.gz
    jobid: 42
    reason: Updated input files: bySPC/nig.txt
    wildcards: group=SPC, dataset=nig
    resources: tmpdir=/tmp
[Wed Nov  5 15:07:11 2025]
localrule subset_vcf:
    input: /fs/dss/work/doau0129/hamlet_pheno/phyps2e_m2.vcf.gz, bySPC/uni.txt
    output: bySPC/uni.vcf.gz
    jobid: 46
    reason: Updated input files: bySPC/uni.txt
    wildcards: group=SPC, dataset=uni
    resources: tmpdir=/tmp
[Wed Nov  5 15:07:11 2025]
localrule subset_vcf:
    input: /fs/dss/work/doau0129/hamlet_pheno/phyps2e_m2.vcf.gz, bySPC/pue.txt
    output: bySPC/pue.vcf.gz
    jobid: 43
    reason: Updated input files: bySPC/pue.txt
    wildcards: group=SPC, dataset=pue
    resources: tmpdir=/tmp
[Wed Nov  5 15:07:11 2025]
localrule subset_vcf:
    input: /fs/dss/work/doau0129/hamlet_pheno/phyps2e_m2.vcf.gz, bySPC/gut.txt
    output: bySPC/gut.vcf.gz
    jobid: 40
    reason: Updated input files: bySPC/gut.txt
    wildcards: group=SPC, dataset=gut
    resources: tmpdir=/tmp
[Wed Nov  5 15:07:11 2025]
Finished jobid: 44 (Rule: subset_vcf)
1 of 32 steps (3%) done
[Wed Nov  5 15:07:11 2025]
Finished jobid: 37 (Rule: subset_vcf)
2 of 32 steps (6%) done
[Wed Nov  5 15:07:11 2025]
Finished jobid: 41 (Rule: subset_vcf)
3 of 32 steps (9%) done
[Wed Nov  5 15:07:11 2025]
Finished jobid: 45 (Rule: subset_vcf)
4 of 32 steps (12%) done
[Wed Nov  5 15:07:11 2025]
Finished jobid: 34 (Rule: subset_vcf)
5 of 32 steps (16%) done
[Wed Nov  5 15:07:11 2025]
Finished jobid: 38 (Rule: subset_vcf)
6 of 32 steps (19%) done
[Wed Nov  5 15:07:11 2025]
Finished jobid: 42 (Rule: subset_vcf)
7 of 32 steps (22%) done
[Wed Nov  5 15:07:12 2025]
Finished jobid: 46 (Rule: subset_vcf)
8 of 32 steps (25%) done
[Wed Nov  5 15:07:12 2025]
Finished jobid: 43 (Rule: subset_vcf)
9 of 32 steps (28%) done
[Wed Nov  5 15:07:12 2025]
Finished jobid: 40 (Rule: subset_vcf)
10 of 32 steps (31%) done
Select jobs to execute...
Execute 10 jobs...
[Wed Nov  5 15:07:12 2025]
localrule plink_processing:
    input: bySPC/gem.vcf.gz
    output: bySPC/gem_ld_pruned_gtmat.traw
    jobid: 61
    reason: Input files updated by another job: bySPC/gem.vcf.gz
    wildcards: OUT_DIR=bySPC, dataset=gem
    resources: tmpdir=/tmp
[Wed Nov  5 15:07:12 2025]
localrule plink_processing:
    input: bySPC/nig.vcf.gz
    output: bySPC/nig_ld_pruned_gtmat.traw
    jobid: 65
    reason: Input files updated by another job: bySPC/nig.vcf.gz
    wildcards: OUT_DIR=bySPC, dataset=nig
    resources: tmpdir=/tmp
[Wed Nov  5 15:07:12 2025]
localrule plink_processing:
    input: bySPC/abe.vcf.gz
    output: bySPC/abe_ld_pruned_gtmat.traw
    jobid: 57
    reason: Input files updated by another job: bySPC/abe.vcf.gz
    wildcards: OUT_DIR=bySPC, dataset=abe
    resources: tmpdir=/tmp
[Wed Nov  5 15:07:12 2025]
localrule plink_processing:
    input: bySPC/ind.vcf.gz
    output: bySPC/ind_ld_pruned_gtmat.traw
    jobid: 64
    reason: Input files updated by another job: bySPC/ind.vcf.gz
    wildcards: OUT_DIR=bySPC, dataset=ind
    resources: tmpdir=/tmp
[Wed Nov  5 15:07:12 2025]
localrule plink_processing:
    input: bySPC/tan.vcf.gz
    output: bySPC/tan_ld_pruned_gtmat.traw
    jobid: 68
    reason: Input files updated by another job: bySPC/tan.vcf.gz
    wildcards: OUT_DIR=bySPC, dataset=tan
    resources: tmpdir=/tmp
[Wed Nov  5 15:07:12 2025]
localrule plink_processing:
    input: bySPC/chl.vcf.gz
    output: bySPC/chl_ld_pruned_gtmat.traw
    jobid: 60
    reason: Input files updated by another job: bySPC/chl.vcf.gz
    wildcards: OUT_DIR=bySPC, dataset=chl
    resources: tmpdir=/tmp
[Wed Nov  5 15:07:12 2025]
localrule plink_processing:
    input: bySPC/ran.vcf.gz
    output: bySPC/ran_ld_pruned_gtmat.traw
    jobid: 67
    reason: Input files updated by another job: bySPC/ran.vcf.gz
    wildcards: OUT_DIR=bySPC, dataset=ran
    resources: tmpdir=/tmp
[Wed Nov  5 15:07:12 2025]
localrule plink_processing:
    input: bySPC/gut.vcf.gz
    output: bySPC/gut_ld_pruned_gtmat.traw
    jobid: 63
    reason: Input files updated by another job: bySPC/gut.vcf.gz
    wildcards: OUT_DIR=bySPC, dataset=gut
    resources: tmpdir=/tmp
[Wed Nov  5 15:07:12 2025]
localrule plink_processing:
    input: bySPC/pue.vcf.gz
    output: bySPC/pue_ld_pruned_gtmat.traw
    jobid: 66
    reason: Input files updated by another job: bySPC/pue.vcf.gz
    wildcards: OUT_DIR=bySPC, dataset=pue
    resources: tmpdir=/tmp
[Wed Nov  5 15:07:12 2025]
localrule plink_processing:
    input: bySPC/uni.vcf.gz
    output: bySPC/uni_ld_pruned_gtmat.traw
    jobid: 69
    reason: Input files updated by another job: bySPC/uni.vcf.gz
    wildcards: OUT_DIR=bySPC, dataset=uni
    resources: tmpdir=/tmp
[Wed Nov  5 15:07:13 2025]
Finished jobid: 61 (Rule: plink_processing)
11 of 32 steps (34%) done
[Wed Nov  5 15:07:13 2025]
Finished jobid: 65 (Rule: plink_processing)
12 of 32 steps (38%) done
[Wed Nov  5 15:07:13 2025]
Finished jobid: 57 (Rule: plink_processing)
13 of 32 steps (41%) done
[Wed Nov  5 15:07:13 2025]
Finished jobid: 64 (Rule: plink_processing)
14 of 32 steps (44%) done
[Wed Nov  5 15:07:13 2025]
Finished jobid: 68 (Rule: plink_processing)
15 of 32 steps (47%) done
[Wed Nov  5 15:07:13 2025]
Finished jobid: 60 (Rule: plink_processing)
16 of 32 steps (50%) done
[Wed Nov  5 15:07:13 2025]
Finished jobid: 67 (Rule: plink_processing)
17 of 32 steps (53%) done
[Wed Nov  5 15:07:13 2025]
Finished jobid: 63 (Rule: plink_processing)
18 of 32 steps (56%) done
[Wed Nov  5 15:07:13 2025]
Finished jobid: 66 (Rule: plink_processing)
19 of 32 steps (59%) done
[Wed Nov  5 15:07:13 2025]
Finished jobid: 69 (Rule: plink_processing)
20 of 32 steps (62%) done
Select jobs to execute...
Execute 10 jobs...
[Wed Nov  5 15:07:13 2025]
localrule run_permanova:
    input: bySPC/chl_ld_pruned_gtmat.traw, bySPC/chl.txt
    output: bySPC/permanova_results/chl.sm.pairwise.csv
    jobid: 85
    reason: Input files updated by another job: bySPC/chl_ld_pruned_gtmat.traw
    wildcards: OUTDIR=bySPC/permanova_results, dataset=chl, SUFFIX=sm
    resources: tmpdir=/tmp
[Wed Nov  5 15:07:13 2025]
localrule run_permanova:
    input: bySPC/tan_ld_pruned_gtmat.traw, bySPC/tan.txt
    output: bySPC/permanova_results/tan.sm.pairwise.csv
    jobid: 93
    reason: Input files updated by another job: bySPC/tan_ld_pruned_gtmat.traw
    wildcards: OUTDIR=bySPC/permanova_results, dataset=tan, SUFFIX=sm
    resources: tmpdir=/tmp
[Wed Nov  5 15:07:13 2025]
localrule run_permanova:
    input: bySPC/ind_ld_pruned_gtmat.traw, bySPC/ind.txt
    output: bySPC/permanova_results/ind.sm.pairwise.csv
    jobid: 89
    reason: Input files updated by another job: bySPC/ind_ld_pruned_gtmat.traw
    wildcards: OUTDIR=bySPC/permanova_results, dataset=ind, SUFFIX=sm
    resources: tmpdir=/tmp
[Wed Nov  5 15:07:13 2025]
localrule run_permanova:
    input: bySPC/abe_ld_pruned_gtmat.traw, bySPC/abe.txt
    output: bySPC/permanova_results/abe.sm.pairwise.csv
    jobid: 82
    reason: Input files updated by another job: bySPC/abe_ld_pruned_gtmat.traw
    wildcards: OUTDIR=bySPC/permanova_results, dataset=abe, SUFFIX=sm
    resources: tmpdir=/tmp
[Wed Nov  5 15:07:13 2025]
localrule run_permanova:
    input: bySPC/gem_ld_pruned_gtmat.traw, bySPC/gem.txt
    output: bySPC/permanova_results/gem.sm.pairwise.csv
    jobid: 86
    reason: Input files updated by another job: bySPC/gem_ld_pruned_gtmat.traw
    wildcards: OUTDIR=bySPC/permanova_results, dataset=gem, SUFFIX=sm
    resources: tmpdir=/tmp
[Wed Nov  5 15:07:13 2025]
localrule run_permanova:
    input: bySPC/ran_ld_pruned_gtmat.traw, bySPC/ran.txt
    output: bySPC/permanova_results/ran.sm.pairwise.csv
    jobid: 92
    reason: Input files updated by another job: bySPC/ran_ld_pruned_gtmat.traw
    wildcards: OUTDIR=bySPC/permanova_results, dataset=ran, SUFFIX=sm
    resources: tmpdir=/tmp
[Wed Nov  5 15:07:13 2025]
localrule run_permanova:
    input: bySPC/nig_ld_pruned_gtmat.traw, bySPC/nig.txt
    output: bySPC/permanova_results/nig.sm.pairwise.csv
    jobid: 90
    reason: Input files updated by another job: bySPC/nig_ld_pruned_gtmat.traw
    wildcards: OUTDIR=bySPC/permanova_results, dataset=nig, SUFFIX=sm
    resources: tmpdir=/tmp
[Wed Nov  5 15:07:13 2025]
localrule run_permanova:
    input: bySPC/uni_ld_pruned_gtmat.traw, bySPC/uni.txt
    output: bySPC/permanova_results/uni.sm.pairwise.csv
    jobid: 94
    reason: Input files updated by another job: bySPC/uni_ld_pruned_gtmat.traw
    wildcards: OUTDIR=bySPC/permanova_results, dataset=uni, SUFFIX=sm
    resources: tmpdir=/tmp
[Wed Nov  5 15:07:14 2025]
localrule run_permanova:
    input: bySPC/pue_ld_pruned_gtmat.traw, bySPC/pue.txt
    output: bySPC/permanova_results/pue.sm.pairwise.csv
    jobid: 91
    reason: Input files updated by another job: bySPC/pue_ld_pruned_gtmat.traw
    wildcards: OUTDIR=bySPC/permanova_results, dataset=pue, SUFFIX=sm
    resources: tmpdir=/tmp
[Wed Nov  5 15:07:14 2025]
localrule run_permanova:
    input: bySPC/gut_ld_pruned_gtmat.traw, bySPC/gut.txt
    output: bySPC/permanova_results/gut.sm.pairwise.csv
    jobid: 88
    reason: Input files updated by another job: bySPC/gut_ld_pruned_gtmat.traw
    wildcards: OUTDIR=bySPC/permanova_results, dataset=gut, SUFFIX=sm
    resources: tmpdir=/tmp
[Wed Nov  5 15:07:14 2025]
Finished jobid: 85 (Rule: run_permanova)
21 of 32 steps (66%) done
[Wed Nov  5 15:07:14 2025]
Finished jobid: 93 (Rule: run_permanova)
22 of 32 steps (69%) done
[Wed Nov  5 15:07:14 2025]
Finished jobid: 89 (Rule: run_permanova)
23 of 32 steps (72%) done
[Wed Nov  5 15:07:14 2025]
Finished jobid: 82 (Rule: run_permanova)
24 of 32 steps (75%) done
[Wed Nov  5 15:07:14 2025]
Finished jobid: 86 (Rule: run_permanova)
25 of 32 steps (78%) done
[Wed Nov  5 15:07:14 2025]
Finished jobid: 92 (Rule: run_permanova)
26 of 32 steps (81%) done
[Wed Nov  5 15:07:14 2025]
Finished jobid: 90 (Rule: run_permanova)
27 of 32 steps (84%) done
[Wed Nov  5 15:07:14 2025]
Finished jobid: 94 (Rule: run_permanova)
28 of 32 steps (88%) done
[Wed Nov  5 15:07:14 2025]
Finished jobid: 91 (Rule: run_permanova)
29 of 32 steps (91%) done
[Wed Nov  5 15:07:14 2025]
Finished jobid: 88 (Rule: run_permanova)
30 of 32 steps (94%) done
Select jobs to execute...
Execute 1 jobs...
[Wed Nov  5 15:07:14 2025]
localrule pca_plot:
    input: byLOC/arc_ld_pruned_gtmat.traw, byLOC/bar_ld_pruned_gtmat.traw, byLOC/bel_ld_pruned_gtmat.traw, byLOC/boc_ld_pruned_gtmat.traw, byLOC/flk_ld_pruned_gtmat.traw, byLOC/gun_ld_pruned_gtmat.traw, byLOC/hon_ld_pruned_gtmat.traw, byLOC/liz_ld_pruned_gtmat.traw, byLOC/pri_ld_pruned_gtmat.traw, byLOC/qui_ld_pruned_gtmat.traw, bySPC/abe_ld_pruned_gtmat.traw, bySPC/aff_ld_pruned_gtmat.traw, bySPC/atl_ld_pruned_gtmat.traw, bySPC/chl_ld_pruned_gtmat.traw, bySPC/gem_ld_pruned_gtmat.traw, bySPC/gum_ld_pruned_gtmat.traw, bySPC/gut_ld_pruned_gtmat.traw, bySPC/ind_ld_pruned_gtmat.traw, bySPC/nig_ld_pruned_gtmat.traw, bySPC/pue_ld_pruned_gtmat.traw, bySPC/ran_ld_pruned_gtmat.traw, bySPC/tan_ld_pruned_gtmat.traw, bySPC/uni_ld_pruned_gtmat.traw, byALL/thinned_all_ld_pruned_gtmat.traw, byLOC/permanova_results/arc.lm.pairwise.csv, byLOC/permanova_results/bar.lm.pairwise.csv, byLOC/permanova_results/bel.lm.pairwise.csv, byLOC/permanova_results/boc.lm.pairwise.csv, byLOC/permanova_results/flk.lm.pairwise.csv, byLOC/permanova_results/gun.lm.pairwise.csv, byLOC/permanova_results/hon.lm.pairwise.csv, byLOC/permanova_results/liz.lm.pairwise.csv, byLOC/permanova_results/pri.lm.pairwise.csv, byLOC/permanova_results/qui.lm.pairwise.csv, bySPC/permanova_results/abe.sm.pairwise.csv, bySPC/permanova_results/aff.sm.pairwise.csv, bySPC/permanova_results/atl.sm.pairwise.csv, bySPC/permanova_results/chl.sm.pairwise.csv, bySPC/permanova_results/gem.sm.pairwise.csv, bySPC/permanova_results/gum.sm.pairwise.csv, bySPC/permanova_results/gut.sm.pairwise.csv, bySPC/permanova_results/ind.sm.pairwise.csv, bySPC/permanova_results/nig.sm.pairwise.csv, bySPC/permanova_results/pue.sm.pairwise.csv, bySPC/permanova_results/ran.sm.pairwise.csv, bySPC/permanova_results/tan.sm.pairwise.csv, bySPC/permanova_results/uni.sm.pairwise.csv, byALL/permanova_results/all.lm.pairwise.csv, byALL/permanova_results/all.sm.pairwise.csv
    output: /fs/dss/work/doau0129/hamlet_pheno/figures/Fig3_gLocPCA.png, /fs/dss/work/doau0129/hamlet_pheno/figures/Fig4_gAllPCA.png, /fs/dss/work/doau0129/hamlet_pheno/figures/FigS11_gAllVAR.png, /fs/dss/work/doau0129/hamlet_pheno/figures/FigS12_gLocSUP.png, /fs/dss/work/doau0129/hamlet_pheno/figures/FigS13_gLocPERM.png, /fs/dss/work/doau0129/hamlet_pheno/figures/FigS14_gAllPERM.png, /fs/dss/work/doau0129/hamlet_pheno/figures/FigS15_gSpe.png
    jobid: 100
    reason: Missing output files: /fs/dss/work/doau0129/hamlet_pheno/figures/FigS11_gAllVAR.png, /fs/dss/work/doau0129/hamlet_pheno/figures/FigS14_gAllPERM.png, /fs/dss/work/doau0129/hamlet_pheno/figures/FigS13_gLocPERM.png, /fs/dss/work/doau0129/hamlet_pheno/figures/FigS15_gSpe.png, /fs/dss/work/doau0129/hamlet_pheno/figures/Fig3_gLocPCA.png, /fs/dss/work/doau0129/hamlet_pheno/figures/FigS12_gLocSUP.png, /fs/dss/work/doau0129/hamlet_pheno/figures/Fig4_gAllPCA.png; Input files updated by another job: bySPC/pue_ld_pruned_gtmat.traw, bySPC/gem_ld_pruned_gtmat.traw, bySPC/permanova_results/gem.sm.pairwise.csv, bySPC/tan_ld_pruned_gtmat.traw, bySPC/uni_ld_pruned_gtmat.traw, bySPC/permanova_results/ind.sm.pairwise.csv, bySPC/permanova_results/pue.sm.pairwise.csv, bySPC/permanova_results/tan.sm.pairwise.csv, bySPC/ind_ld_pruned_gtmat.traw, bySPC/gut_ld_pruned_gtmat.traw, bySPC/chl_ld_pruned_gtmat.traw, bySPC/ran_ld_pruned_gtmat.traw, bySPC/permanova_results/gut.sm.pairwise.csv, bySPC/permanova_results/ran.sm.pairwise.csv, bySPC/permanova_results/chl.sm.pairwise.csv, bySPC/nig_ld_pruned_gtmat.traw, bySPC/abe_ld_pruned_gtmat.traw, bySPC/permanova_results/nig.sm.pairwise.csv, bySPC/permanova_results/abe.sm.pairwise.csv, bySPC/permanova_results/uni.sm.pairwise.csv
    resources: tmpdir=/tmp, mem_mb=2000, mem_mib=1908, time=2:00:00
Output files not touched because they don't exist: /fs/dss/work/doau0129/hamlet_pheno/figures/FigS11_gAllVAR.png, /fs/dss/work/doau0129/hamlet_pheno/figures/Fig3_gLocPCA.png, /fs/dss/work/doau0129/hamlet_pheno/figures/FigS14_gAllPERM.png, /fs/dss/work/doau0129/hamlet_pheno/figures/FigS12_gLocSUP.png, /fs/dss/work/doau0129/hamlet_pheno/figures/FigS13_gLocPERM.png, /fs/dss/work/doau0129/hamlet_pheno/figures/Fig4_gAllPCA.png, /fs/dss/work/doau0129/hamlet_pheno/figures/FigS15_gSpe.png
[Wed Nov  5 15:07:14 2025]
Finished jobid: 100 (Rule: pca_plot)
31 of 32 steps (97%) done
Select jobs to execute...
Execute 1 jobs...
[Wed Nov  5 15:07:14 2025]
localrule all:
    input: byLOC/arc.txt, byLOC/bar.txt, byLOC/bel.txt, byLOC/boc.txt, byLOC/flk.txt, byLOC/gun.txt, byLOC/hon.txt, byLOC/liz.txt, byLOC/pri.txt, byLOC/qui.txt, bySPC/abe.txt, bySPC/aff.txt, bySPC/atl.txt, bySPC/chl.txt, bySPC/gem.txt, bySPC/gum.txt, bySPC/gut.txt, bySPC/ind.txt, bySPC/nig.txt, bySPC/pue.txt, bySPC/ran.txt, bySPC/tan.txt, bySPC/uni.txt, byLOC/arc.vcf.gz, byLOC/bar.vcf.gz, byLOC/bel.vcf.gz, byLOC/boc.vcf.gz, byLOC/flk.vcf.gz, byLOC/gun.vcf.gz, byLOC/hon.vcf.gz, byLOC/liz.vcf.gz, byLOC/pri.vcf.gz, byLOC/qui.vcf.gz, bySPC/abe.vcf.gz, bySPC/aff.vcf.gz, bySPC/atl.vcf.gz, bySPC/chl.vcf.gz, bySPC/gem.vcf.gz, bySPC/gum.vcf.gz, bySPC/gut.vcf.gz, bySPC/ind.vcf.gz, bySPC/nig.vcf.gz, bySPC/pue.vcf.gz, bySPC/ran.vcf.gz, bySPC/tan.vcf.gz, bySPC/uni.vcf.gz, byLOC/arc_ld_pruned_gtmat.traw, byLOC/bar_ld_pruned_gtmat.traw, byLOC/bel_ld_pruned_gtmat.traw, byLOC/boc_ld_pruned_gtmat.traw, byLOC/flk_ld_pruned_gtmat.traw, byLOC/gun_ld_pruned_gtmat.traw, byLOC/hon_ld_pruned_gtmat.traw, byLOC/liz_ld_pruned_gtmat.traw, byLOC/pri_ld_pruned_gtmat.traw, byLOC/qui_ld_pruned_gtmat.traw, bySPC/abe_ld_pruned_gtmat.traw, bySPC/aff_ld_pruned_gtmat.traw, bySPC/atl_ld_pruned_gtmat.traw, bySPC/chl_ld_pruned_gtmat.traw, bySPC/gem_ld_pruned_gtmat.traw, bySPC/gum_ld_pruned_gtmat.traw, bySPC/gut_ld_pruned_gtmat.traw, bySPC/ind_ld_pruned_gtmat.traw, bySPC/nig_ld_pruned_gtmat.traw, bySPC/pue_ld_pruned_gtmat.traw, bySPC/ran_ld_pruned_gtmat.traw, bySPC/tan_ld_pruned_gtmat.traw, bySPC/uni_ld_pruned_gtmat.traw, byALL/all_ld_pruned_gtmat.traw, byALL/thinned_all_ld_pruned_gtmat.traw, byLOC/permanova_results/arc.lm.pairwise.csv, byLOC/permanova_results/bar.lm.pairwise.csv, byLOC/permanova_results/bel.lm.pairwise.csv, byLOC/permanova_results/boc.lm.pairwise.csv, byLOC/permanova_results/flk.lm.pairwise.csv, byLOC/permanova_results/gun.lm.pairwise.csv, byLOC/permanova_results/hon.lm.pairwise.csv, byLOC/permanova_results/liz.lm.pairwise.csv, byLOC/permanova_results/pri.lm.pairwise.csv, byLOC/permanova_results/qui.lm.pairwise.csv, bySPC/permanova_results/abe.sm.pairwise.csv, bySPC/permanova_results/aff.sm.pairwise.csv, bySPC/permanova_results/atl.sm.pairwise.csv, bySPC/permanova_results/chl.sm.pairwise.csv, bySPC/permanova_results/gem.sm.pairwise.csv, bySPC/permanova_results/gum.sm.pairwise.csv, bySPC/permanova_results/gut.sm.pairwise.csv, bySPC/permanova_results/ind.sm.pairwise.csv, bySPC/permanova_results/nig.sm.pairwise.csv, bySPC/permanova_results/pue.sm.pairwise.csv, bySPC/permanova_results/ran.sm.pairwise.csv, bySPC/permanova_results/tan.sm.pairwise.csv, bySPC/permanova_results/uni.sm.pairwise.csv, byALL/permanova_results/all.sm.pairwise.csv, byALL/permanova_results/all.lm.pairwise.csv, /fs/dss/work/doau0129/hamlet_pheno/figures/Fig3_gLocPCA.png, /fs/dss/work/doau0129/hamlet_pheno/figures/Fig4_gAllPCA.png, /fs/dss/work/doau0129/hamlet_pheno/figures/FigS11_gAllVAR.png, /fs/dss/work/doau0129/hamlet_pheno/figures/FigS12_gLocSUP.png, /fs/dss/work/doau0129/hamlet_pheno/figures/FigS13_gLocPERM.png, /fs/dss/work/doau0129/hamlet_pheno/figures/FigS14_gAllPERM.png, /fs/dss/work/doau0129/hamlet_pheno/figures/FigS15_gSpe.png
    jobid: 0
    reason: Input files updated by another job: /fs/dss/work/doau0129/hamlet_pheno/figures/FigS11_gAllVAR.png, bySPC/pue_ld_pruned_gtmat.traw, bySPC/ind.vcf.gz, bySPC/chl.vcf.gz, bySPC/gem.vcf.gz, bySPC/tan.vcf.gz, bySPC/gem_ld_pruned_gtmat.traw, bySPC/permanova_results/gem.sm.pairwise.csv, bySPC/tan_ld_pruned_gtmat.traw, bySPC/uni_ld_pruned_gtmat.traw, bySPC/permanova_results/ind.sm.pairwise.csv, bySPC/permanova_results/pue.sm.pairwise.csv, bySPC/permanova_results/tan.sm.pairwise.csv, bySPC/uni.vcf.gz, bySPC/ind_ld_pruned_gtmat.traw, bySPC/gut_ld_pruned_gtmat.traw, bySPC/chl_ld_pruned_gtmat.traw, bySPC/ran.vcf.gz, bySPC/permanova_results/abe.sm.pairwise.csv, /fs/dss/work/doau0129/hamlet_pheno/figures/Fig4_gAllPCA.png, bySPC/ran_ld_pruned_gtmat.traw, bySPC/pue.vcf.gz, bySPC/permanova_results/gut.sm.pairwise.csv, bySPC/permanova_results/ran.sm.pairwise.csv, bySPC/gut.vcf.gz, /fs/dss/work/doau0129/hamlet_pheno/figures/FigS14_gAllPERM.png, bySPC/permanova_results/chl.sm.pairwise.csv, /fs/dss/work/doau0129/hamlet_pheno/figures/FigS13_gLocPERM.png, /fs/dss/work/doau0129/hamlet_pheno/figures/FigS15_gSpe.png, bySPC/nig_ld_pruned_gtmat.traw, bySPC/abe_ld_pruned_gtmat.traw, bySPC/nig.vcf.gz, bySPC/permanova_results/nig.sm.pairwise.csv, /fs/dss/work/doau0129/hamlet_pheno/figures/Fig3_gLocPCA.png, /fs/dss/work/doau0129/hamlet_pheno/figures/FigS12_gLocSUP.png, bySPC/abe.vcf.gz, bySPC/permanova_results/uni.sm.pairwise.csv
    resources: tmpdir=/tmp
[Wed Nov  5 15:07:14 2025]
Finished jobid: 0 (Rule: all)
32 of 32 steps (100%) done
Complete log(s): /fs/dss/work/doau0129/hamlet_pheno/2_popgen/.snakemake/log/2025-11-05T150710.673587.snakemake.log
