WorkflowError:
Failed to clean up metadata for the following files because the metadata was not present.
If this is expected, there is nothing to do.
Otherwise, the reason might be file system latency or still running jobs.
Consider running metadata cleanup again.
Files:
byLOC/arc_ld_pruned_gtmat.log
byLOC/arc_ld_pruned_gtmat.nosex
byLOC/arc.vcf.gz.csi
byLOC/bar_ld_pruned_gtmat.log
byLOC/bar_ld_pruned_gtmat.nosex
byLOC/bar.vcf.gz.csi
byLOC/bel_ld_pruned_gtmat.log
byLOC/bel_ld_pruned_gtmat.nosex
byLOC/bel.vcf.gz.csi
byLOC/boc_ld_pruned_gtmat.log
byLOC/boc_ld_pruned_gtmat.nosex
byLOC/boc.vcf.gz.csi
byLOC/flk_ld_pruned_gtmat.log
byLOC/flk_ld_pruned_gtmat.nosex
byLOC/flk.vcf.gz.csi
byLOC/gun_ld_pruned_gtmat.log
byLOC/gun_ld_pruned_gtmat.nosex
byLOC/gun.vcf.gz.csi
byLOC/hon_ld_pruned_gtmat.log
byLOC/hon_ld_pruned_gtmat.nosex
byLOC/hon.vcf.gz.csi
byLOC/liz_ld_pruned_gtmat.log
byLOC/liz_ld_pruned_gtmat.nosex
byLOC/liz.vcf.gz.csi
byLOC/permanova_results
byLOC/pri_ld_pruned_gtmat.log
byLOC/pri_ld_pruned_gtmat.nosex
byLOC/pri.vcf.gz.csi
byLOC/qui_ld_pruned_gtmat.log
byLOC/qui_ld_pruned_gtmat.nosex
byLOC/qui.txt
byLOC/qui.vcf.gz.csi
