Assuming unrestricted shared filesystem usage.
host: hpcl002
Building DAG of jobs...
Using shell: /usr/bin/bash
Provided cores: 24
Rules claiming more threads will be scaled down.
Job stats:
job         count
--------  -------
all             1
pca_plot        1
total           2

Select jobs to execute...
Execute 1 jobs...
[Wed Nov  5 15:15:26 2025]
localrule pca_plot:
    input: byLOC/arc_ld_pruned_gtmat.traw, byLOC/bar_ld_pruned_gtmat.traw, byLOC/bel_ld_pruned_gtmat.traw, byLOC/boc_ld_pruned_gtmat.traw, byLOC/flk_ld_pruned_gtmat.traw, byLOC/gun_ld_pruned_gtmat.traw, byLOC/hon_ld_pruned_gtmat.traw, byLOC/liz_ld_pruned_gtmat.traw, byLOC/pri_ld_pruned_gtmat.traw, byLOC/qui_ld_pruned_gtmat.traw, bySPC/abe_ld_pruned_gtmat.traw, bySPC/aff_ld_pruned_gtmat.traw, bySPC/atl_ld_pruned_gtmat.traw, bySPC/chl_ld_pruned_gtmat.traw, bySPC/gem_ld_pruned_gtmat.traw, bySPC/gum_ld_pruned_gtmat.traw, bySPC/gut_ld_pruned_gtmat.traw, bySPC/ind_ld_pruned_gtmat.traw, bySPC/nig_ld_pruned_gtmat.traw, bySPC/pue_ld_pruned_gtmat.traw, bySPC/ran_ld_pruned_gtmat.traw, bySPC/tan_ld_pruned_gtmat.traw, bySPC/uni_ld_pruned_gtmat.traw, byALL/thinned_all_ld_pruned_gtmat.traw, byLOC/permanova_results/arc.lm.pairwise.csv, byLOC/permanova_results/bar.lm.pairwise.csv, byLOC/permanova_results/bel.lm.pairwise.csv, byLOC/permanova_results/boc.lm.pairwise.csv, byLOC/permanova_results/flk.lm.pairwise.csv, byLOC/permanova_results/gun.lm.pairwise.csv, byLOC/permanova_results/hon.lm.pairwise.csv, byLOC/permanova_results/liz.lm.pairwise.csv, byLOC/permanova_results/pri.lm.pairwise.csv, byLOC/permanova_results/qui.lm.pairwise.csv, bySPC/permanova_results/abe.sm.pairwise.csv, bySPC/permanova_results/aff.sm.pairwise.csv, bySPC/permanova_results/atl.sm.pairwise.csv, bySPC/permanova_results/chl.sm.pairwise.csv, bySPC/permanova_results/gem.sm.pairwise.csv, bySPC/permanova_results/gum.sm.pairwise.csv, bySPC/permanova_results/gut.sm.pairwise.csv, bySPC/permanova_results/ind.sm.pairwise.csv, bySPC/permanova_results/nig.sm.pairwise.csv, bySPC/permanova_results/pue.sm.pairwise.csv, bySPC/permanova_results/ran.sm.pairwise.csv, bySPC/permanova_results/tan.sm.pairwise.csv, bySPC/permanova_results/uni.sm.pairwise.csv, byALL/permanova_results/all.lm.pairwise.csv, byALL/permanova_results/all.sm.pairwise.csv
    output: /fs/dss/work/doau0129/hamlet_pheno/figures/Fig3_gLocPCA.png, /fs/dss/work/doau0129/hamlet_pheno/figures/Fig4_gAllPCA.png, /fs/dss/work/doau0129/hamlet_pheno/figures/FigS11_gAllVAR.png, /fs/dss/work/doau0129/hamlet_pheno/figures/FigS12_gLocSUP.png, /fs/dss/work/doau0129/hamlet_pheno/figures/FigS13_gLocPERM.png, /fs/dss/work/doau0129/hamlet_pheno/figures/FigS14_gAllPERM.png, /fs/dss/work/doau0129/hamlet_pheno/figures/FigS15_gSpe.png
    jobid: 100
    reason: Missing output files: /fs/dss/work/doau0129/hamlet_pheno/figures/FigS11_gAllVAR.png, /fs/dss/work/doau0129/hamlet_pheno/figures/FigS15_gSpe.png, /fs/dss/work/doau0129/hamlet_pheno/figures/FigS12_gLocSUP.png, /fs/dss/work/doau0129/hamlet_pheno/figures/Fig3_gLocPCA.png, /fs/dss/work/doau0129/hamlet_pheno/figures/Fig4_gAllPCA.png, /fs/dss/work/doau0129/hamlet_pheno/figures/FigS14_gAllPERM.png, /fs/dss/work/doau0129/hamlet_pheno/figures/FigS13_gLocPERM.png
    resources: mem_mb=2000, mem_mib=1908, disk_mb=16090, disk_mib=15345, tmpdir=/tmp, time=2:00:00, threads=1
[Wed Nov  5 15:21:24 2025]
Finished jobid: 100 (Rule: pca_plot)
1 of 2 steps (50%) done
Select jobs to execute...
Execute 1 jobs...
[Wed Nov  5 15:21:24 2025]
localrule all:
    input: byLOC/arc.txt, byLOC/bar.txt, byLOC/bel.txt, byLOC/boc.txt, byLOC/flk.txt, byLOC/gun.txt, byLOC/hon.txt, byLOC/liz.txt, byLOC/pri.txt, byLOC/qui.txt, bySPC/abe.txt, bySPC/aff.txt, bySPC/atl.txt, bySPC/chl.txt, bySPC/gem.txt, bySPC/gum.txt, bySPC/gut.txt, bySPC/ind.txt, bySPC/nig.txt, bySPC/pue.txt, bySPC/ran.txt, bySPC/tan.txt, bySPC/uni.txt, byLOC/arc.vcf.gz, byLOC/bar.vcf.gz, byLOC/bel.vcf.gz, byLOC/boc.vcf.gz, byLOC/flk.vcf.gz, byLOC/gun.vcf.gz, byLOC/hon.vcf.gz, byLOC/liz.vcf.gz, byLOC/pri.vcf.gz, byLOC/qui.vcf.gz, bySPC/abe.vcf.gz, bySPC/aff.vcf.gz, bySPC/atl.vcf.gz, bySPC/chl.vcf.gz, bySPC/gem.vcf.gz, bySPC/gum.vcf.gz, bySPC/gut.vcf.gz, bySPC/ind.vcf.gz, bySPC/nig.vcf.gz, bySPC/pue.vcf.gz, bySPC/ran.vcf.gz, bySPC/tan.vcf.gz, bySPC/uni.vcf.gz, byLOC/arc_ld_pruned_gtmat.traw, byLOC/bar_ld_pruned_gtmat.traw, byLOC/bel_ld_pruned_gtmat.traw, byLOC/boc_ld_pruned_gtmat.traw, byLOC/flk_ld_pruned_gtmat.traw, byLOC/gun_ld_pruned_gtmat.traw, byLOC/hon_ld_pruned_gtmat.traw, byLOC/liz_ld_pruned_gtmat.traw, byLOC/pri_ld_pruned_gtmat.traw, byLOC/qui_ld_pruned_gtmat.traw, bySPC/abe_ld_pruned_gtmat.traw, bySPC/aff_ld_pruned_gtmat.traw, bySPC/atl_ld_pruned_gtmat.traw, bySPC/chl_ld_pruned_gtmat.traw, bySPC/gem_ld_pruned_gtmat.traw, bySPC/gum_ld_pruned_gtmat.traw, bySPC/gut_ld_pruned_gtmat.traw, bySPC/ind_ld_pruned_gtmat.traw, bySPC/nig_ld_pruned_gtmat.traw, bySPC/pue_ld_pruned_gtmat.traw, bySPC/ran_ld_pruned_gtmat.traw, bySPC/tan_ld_pruned_gtmat.traw, bySPC/uni_ld_pruned_gtmat.traw, byALL/all_ld_pruned_gtmat.traw, byALL/thinned_all_ld_pruned_gtmat.traw, byLOC/permanova_results/arc.lm.pairwise.csv, byLOC/permanova_results/bar.lm.pairwise.csv, byLOC/permanova_results/bel.lm.pairwise.csv, byLOC/permanova_results/boc.lm.pairwise.csv, byLOC/permanova_results/flk.lm.pairwise.csv, byLOC/permanova_results/gun.lm.pairwise.csv, byLOC/permanova_results/hon.lm.pairwise.csv, byLOC/permanova_results/liz.lm.pairwise.csv, byLOC/permanova_results/pri.lm.pairwise.csv, byLOC/permanova_results/qui.lm.pairwise.csv, bySPC/permanova_results/abe.sm.pairwise.csv, bySPC/permanova_results/aff.sm.pairwise.csv, bySPC/permanova_results/atl.sm.pairwise.csv, bySPC/permanova_results/chl.sm.pairwise.csv, bySPC/permanova_results/gem.sm.pairwise.csv, bySPC/permanova_results/gum.sm.pairwise.csv, bySPC/permanova_results/gut.sm.pairwise.csv, bySPC/permanova_results/ind.sm.pairwise.csv, bySPC/permanova_results/nig.sm.pairwise.csv, bySPC/permanova_results/pue.sm.pairwise.csv, bySPC/permanova_results/ran.sm.pairwise.csv, bySPC/permanova_results/tan.sm.pairwise.csv, bySPC/permanova_results/uni.sm.pairwise.csv, byALL/permanova_results/all.sm.pairwise.csv, byALL/permanova_results/all.lm.pairwise.csv, /fs/dss/work/doau0129/hamlet_pheno/figures/Fig3_gLocPCA.png, /fs/dss/work/doau0129/hamlet_pheno/figures/Fig4_gAllPCA.png, /fs/dss/work/doau0129/hamlet_pheno/figures/FigS11_gAllVAR.png, /fs/dss/work/doau0129/hamlet_pheno/figures/FigS12_gLocSUP.png, /fs/dss/work/doau0129/hamlet_pheno/figures/FigS13_gLocPERM.png, /fs/dss/work/doau0129/hamlet_pheno/figures/FigS14_gAllPERM.png, /fs/dss/work/doau0129/hamlet_pheno/figures/FigS15_gSpe.png
    jobid: 0
    reason: Input files updated by another job: /fs/dss/work/doau0129/hamlet_pheno/figures/FigS11_gAllVAR.png, /fs/dss/work/doau0129/hamlet_pheno/figures/FigS15_gSpe.png, /fs/dss/work/doau0129/hamlet_pheno/figures/FigS12_gLocSUP.png, /fs/dss/work/doau0129/hamlet_pheno/figures/Fig3_gLocPCA.png, /fs/dss/work/doau0129/hamlet_pheno/figures/Fig4_gAllPCA.png, /fs/dss/work/doau0129/hamlet_pheno/figures/FigS14_gAllPERM.png, /fs/dss/work/doau0129/hamlet_pheno/figures/FigS13_gLocPERM.png
    resources: mem_mb=4000, mem_mib=3815, disk_mb=27931, disk_mib=26638, tmpdir=/tmp, time=2:00:00, threads=1
[Wed Nov  5 15:21:24 2025]
Finished jobid: 0 (Rule: all)
2 of 2 steps (100%) done
Complete log(s): /fs/dss/work/doau0129/hamlet_pheno/2_popgen/.snakemake/log/2025-11-05T151524.985136.snakemake.log
