Assuming unrestricted shared filesystem usage.
host: hpcl001
Building DAG of jobs...
IncompleteFilesException:
The files below seem to be incomplete. If you are sure that certain files are not incomplete, mark them as complete with

    snakemake --cleanup-metadata <filenames>

To re-generate the files rerun your command with the --rerun-incomplete flag.
Incomplete files:
byLOC/arc.vcf.gz
byLOC/bar.vcf.gz
byLOC/bel.vcf.gz
byLOC/boc.vcf.gz
byLOC/flk.vcf.gz
byLOC/gun.vcf.gz
byLOC/hon.vcf.gz
byLOC/liz.vcf.gz
byLOC/pri.vcf.gz
byLOC/qui.vcf.gz
bySPC/abe.vcf.gz
bySPC/aff.vcf.gz
bySPC/atl.vcf.gz
bySPC/chl.vcf.gz
bySPC/gem.vcf.gz
bySPC/gum.vcf.gz
bySPC/gut.vcf.gz
bySPC/ind.vcf.gz
bySPC/nig.vcf.gz
bySPC/pue.vcf.gz
bySPC/ran.vcf.gz
bySPC/tan.vcf.gz
bySPC/uni.vcf.gz
