Assuming unrestricted shared filesystem usage.
host: hpcl002
Building DAG of jobs...
Using shell: /usr/bin/bash
Provided cores: 24
Rules claiming more threads will be scaled down.
Job stats:
job                        count
-----------------------  -------
all                            1
all_plink                      1
pca_plot                       1
plink_processing              23
run_permanova                 23
split_samples_locations       10
split_samples_species         13
subset_vcf                    23
thin_ld_pruned                 1
total                         96

Select jobs to execute...
Execute 24 jobs...
[Tue Nov  4 10:05:06 2025]
localrule split_samples_species:
    input: /fs/dss/work/doau0129/hamlet_pheno/metadata/geno_names.txt
    output: bySPC/gem.txt
    jobid: 15
    reason: Updated input files: /fs/dss/work/doau0129/hamlet_pheno/metadata/geno_names.txt
    wildcards: dataset=gem
    resources: mem_mb=4000, mem_mib=3815, disk_mb=1000, disk_mib=954, tmpdir=/tmp, time=2:00:00, threads=1
[Tue Nov  4 10:05:06 2025]
localrule split_samples_species:
    input: /fs/dss/work/doau0129/hamlet_pheno/metadata/geno_names.txt
    output: bySPC/chl.txt
    jobid: 14
    reason: Updated input files: /fs/dss/work/doau0129/hamlet_pheno/metadata/geno_names.txt
    wildcards: dataset=chl
    resources: mem_mb=4000, mem_mib=3815, disk_mb=1000, disk_mib=954, tmpdir=/tmp, time=2:00:00, threads=1
[Tue Nov  4 10:05:06 2025]
localrule split_samples_species:
    input: /fs/dss/work/doau0129/hamlet_pheno/metadata/geno_names.txt
    output: bySPC/atl.txt
    jobid: 13
    reason: Updated input files: /fs/dss/work/doau0129/hamlet_pheno/metadata/geno_names.txt
    wildcards: dataset=atl
    resources: mem_mb=4000, mem_mib=3815, disk_mb=1000, disk_mib=954, tmpdir=/tmp, time=2:00:00, threads=1
[Tue Nov  4 10:05:06 2025]
localrule split_samples_species:
    input: /fs/dss/work/doau0129/hamlet_pheno/metadata/geno_names.txt
    output: bySPC/aff.txt
    jobid: 12
    reason: Updated input files: /fs/dss/work/doau0129/hamlet_pheno/metadata/geno_names.txt
    wildcards: dataset=aff
    resources: mem_mb=4000, mem_mib=3815, disk_mb=1000, disk_mib=954, tmpdir=/tmp, time=2:00:00, threads=1
[Tue Nov  4 10:05:06 2025]
localrule split_samples_species:
    input: /fs/dss/work/doau0129/hamlet_pheno/metadata/geno_names.txt
    output: bySPC/abe.txt
    jobid: 11
    reason: Updated input files: /fs/dss/work/doau0129/hamlet_pheno/metadata/geno_names.txt
    wildcards: dataset=abe
    resources: mem_mb=4000, mem_mib=3815, disk_mb=1000, disk_mib=954, tmpdir=/tmp, time=2:00:00, threads=1
[Tue Nov  4 10:05:06 2025]
localrule split_samples_locations:
    input: /fs/dss/work/doau0129/hamlet_pheno/metadata/geno_names.txt
    output: byLOC/qui.txt
    jobid: 10
    reason: Updated input files: /fs/dss/work/doau0129/hamlet_pheno/metadata/geno_names.txt
    wildcards: dataset=qui
    resources: mem_mb=4000, mem_mib=3815, disk_mb=1000, disk_mib=954, tmpdir=/tmp, time=2:00:00, threads=1
RuleException in rule all_plink in file "/fs/dss/work/doau0129/hamlet_pheno/2_popgen/Snakefile", line 218:
NameError: The name 'prefix' is unknown in this context. Please make sure that you defined that variable. Also note that braces not used for variable access have to be escaped by repeating them, i.e. {{print $1}}, when formatting the following:

        # Create index for vcf file
        bcftools index {input.VCF_FILE}

        # Create base prefix (remove folder and extensions)
        prefix="all"

        # Step 1: Convert to PLINK binary
        plink --vcf {input.VCF_FILE} --allow-extra-chr --make-bed --out byALL/${prefix}

        # Step 2: Filter for MAF and missingness
        plink --bfile byALL/${prefix} \
              --maf 0.05 --geno 0.05 --allow-extra-chr --make-bed \
              --out byALL/${prefix}.flt

        # Step 3: LD pruning
        plink --bfile byALL/${prefix}.flt \
              --indep-pairwise 50 10 0.2 --allow-extra-chr \
              --out byALL/${prefix}.ld

        plink --bfile byALL/${prefix}.flt \
              --extract byALL/${prefix}.ld.prune.in \
              --allow-extra-chr --make-bed \
              --out byALL/${prefix}.ld.pruned

        # Step 4: Export genotype matrix (transposed)
        plink --bfile byALL/${prefix}.ld.pruned \
              --recode A-transpose --allow-extra-chr \
              --out byALL/${prefix}_ld_pruned_gtmat
        
